Starting Dynare (version 4.4.3).
Starting preprocessing of the model file ...
Found 41 equation(s).
Evaluating expressions...done
Computing static model derivatives:
 - order 1
Computing dynamic model derivatives:
 - order 1
Processing outputs ...done
Preprocessing completed.
Starting MATLAB/Octave computing.




Residuals of the static equations:

Equation number 1 : 0 : eq01 Calvo wage
Equation number 2 : 0 : eq02 Calvo wage
Equation number 3 : 0 : eq03 Calvo wage
Equation number 4 : 0 : eq04 Calvo wage
Equation number 5 : 0
Equation number 6 : 0
Equation number 7 : 0
Equation number 8 : 0
Equation number 9 : 0
Equation number 10 : 0
Equation number 11 : 0
Equation number 12 : 0
Equation number 13 : 0
Equation number 14 : 0
Equation number 15 : 0
Equation number 16 : 0
Equation number 17 : 0
Equation number 18 : 0
Equation number 19 : 0
Equation number 20 : 0
Equation number 21 : 0 : eq21 technology
Equation number 22 : 0 : eq22 technology
Equation number 23 : 0 : eq23 technology
Equation number 24 : 0 : eq24 technology
Equation number 25 : 0 : eq25 technology
Equation number 26 : 0
Equation number 27 : 0 : a01 utility
Equation number 28 : 0 : a01 utility
Equation number 29 : 0
Equation number 30 : 0
Equation number 31 : 0
Equation number 32 : 0
Equation number 33 : 0
Equation number 34 : 0
Equation number 35 : 0
Equation number 36 : 0
Equation number 37 : 0
Equation number 38 : 0
Equation number 39 : 0
Equation number 40 : 0
Equation number 41 : 0



STEADY-STATE RESULTS:

h_1     		 0.0258662
h_2     		 0.784747
wp      		 -0.461443
w       		 -0.496721
Q       		 0
Z       		 -0.42075
CA      		 -0.714942
lambdax 		 4.8452
lambdak 		 4.8452
lambdae 		 3.27859
Xk      		 -1.98791
uk      		 0
rk      		 -2.88768
K       		 1.3886
Ical    		 -0.248461
Ycal    		 0.170955
L       		 0
mc      		 -0.541131
tau     		 0.34
Pi      		 0.00625
R       		 0.01375
Ra      		 0.01375
mun     		 0.00317184
mux     		 0.003
muy     		 0.00425
muk     		 0.00725
U       		 0.207618
Gx      		 1.00426
S       		 0
Sp      		 0
a       		 0
ap      		 0.0376941
chi     		 0
Mcal    		 1
muu     		 0
C       		 -0.324366
I       		 -1.59733
Y       		 -0.0775059
lp      		 -0.0775059
ls      		 -0.419215
u       		 -0.248461

EIGENVALUES:
         Modulus             Real        Imaginary

               0                0                0
       1.194e-16       -1.194e-16                0
       2.014e-15        2.014e-15                0
             0.5              0.5                0
          0.6569           0.6569                0
          0.7887           0.7767           0.1368
          0.7887           0.7767          -0.1368
          0.8932           0.8932                0
           0.981            0.981                0
            0.99             0.99                0
           1.013            1.009          0.09672
           1.013            1.009         -0.09672
            1.02            1.013           0.1164
            1.02            1.013          -0.1164
           1.243            1.243                0
            1.35             1.35                0
           1.496            1.496                0
       3.578e+16       -3.578e+16                0
             Inf              Inf                0
             Inf              Inf                0
             Inf              Inf                0
             Inf              Inf                0
             Inf              Inf                0
             Inf              Inf                0
             Inf              Inf                0
             Inf              Inf                0
             Inf              Inf                0
             Inf              Inf                0


There are 18 eigenvalue(s) larger than 1 in modulus 
for 18 forward-looking variable(s)

The rank condition is verified.


You did not declare endogenous variables after the estimation/calib_smoother command.


The posterior mode file model_mh_mode has been generated using another specification of the model or another model!

Loading 10 observations from dummy_data.mat

Initial value of the log posterior (or likelihood): -104.7338
{Error using <a href="matlab:matlab.lang.internal.introspective.errorDocCallback('waitbar', 'C:\Program Files\MATLAB\R2024a\toolbox\matlab\uitools\waitbar.m', 111)" style="font-weight:bold">waitbar</a> (<a href="matlab: opentoline('C:\Program Files\MATLAB\R2024a\toolbox\matlab\uitools\waitbar.m',111,0)">line 111</a>)
The second argument must be a message character vector or a handle to an existing waitbar.

Error in <a href="matlab:matlab.lang.internal.introspective.errorDocCallback('dyn_waitbar', 'C:\dynare\4.4.3\matlab\dyn_waitbar.m', 70)" style="font-weight:bold">dyn_waitbar</a> (<a href="matlab: opentoline('C:\dynare\4.4.3\matlab\dyn_waitbar.m',70,0)">line 70</a>)
            waitbar(prctdone,varargin{:});

Error in <a href="matlab:matlab.lang.internal.introspective.errorDocCallback('gmhmaxlik', 'C:\dynare\4.4.3\matlab\gmhmaxlik.m', 125)" style="font-weight:bold">gmhmaxlik</a> (<a href="matlab: opentoline('C:\dynare\4.4.3\matlab\gmhmaxlik.m',125,0)">line 125</a>)
        dyn_waitbar(prtfrc,hh,sprintf('Acceptance ratio [during last 500]: %f [%f]',isux/j,jsux/jj));

Error in <a href="matlab:matlab.lang.internal.introspective.errorDocCallback('dynare_estimation_1', 'C:\Users\zhesh\Dropbox\Cowork\Sunk vacancy costs endogenous product variety labor market frictions\Towards estimation\EstimationDynare4.4.3\DynareImpRespMatching\dynare_estimation_1.m', 426)" style="font-weight:bold">dynare_estimation_1</a> (<a href="matlab: opentoline('C:\Users\zhesh\Dropbox\Cowork\Sunk vacancy costs endogenous product variety labor market frictions\Towards estimation\EstimationDynare4.4.3\DynareImpRespMatching\dynare_estimation_1.m',426,0)">line 426</a>)
                    gmhmaxlik(objective_function,xparam1,[lb ub],gmhmaxlikOptions,Scale,flag,MeanPar,CovJump,dataset_,options_,M_,estim_params_,bayestopt_,oo_);

Error in <a href="matlab:matlab.lang.internal.introspective.errorDocCallback('dynare_estimation', 'C:\dynare\4.4.3\matlab\dynare_estimation.m', 89)" style="font-weight:bold">dynare_estimation</a> (<a href="matlab: opentoline('C:\dynare\4.4.3\matlab\dynare_estimation.m',89,0)">line 89</a>)
    dynare_estimation_1(var_list,dname);

Error in <a href="matlab:matlab.lang.internal.introspective.errorDocCallback('model', 'C:\Users\zhesh\Dropbox\Cowork\Sunk vacancy costs endogenous product variety labor market frictions\Towards estimation\EstimationDynare4.4.3\model.m', 393)" style="font-weight:bold">model</a> (<a href="matlab: opentoline('C:\Users\zhesh\Dropbox\Cowork\Sunk vacancy costs endogenous product variety labor market frictions\Towards estimation\EstimationDynare4.4.3\model.m',393,0)">line 393</a>)
dynare_estimation(var_list_);

Error in <a href="matlab:matlab.lang.internal.introspective.errorDocCallback('dynare', 'C:\dynare\4.4.3\matlab\dynare.m', 180)" style="font-weight:bold">dynare</a> (<a href="matlab: opentoline('C:\dynare\4.4.3\matlab\dynare.m',180,0)">line 180</a>)
evalin('base',fname) ;

Error in <a href="matlab:matlab.lang.internal.introspective.errorDocCallback('Main', 'C:\Users\zhesh\Dropbox\Cowork\Sunk vacancy costs endogenous product variety labor market frictions\Towards estimation\EstimationDynare4.4.3\Main.m', 10)" style="font-weight:bold">Main</a> (<a href="matlab: opentoline('C:\Users\zhesh\Dropbox\Cowork\Sunk vacancy costs endogenous product variety labor market frictions\Towards estimation\EstimationDynare4.4.3\Mainclear
clc
>line 10</a>)
dynare model;
} 
clear
clc
