Starting Dynare (version 4.4.3).
Starting preprocessing of the model file ...
Substitution of endo lags >= 2: added 17 auxiliary variables and equations.
Found 58 equation(s).
Evaluating expressions...done
Computing static model derivatives:
 - order 1
Computing dynamic model derivatives:
 - order 1
Processing outputs ...done
Preprocessing completed.
Starting MATLAB/Octave computing.




Residuals of the static equations:

Equation number 1 : 0 : Market tightness
Equation number 2 : 0 : Job finding probability
Equation number 3 : 0 : Vacancy filling probability
Equation number 4 : 0 : Relative price
Equation number 5 : 0 : Lagrangian multiplier
Equation number 6 : 0 : Firm value relative to price
Equation number 7 : 0 : Firm value
Equation number 8 : 0 : Business entrants
Equation number 9 : 0 : Job creation condition
Equation number 10 : 0 : Expected discounted difference in vacancy value
Equation number 11 : 0 : Value of a vacancy
Equation number 12 : 0 : Marginal revenue product
Equation number 13 : 0 : Wage equation
Equation number 14 : 0 : LOM of firms
Equation number 15 : 0 : LOM of unemployment
Equation number 16 : 0 : LOM of vacancies
Equation number 17 : 0 : Aggregate labor
Equation number 18 : 0 : Composition of labor
Equation number 19 : 0 : Retail output: resources
Equation number 20 : 0 : Sunk vacancy posting costs
Equation number 21 : 0 : Retail output: expenditure
Equation number 22 : 0 : Output: expenditure
Equation number 23 : 0 : Output: income
Equation number 24 : 0 : Labor share
Equation number 25 : 0 : Labor productivity (data consistent)
Equation number 26 : 0 : Aggregate separation rate
Equation number 27 : 0 : Labor productivity process
Equation number 28 : 0 : Product line destruction process
Equation number 29 : 0 : Separation rate process
Equation number 30 : 0 : Unemployment observation
Equation number 31 : 0 : Vacancy observation
Equation number 32 : 0 : Tightness observation
Equation number 33 : 0 : Labor productivity observation
Equation number 34 : 0 : Job separation observation
Equation number 35 : 0 : Business formation observation
Equation number 36 : 0 : Lag unemployment observation
Equation number 37 : 0 : Lag vacancy observation
Equation number 38 : 0 : Lag tightness observation
Equation number 39 : 0 : Lag labor productivity observation
Equation number 40 : 0 : Lag job separation observation
Equation number 41 : 0 : Lag business formation observation



STEADY-STATE RESULTS:

theta             		 0.5125
f                 		 0.41339
q                 		 0.806614
p                 		 1
lam               		 0.833721
nu_f              		 21.8308
d_f               		 0.252706
N_e               		 0.0082678
K                 		 0.170344
Q                 		 14.8861
e                 		 0.007919
w_R               		 1.24334
w                 		 1
N                 		 1
u                 		 0.0702948
v                 		 0.0360261
L                 		 0.929705
L_e               		 0.145168
L_c               		 0.784537
Omega             		 0.0556498
C                 		 1.11727
Y_c               		 1.22815
Y                 		 1.40864
ls                		 0.66
lp                		 1.51515
s_agg             		 0.031
log_z             		 0.448171
log_delta         		 -4.80362
log_s             		 -3.77276
u_obs             		 -2.65506
v_obs             		 -3.32351
theta_obs         		 -0.668455
lp_obs            		 0.415515
tau_obs           		 -3.47377
bf_obs            		 -3.69678
u_obs_lag         		 -2.65506
v_obs_lag         		 -3.32351
theta_obs_lag     		 -0.668455
lp_obs_lag        		 0.415515
tau_obs_lag       		 -3.47377
bf_obs_lag        		 -3.69678

EIGENVALUES:
         Modulus             Real        Imaginary

               0               -0                0
               0               -0                0
               0               -0                0
               0               -0                0
               0               -0                0
               0               -0                0
               0               -0                0
               0               -0                0
               0               -0                0
               0               -0                0
               0               -0                0
               0               -0                0
               0               -0                0
               0               -0                0
               0               -0                0
               0               -0                0
               0               -0                0
               0               -0                0
               0               -0                0
               0                0                0
               0                0                0
               0                0                0
               0                0                0
               0               -0                0
       6.591e-19        6.591e-19                0
       3.694e-17       -3.694e-17                0
         2.9e-16          2.9e-16                0
       4.364e-16       -4.364e-16                0
          0.4029           0.4029                0
          0.5958           0.5958                0
          0.7705           0.7705                0
          0.9695           0.9695                0
          0.9712           0.9712                0
          0.9924           0.9924                0
           1.022            1.022         0.002621
           1.022            1.022        -0.002621
           5.075            5.075                0
       1.296e+16        1.296e+16                0
       1.347e+16       -1.347e+16                0
       8.367e+16        8.367e+16                0
       9.309e+16       -9.309e+16                0
       2.076e+17       -2.076e+17                0


There are 8 eigenvalue(s) larger than 1 in modulus 
for 8 forward-looking variable(s)

The rank condition is verified.


You did not declare endogenous variables after the estimation/calib_smoother command.


Loading 10 observations from dummy_data.mat

Initial value of the log posterior (or likelihood): -1215.7755

RESULTS FROM POSTERIOR ESTIMATION
parameters
          prior mean     mode    s.d. prior pstdev

sigma         1.500   1.6400  0.0100 gamm  0.5000 
b_ratio       0.710   0.9230  0.0100 beta  0.2000 
x_v           0.500   0.1000  0.0100 beta  0.2500 
xi_inv        1.000   1.1183  0.0100 gamm  2.0000 
delta         0.008   0.0082  0.0100 beta  0.0050 
epsi          4.200   4.8600  0.0100 gamm  1.5000 
rho_z         0.800   0.7705  0.0100 beta  0.1000 
rho_delta     0.930   0.9712  0.0100 beta  0.0500 
rho_s         0.800   0.5958  0.0100 beta  0.1000 
sigma_z       0.010   0.0080  0.0100 invg  1.0000 
sigma_delta   0.020   0.0155  0.0100 invg  0.0100 
sigma_s       0.010   0.0409  0.0100 invg  1.0000 


Log data density [Laplace approximation] is -1260.010318.

Estimation::mcmc: I am loading past metropolis-hastings simulations...
Estimation::mcmc: I am writting a new mh-history file... Done.
Estimation::mcmc: Ok. I have loaded 900000 simulations.


Estimation::mcmc: Number of mh files: 124 per block.
Estimation::mcmc: Total number of generated files: 124.
Estimation::mcmc: Total number of iterations: 1100000.
Estimation::mcmc: Current acceptance ratio per chain: 
                                                       Chain  1: 60.7567%

Geweke (1992) Convergence Tests, based on means of draws 140000 to 152000 vs 170000 to 200000.
p-values are for Chi2-test for equality of means.
     Parameter 	   Post. Mean 	    Post. Std 	 p-val No Taper	 p-val 4% Taper	 p-val 8% Taper	 p-val 15% Taper
   sigma       	        0.678 	        0.222 	        0.000	        0.000	        0.000	        0.000
   b_ratio     	        0.756 	        0.199 	        0.000	        0.000	        0.000	        0.005
   x_v         	        0.330 	        0.237 	        0.000	        0.000	        0.000	        0.000
   xi_inv      	        2.005 	        2.222 	        0.000	        0.000	        0.000	        0.004
   delta       	        0.019 	        0.005 	        0.000	        0.000	        0.000	        0.000
   epsi        	        4.538 	        0.547 	        0.000	        0.000	        0.000	        0.000
   rho_z       	        0.833 	        0.148 	        0.000	        0.000	        0.000	        0.000
   rho_delta   	        0.989 	        0.098 	        0.000	        0.207	        0.208	        0.212
   rho_s       	        0.927 	        0.098 	        0.000	        0.170	        0.228	        0.308
   sigma_z     	        0.005 	        0.002 	        0.000	        0.000	        0.000	        0.001
   sigma_delta 	        0.030 	        0.015 	        0.000	        0.000	        0.000	        0.000
   sigma_s     	        0.058 	        0.050 	        0.000	        0.000	        0.000	        0.001


Estimation::mcmc: Total number of MH draws: 1100000.
Estimation::mcmc: Total number of generated MH files: 124.
Estimation::mcmc: I'll use mh-files 87 to 124.
Estimation::mcmc: In MH-file number 87 I'll start at line 2106.
Estimation::mcmc: Finally I keep 330000 draws.

Estimation::marginal density: I'm computing the posterior mean and covariance...  Done!
Estimation::marginal density: I'm computing the posterior log marginal density (modified harmonic mean)... Done!


ESTIMATION RESULTS

Log data density is -252.988108.
posterior_moments: There are not enough draws computes to compute HPD Intervals. Skipping their computation.
posterior_moments: There are not enough draws computes to compute deciles. Skipping their computation.

parameters
              prior mean   post. mean        95% HPD interval    prior       pstdev

sigma              1.500       0.4821      0.4674      0.4943   gamma       0.5000
b_ratio            0.710       0.9462      0.9261      0.9622   beta        0.2000
x_v                0.500       0.5652      0.5529      0.5843   beta        0.2500
xi_inv             1.000       0.0072      0.0034      0.0133   gamma       2.0000
delta              0.008       0.0146      0.0116      0.0177   beta        0.0050
epsi               4.200       4.8279      4.8024      4.8542   gamma       1.5000
rho_z              0.800       0.7154      0.6902      0.7418   beta        0.1000
rho_delta          0.930       0.9993      0.9989      0.9996   beta        0.0500
rho_s              0.800       0.9704      0.9562      0.9823   beta        0.1000
sigma_z            0.010       0.0059      0.0037      0.0081   invg        1.0000
sigma_delta        0.020       0.0165      0.0131      0.0206   invg        0.0100
sigma_s            0.010       0.0872      0.0579      0.1294   invg        1.0000
 
Correlations of Parameters (at Posterior Mode) > 0.7
Total computing time : 0h29m49s
