This is pdfTeX, Version 3.141592653-2.6-1.40.28 (MiKTeX 25.12) (preloaded format=pdflatex 2026.7.14)  6 SEP 2026 17:07
entering extended mode
 restricted \write18 enabled.
 %&-line parsing enabled.
**./Draft.tex
(Draft.tex
LaTeX2e <2025-11-01>
L3 programming layer <2025-12-24>

(C:\Users\msilv\AppData\Local\Programs\MiKTeX\tex/latex/elsarticle\elsarticle.c
ls
Document Class: elsarticle 2026/01/09, 3.5: Elsevier Ltd
(C:\Users\msilv\AppData\Local\Programs\MiKTeX\tex/latex/base\fontenc.sty
Package: fontenc 2025/07/18 v2.1d Standard LaTeX package
)
(C:\Users\msilv\AppData\Local\Programs\MiKTeX\tex/latex/l3kernel\expl3.sty
Package: expl3 2025-12-24 L3 programming layer (loader) 

(C:\Users\msilv\AppData\Local\Programs\MiKTeX\tex/latex/l3backend\l3backend-pdf
tex.def
File: l3backend-pdftex.def 2025-10-09 L3 backend support: PDF output (pdfTeX)
\l__color_backend_stack_int=\count275
))
(C:\Users\msilv\AppData\Local\Programs\MiKTeX\tex/latex/l3packages/xparse\xpars
e.sty
Package: xparse 2025-10-09 L3 Experimental document command parser
)
(C:\Users\msilv\AppData\Local\Programs\MiKTeX\tex/latex/etoolbox\etoolbox.sty
Package: etoolbox 2025/10/02 v2.5m e-TeX tools for LaTeX (JAW)
\etb@tempcnta=\count276
)
\@bls=\dimen148

(C:\Users\msilv\AppData\Local\Programs\MiKTeX\tex/latex/base\article.cls
Document Class: article 2025/01/22 v1.4n Standard LaTeX document class
(C:\Users\msilv\AppData\Local\Programs\MiKTeX\tex/latex/base\size12.clo
File: size12.clo 2025/01/22 v1.4n Standard LaTeX file (size option)
)
\c@part=\count277
\c@section=\count278
\c@subsection=\count279
\c@subsubsection=\count280
\c@paragraph=\count281
\c@subparagraph=\count282
\c@figure=\count283
\c@table=\count284
\abovecaptionskip=\skip49
\belowcaptionskip=\skip50
\bibindent=\dimen149
)
(C:\Users\msilv\AppData\Local\Programs\MiKTeX\tex/latex/graphics\graphicx.sty
Package: graphicx 2024/12/31 v1.2e Enhanced LaTeX Graphics (DPC,SPQR)

(C:\Users\msilv\AppData\Local\Programs\MiKTeX\tex/latex/graphics\keyval.sty
Package: keyval 2022/05/29 v1.15 key=value parser (DPC)
\KV@toks@=\toks17
)
(C:\Users\msilv\AppData\Local\Programs\MiKTeX\tex/latex/graphics\graphics.sty
Package: graphics 2024/08/06 v1.4g Standard LaTeX Graphics (DPC,SPQR)

(C:\Users\msilv\AppData\Local\Programs\MiKTeX\tex/latex/graphics\trig.sty
Package: trig 2023/12/02 v1.11 sin cos tan (DPC)
)
(C:\Users\msilv\AppData\Local\Programs\MiKTeX\tex/latex/graphics-cfg\graphics.c
fg
File: graphics.cfg 2016/06/04 v1.11 sample graphics configuration
)
Package graphics Info: Driver file: pdftex.def on input line 106.

(C:\Users\msilv\AppData\Local\Programs\MiKTeX\tex/latex/graphics-def\pdftex.def
File: pdftex.def 2025/09/29 v1.2d Graphics/color driver for pdftex
))
\Gin@req@height=\dimen150
\Gin@req@width=\dimen151
)
\c@tnote=\count285
\c@fnote=\count286
\c@cnote=\count287
\c@ead=\count288
\c@elsarticle@author=\count289
\@eadauthor=\toks18
\c@affn=\count290
\absbox=\box53
\elsarticlehighlightsbox=\box54
\elsarticlegrabsbox=\box55
\keybox=\box56
\Columnwidth=\dimen152
\space@left=\dimen153
\els@boxa=\box57
\els@boxb=\box58
\leftMargin=\dimen154
\@enLab=\toks19
\@sep=\skip51
\@@sep=\skip52
 (Draft.spl)
(C:\Users\msilv\AppData\Local\Programs\MiKTeX\tex/latex/natbib\natbib.sty
Package: natbib 2010/09/13 8.31b (PWD, AO)
\bibhang=\skip53
\bibsep=\skip54
LaTeX Info: Redefining \cite on input line 694.
\c@NAT@ctr=\count291
)
\splwrite=\write3
\openout3 = `Draft.spl'.

\appnamewidth=\dimen155
)
(C:\Users\msilv\AppData\Local\Programs\MiKTeX\tex/latex/amsfonts\amssymb.sty
Package: amssymb 2013/01/14 v3.01 AMS font symbols

(C:\Users\msilv\AppData\Local\Programs\MiKTeX\tex/latex/amsfonts\amsfonts.sty
Package: amsfonts 2013/01/14 v3.01 Basic AMSFonts support
\@emptytoks=\toks20
\symAMSa=\mathgroup4
\symAMSb=\mathgroup5
LaTeX Font Info:    Redeclaring math symbol \hbar on input line 98.
LaTeX Font Info:    Overwriting math alphabet `\mathfrak' in version `bold'
(Font)                  U/euf/m/n --> U/euf/b/n on input line 106.
)) (C:\Users\msilv\AppData\Local\Programs\MiKTeX\tex/latex/amsmath\amsmath.sty
Package: amsmath 2025/07/09 v2.17z AMS math features
\@mathmargin=\skip55

For additional information on amsmath, use the `?' option.
(C:\Users\msilv\AppData\Local\Programs\MiKTeX\tex/latex/amsmath\amstext.sty
Package: amstext 2024/11/17 v2.01 AMS text

(C:\Users\msilv\AppData\Local\Programs\MiKTeX\tex/latex/amsmath\amsgen.sty
File: amsgen.sty 1999/11/30 v2.0 generic functions
\@emptytoks=\toks21
\ex@=\dimen156
))
(C:\Users\msilv\AppData\Local\Programs\MiKTeX\tex/latex/amsmath\amsbsy.sty
Package: amsbsy 1999/11/29 v1.2d Bold Symbols
\pmbraise@=\dimen157
)
(C:\Users\msilv\AppData\Local\Programs\MiKTeX\tex/latex/amsmath\amsopn.sty
Package: amsopn 2022/04/08 v2.04 operator names
)
\inf@bad=\count292
LaTeX Info: Redefining \frac on input line 233.
\uproot@=\count293
\leftroot@=\count294
LaTeX Info: Redefining \overline on input line 398.
LaTeX Info: Redefining \colon on input line 409.
\classnum@=\count295
\DOTSCASE@=\count296
LaTeX Info: Redefining \ldots on input line 495.
LaTeX Info: Redefining \dots on input line 498.
LaTeX Info: Redefining \cdots on input line 619.
\Mathstrutbox@=\box59
\strutbox@=\box60
LaTeX Info: Redefining \big on input line 721.
LaTeX Info: Redefining \Big on input line 722.
LaTeX Info: Redefining \bigg on input line 723.
LaTeX Info: Redefining \Bigg on input line 724.
\big@size=\dimen158
LaTeX Font Info:    Redeclaring font encoding OML on input line 742.
LaTeX Font Info:    Redeclaring font encoding OMS on input line 743.
\macc@depth=\count297
LaTeX Info: Redefining \bmod on input line 904.
LaTeX Info: Redefining \pmod on input line 909.
LaTeX Info: Redefining \smash on input line 939.
LaTeX Info: Redefining \relbar on input line 969.
LaTeX Info: Redefining \Relbar on input line 970.
\c@MaxMatrixCols=\count298
\dotsspace@=\muskip17
\c@parentequation=\count299
\dspbrk@lvl=\count300
\tag@help=\toks22
\row@=\count301
\column@=\count302
\maxfields@=\count303
\andhelp@=\toks23
\eqnshift@=\dimen159
\alignsep@=\dimen160
\tagshift@=\dimen161
\tagwidth@=\dimen162
\totwidth@=\dimen163
\lineht@=\dimen164
\@envbody=\toks24
\multlinegap=\skip56
\multlinetaggap=\skip57
\mathdisplay@stack=\toks25
LaTeX Info: Redefining \[ on input line 2950.
LaTeX Info: Redefining \] on input line 2951.
)
(C:\Users\msilv\AppData\Local\Programs\MiKTeX\tex/latex/amscls\amsthm.sty
Package: amsthm 2020/05/29 v2.20.6
\thm@style=\toks26
\thm@bodyfont=\toks27
\thm@headfont=\toks28
\thm@notefont=\toks29
\thm@headpunct=\toks30
\thm@preskip=\skip58
\thm@postskip=\skip59
\thm@headsep=\skip60
\dth@everypar=\toks31
LaTeX Info: Redefining \qed on input line 273.
)
(C:\Users\msilv\AppData\Local\Programs\MiKTeX\tex/latex/psfrag\psfrag.sty
Package: psfrag 1998/04/11 v3.04 PSfrag (MCG)
\pfg@pcount=\count304
\pfg@scount=\count305
\pfg@temp=\write4
)
(C:\Users\msilv\AppData\Local\Programs\MiKTeX\tex/latex/comment\comment.sty
\CommentStream=\write5

Excluding comment 'comment')
(C:\Users\msilv\AppData\Local\Programs\MiKTeX\tex/latex/hyperref\hyperref.sty
Package: hyperref 2025-07-12 v7.01o Hypertext links for LaTeX

(C:\Users\msilv\AppData\Local\Programs\MiKTeX\tex/generic/iftex\iftex.sty
Package: iftex 2024/12/12 v1.0g TeX engine tests
)
(C:\Users\msilv\AppData\Local\Programs\MiKTeX\tex/latex/kvsetkeys\kvsetkeys.sty
Package: kvsetkeys 2022-10-05 v1.19 Key value parser (HO)
)
(C:\Users\msilv\AppData\Local\Programs\MiKTeX\tex/generic/kvdefinekeys\kvdefine
keys.sty
Package: kvdefinekeys 2019-12-19 v1.6 Define keys (HO)
)
(C:\Users\msilv\AppData\Local\Programs\MiKTeX\tex/generic/pdfescape\pdfescape.s
ty
Package: pdfescape 2019/12/09 v1.15 Implements pdfTeX's escape features (HO)

(C:\Users\msilv\AppData\Local\Programs\MiKTeX\tex/generic/ltxcmds\ltxcmds.sty
Package: ltxcmds 2023-12-04 v1.26 LaTeX kernel commands for general use (HO)
)
(C:\Users\msilv\AppData\Local\Programs\MiKTeX\tex/generic/pdftexcmds\pdftexcmds
.sty
Package: pdftexcmds 2020-06-27 v0.33 Utility functions of pdfTeX for LuaTeX (HO
)

(C:\Users\msilv\AppData\Local\Programs\MiKTeX\tex/generic/infwarerr\infwarerr.s
ty
Package: infwarerr 2019/12/03 v1.5 Providing info/warning/error messages (HO)
)
Package pdftexcmds Info: \pdf@primitive is available.
Package pdftexcmds Info: \pdf@ifprimitive is available.
Package pdftexcmds Info: \pdfdraftmode found.
))
(C:\Users\msilv\AppData\Local\Programs\MiKTeX\tex/latex/hycolor\hycolor.sty
Package: hycolor 2020-01-27 v1.10 Color options for hyperref/bookmark (HO)
)
(C:\Users\msilv\AppData\Local\Programs\MiKTeX\tex/latex/hyperref\nameref.sty
Package: nameref 2025-06-21 v2.57 Cross-referencing by name of section

(C:\Users\msilv\AppData\Local\Programs\MiKTeX\tex/latex/refcount\refcount.sty
Package: refcount 2019/12/15 v3.6 Data extraction from label references (HO)
)
(C:\Users\msilv\AppData\Local\Programs\MiKTeX\tex/generic/gettitlestring\gettit
lestring.sty
Package: gettitlestring 2019/12/15 v1.6 Cleanup title references (HO)

(C:\Users\msilv\AppData\Local\Programs\MiKTeX\tex/latex/kvoptions\kvoptions.sty
Package: kvoptions 2022-06-15 v3.15 Key value format for package options (HO)
))
\c@section@level=\count306
)
(C:\Users\msilv\AppData\Local\Programs\MiKTeX\tex/generic/stringenc\stringenc.s
ty
Package: stringenc 2019/11/29 v1.12 Convert strings between diff. encodings (HO
)
)
\@linkdim=\dimen165
\Hy@linkcounter=\count307
\Hy@pagecounter=\count308
 (C:\Users\msilv\AppData\Local\Programs\MiKTeX\tex/latex/hyperref\pd1enc.def
File: pd1enc.def 2025-07-12 v7.01o Hyperref: PDFDocEncoding definition (HO)
Now handling font encoding PD1 ...
... no UTF-8 mapping file for font encoding PD1
) (C:\Users\msilv\AppData\Local\Programs\MiKTeX\tex/generic/intcalc\intcalc.sty
Package: intcalc 2019/12/15 v1.3 Expandable calculations with integers (HO)
)
\Hy@SavedSpaceFactor=\count309
 (C:\Users\msilv\AppData\Local\Programs\MiKTeX\tex/latex/hyperref\puenc.def
File: puenc.def 2025-07-12 v7.01o Hyperref: PDF Unicode definition (HO)
Now handling font encoding PU ...
... no UTF-8 mapping file for font encoding PU
)
Package hyperref Info: Option `colorlinks' set `true' on input line 4066.
Package hyperref Info: Hyper figures OFF on input line 4195.
Package hyperref Info: Link nesting OFF on input line 4200.
Package hyperref Info: Hyper index ON on input line 4203.
Package hyperref Info: Plain pages OFF on input line 4210.
Package hyperref Info: Backreferencing OFF on input line 4215.
Package hyperref Info: Implicit mode ON; LaTeX internals redefined.
Package hyperref Info: Bookmarks ON on input line 4462.
\c@Hy@tempcnt=\count310

(C:\Users\msilv\AppData\Local\Programs\MiKTeX\tex/latex/url\url.sty
\Urlmuskip=\muskip18
Package: url 2013/09/16  ver 3.4  Verb mode for urls, etc.
)
LaTeX Info: Redefining \url on input line 4801.
\XeTeXLinkMargin=\dimen166

(C:\Users\msilv\AppData\Local\Programs\MiKTeX\tex/generic/bitset\bitset.sty
Package: bitset 2019/12/09 v1.3 Handle bit-vector datatype (HO)

(C:\Users\msilv\AppData\Local\Programs\MiKTeX\tex/generic/bigintcalc\bigintcalc
.sty
Package: bigintcalc 2019/12/15 v1.5 Expandable calculations on big integers (HO
)
))
\Fld@menulength=\count311
\Field@Width=\dimen167
\Fld@charsize=\dimen168
Package hyperref Info: Hyper figures OFF on input line 6078.
Package hyperref Info: Link nesting OFF on input line 6083.
Package hyperref Info: Hyper index ON on input line 6086.
Package hyperref Info: backreferencing OFF on input line 6093.
Package hyperref Info: Link coloring ON on input line 6096.
Package hyperref Info: Link coloring with OCG OFF on input line 6103.
Package hyperref Info: PDF/A mode OFF on input line 6108.
\Hy@abspage=\count312
\c@Item=\count313
\c@Hfootnote=\count314
)
Package hyperref Info: Driver (autodetected): hpdftex.

(C:\Users\msilv\AppData\Local\Programs\MiKTeX\tex/latex/hyperref\hpdftex.def
File: hpdftex.def 2025-07-12 v7.01o Hyperref driver for pdfTeX
\Fld@listcount=\count315
\c@bookmark@seq@number=\count316

(C:\Users\msilv\AppData\Local\Programs\MiKTeX\tex/latex/rerunfilecheck\rerunfil
echeck.sty
Package: rerunfilecheck 2025-06-21 v1.11 Rerun checks for auxiliary files (HO)

(C:\Users\msilv\AppData\Local\Programs\MiKTeX\tex/generic/uniquecounter\uniquec
ounter.sty
Package: uniquecounter 2019/12/15 v1.4 Provide unlimited unique counter (HO)
)
Package uniquecounter Info: New unique counter `rerunfilecheck' on input line 2
84.
)
\Hy@SectionHShift=\skip61
)
(C:\Users\msilv\AppData\Local\Programs\MiKTeX\tex/latex/mathtools\mathtools.sty
Package: mathtools 2024/10/04 v1.31 mathematical typesetting tools
(C:\Users\msilv\AppData\Local\Programs\MiKTeX\tex/latex/tools\calc.sty
Package: calc 2025/03/01 v4.3b Infix arithmetic (KKT,FJ)
\calc@Acount=\count317
\calc@Bcount=\count318
\calc@Adimen=\dimen169
\calc@Bdimen=\dimen170
\calc@Askip=\skip62
\calc@Bskip=\skip63
LaTeX Info: Redefining \setlength on input line 86.
LaTeX Info: Redefining \addtolength on input line 87.
\calc@Ccount=\count319
\calc@Cskip=\skip64
)
(C:\Users\msilv\AppData\Local\Programs\MiKTeX\tex/latex/mathtools\mhsetup.sty
Package: mhsetup 2021/03/18 v1.4 programming setup (MH)
)
\g_MT_multlinerow_int=\count320
\l_MT_multwidth_dim=\dimen171
\origjot=\skip65
\l_MT_shortvdotswithinadjustabove_dim=\dimen172
\l_MT_shortvdotswithinadjustbelow_dim=\dimen173
\l_MT_above_intertext_sep=\dimen174
\l_MT_below_intertext_sep=\dimen175
\l_MT_above_shortintertext_sep=\dimen176
\l_MT_below_shortintertext_sep=\dimen177
\xmathstrut@box=\box61
\xmathstrut@dim=\dimen178
) (C:\Users\msilv\AppData\Local\Programs\MiKTeX\tex/latex/makecell\makecell.sty
Package: makecell 2009/08/03 V0.1e Managing of Tab Column Heads and Cells

(C:\Users\msilv\AppData\Local\Programs\MiKTeX\tex/latex/tools\array.sty
Package: array 2025/09/25 v2.6n Tabular extension package (FMi)
\col@sep=\dimen179
\ar@mcellbox=\box62
\extrarowheight=\dimen180
\NC@list=\toks32
\extratabsurround=\skip66
\backup@length=\skip67
\ar@cellbox=\box63
)
\rotheadsize=\dimen181
\c@nlinenum=\count321
\TeXr@lab=\toks33
)
(C:\Users\msilv\AppData\Local\Programs\MiKTeX\tex/latex/base\alltt.sty
Package: alltt 2024/07/07 v2.0g defines alltt environment
)
(C:\Users\msilv\AppData\Local\Programs\MiKTeX\tex/latex/booktabs\booktabs.sty
Package: booktabs 2020/01/12 v1.61803398 Publication quality tables
\heavyrulewidth=\dimen182
\lightrulewidth=\dimen183
\cmidrulewidth=\dimen184
\belowrulesep=\dimen185
\belowbottomsep=\dimen186
\aboverulesep=\dimen187
\abovetopsep=\dimen188
\cmidrulesep=\dimen189
\cmidrulekern=\dimen190
\defaultaddspace=\dimen191
\@cmidla=\count322
\@cmidlb=\count323
\@aboverulesep=\dimen192
\@belowrulesep=\dimen193
\@thisruleclass=\count324
\@lastruleclass=\count325
\@thisrulewidth=\dimen194
)
(C:\Users\msilv\AppData\Local\Programs\MiKTeX\tex/latex/tools\longtable.sty
Package: longtable 2025-10-13 v4.24 Multi-page Table package (DPC)
\LTleft=\skip68
\LTright=\skip69
\LTpre=\skip70
\LTpost=\skip71
\LTchunksize=\count326
\LTcapwidth=\dimen195
\LT@head=\box64
\LT@firsthead=\box65
\LT@foot=\box66
\LT@lastfoot=\box67
\LT@gbox=\box68
\LT@cols=\count327
\LT@rows=\count328
\c@LT@tables=\count329
\c@LT@chunks=\count330
\LT@p@ftn=\toks34
)
(C:\Users\msilv\AppData\Local\Programs\MiKTeX\tex/latex/threeparttablex\threepa
rttablex.sty
Package: threeparttablex 2013/07/23 v0.3 by daleif

(C:\Users\msilv\AppData\Local\Programs\MiKTeX\tex/latex/threeparttable\threepar
ttable.sty
Package: threeparttable 2003/06/13  v 3.0
\@tempboxb=\box69
)
(C:\Users\msilv\AppData\Local\Programs\MiKTeX\tex/latex/environ\environ.sty
Package: environ 2014/05/04 v0.3 A new way to define environments

(C:\Users\msilv\AppData\Local\Programs\MiKTeX\tex/latex/trimspaces\trimspaces.s
ty
Package: trimspaces 2009/09/17 v1.1 Trim spaces around a token list
))
\TPTL@width=\skip72
)
(C:\Users\msilv\AppData\Local\Programs\MiKTeX\tex/latex/tools\tabularx.sty
Package: tabularx 2023/12/11 v2.12a `tabularx' package (DPC)
\TX@col@width=\dimen196
\TX@old@table=\dimen197
\TX@old@col=\dimen198
\TX@target=\dimen199
\TX@delta=\dimen256
\TX@cols=\count331
\TX@ftn=\toks35
)
(C:\Users\msilv\AppData\Local\Programs\MiKTeX\tex/latex/subfig\subfig.sty
Package: subfig 2005/06/28 ver: 1.3 subfig package

(C:\Users\msilv\AppData\Local\Programs\MiKTeX\tex/latex/caption\caption.sty
Package: caption 2023/08/05 v3.6o Customizing captions (AR)

(C:\Users\msilv\AppData\Local\Programs\MiKTeX\tex/latex/caption\caption3.sty
Package: caption3 2023/07/31 v2.4d caption3 kernel (AR)
\caption@tempdima=\dimen257
\captionmargin=\dimen258
\caption@leftmargin=\dimen259
\caption@rightmargin=\dimen260
\caption@width=\dimen261
\caption@indent=\dimen262
\caption@parindent=\dimen263
\caption@hangindent=\dimen264
Package caption Info: elsarticle document class detected.

(C:\Users\msilv\AppData\Local\Programs\MiKTeX\tex/latex/caption\caption-elsarti
cle.sto
File: caption-elsarticle.sto 2020/08/22 v2.0 Adaption of the caption package to
 the elsarticle document class (AR)
))
\c@caption@flags=\count332
\c@continuedfloat=\count333
Package caption Info: hyperref package is loaded.
Package caption Info: longtable package is loaded.

(C:\Users\msilv\AppData\Local\Programs\MiKTeX\tex/latex/caption\ltcaption.sty
Package: ltcaption 2021/01/08 v1.4c longtable captions (AR)
)
Package caption Info: threeparttable package is loaded.
)
\c@KVtest=\count334
\sf@farskip=\skip73
\sf@captopadj=\dimen265
\sf@capskip=\skip74
\sf@nearskip=\skip75
\c@subfigure=\count335
\c@subfigure@save=\count336
\c@lofdepth=\count337
\c@subtable=\count338
\c@subtable@save=\count339
\c@lotdepth=\count340
\sf@top=\skip76
\sf@bottom=\skip77
) (C:\Users\msilv\AppData\Local\Programs\MiKTeX\tex/latex/geometry\geometry.sty
Package: geometry 2026/03/07 v6.0 Page Geometry
(C:\Users\msilv\AppData\Local\Programs\MiKTeX\tex/generic/iftex\ifvtex.sty
Package: ifvtex 2019/10/25 v1.7 ifvtex legacy package. Use iftex instead.
)
\Gm@cnth=\count341
\Gm@cntv=\count342
\c@Gm@tempcnt=\count343
\Gm@bindingoffset=\dimen266
\Gm@wd@mp=\dimen267
\Gm@odd@mp=\dimen268
\Gm@even@mp=\dimen269
\Gm@layoutwidth=\dimen270
\Gm@layoutheight=\dimen271
\Gm@layouthoffset=\dimen272
\Gm@layoutvoffset=\dimen273
\Gm@dimlist=\toks36

(C:\Users\msilv\AppData\Local\Programs\MiKTeX\tex/latex/geometry\geometry.cfg))
(C:\Users\msilv\AppData\Local\Programs\MiKTeX\tex/latex/diagbox\diagbox.sty
Package: diagbox 2020/02/09 v2.3 Making table heads with diagonal lines

(C:\Users\msilv\AppData\Local\Programs\MiKTeX\tex/latex/pict2e\pict2e.sty
Package: pict2e 2020/09/30 v0.4b Improved picture commands (HjG,RN,JT)

(C:\Users\msilv\AppData\Local\Programs\MiKTeX\tex/latex/pict2e\pict2e.cfg
File: pict2e.cfg 2016/02/05 v0.1u pict2e configuration for teTeX/TeXLive
)
Package pict2e Info: Driver file: pdftex.def on input line 112.
Package pict2e Info: Driver file for pict2e: p2e-pdftex.def on input line 114.

(C:\Users\msilv\AppData\Local\Programs\MiKTeX\tex/latex/pict2e\p2e-pdftex.def
File: p2e-pdftex.def 2016/02/05 v0.1u Driver-dependant file (RN,HjG,JT)
)
\pIIe@GRAPH=\toks37
\@arclen=\dimen274
\@arcrad=\dimen275
\pIIe@tempdima=\dimen276
\pIIe@tempdimb=\dimen277
\pIIe@tempdimc=\dimen278
\pIIe@tempdimd=\dimen279
\pIIe@tempdime=\dimen280
\pIIe@tempdimf=\dimen281
)
\diagbox@boxa=\box70
\diagbox@boxb=\box71
\diagbox@boxm=\box72
\diagbox@wd=\dimen282
\diagbox@ht=\dimen283
\diagbox@insepl=\dimen284
\diagbox@insepr=\dimen285
\diagbox@outsepl=\dimen286
\diagbox@outsepr=\dimen287
)
(C:\Users\msilv\AppData\Local\Programs\MiKTeX\tex/latex/epstopdf-pkg\epstopdf.s
ty
Package: epstopdf 2020-01-24 v2.11 Conversion with epstopdf on the fly (HO)
 (C:\Users\msilv\AppData\Local\Programs\MiKTeX\tex/latex/grfext\grfext.sty
Package: grfext 2019/12/03 v1.3 Manage graphics extensions (HO)
)
(C:\Users\msilv\AppData\Local\Programs\MiKTeX\tex/latex/epstopdf-pkg\epstopdf-b
ase.sty
Package: epstopdf-base 2020-01-24 v2.11 Base part for package epstopdf
Package epstopdf-base Info: Redefining graphics rule for `.eps' on input line 4
85.
Package grfext Info: Graphics extension search list:
(grfext)             [.pdf,.png,.jpg,.mps,.jpeg,.jbig2,.jb2,.PDF,.PNG,.JPG,.JPE
G,.JBIG2,.JB2,.eps]
(grfext)             \AppendGraphicsExtensions on input line 504.

(C:\Users\msilv\AppData\Local\Programs\MiKTeX\tex/latex/00miktex\epstopdf-sys.c
fg
File: epstopdf-sys.cfg 2021/03/18 v2.0 Configuration of epstopdf for MiKTeX
)))
\c@theorem=\count344
\c@proposition=\count345
\c@lemma=\count346
\c@corollary=\count347
\c@example=\count348
\c@remark=\count349
\c@definition=\count350
 (C:\Users\msilv\AppData\Local\Programs\MiKTeX\tex/latex/cite\cite.sty
LaTeX Info: Redefining \cite on input line 302.
LaTeX Info: Redefining \nocite on input line 332.
Package: cite 2015/02/27  v 5.5
)
(C:\Users\msilv\AppData\Local\Programs\MiKTeX\tex/latex/float\float.sty
Package: float 2001/11/08 v1.3d Float enhancements (AL)
\c@float@type=\count351
\float@exts=\toks38
\float@box=\box73
\@float@everytoks=\toks39
\@floatcapt=\box74
)
(C:\Users\msilv\AppData\Local\Programs\MiKTeX\tex/latex/pgf/frontendlayer\tikz.
sty
(C:\Users\msilv\AppData\Local\Programs\MiKTeX\tex/latex/pgf/basiclayer\pgf.sty
(C:\Users\msilv\AppData\Local\Programs\MiKTeX\tex/latex/pgf/utilities\pgfrcs.st
y
(C:\Users\msilv\AppData\Local\Programs\MiKTeX\tex/generic/pgf/utilities\pgfutil
-common.tex
\pgfutil@everybye=\toks40
\pgfutil@tempdima=\dimen288
\pgfutil@tempdimb=\dimen289
)
(C:\Users\msilv\AppData\Local\Programs\MiKTeX\tex/generic/pgf/utilities\pgfutil
-latex.def
\pgfutil@abb=\box75
)
(C:\Users\msilv\AppData\Local\Programs\MiKTeX\tex/generic/pgf/utilities\pgfrcs.
code.tex
(C:\Users\msilv\AppData\Local\Programs\MiKTeX\tex/generic/pgf\pgf.revision.tex)
Package: pgfrcs 2025-08-29 v3.1.11a (3.1.11a)
))
Package: pgf 2025-08-29 v3.1.11a (3.1.11a)

(C:\Users\msilv\AppData\Local\Programs\MiKTeX\tex/latex/pgf/basiclayer\pgfcore.
sty
(C:\Users\msilv\AppData\Local\Programs\MiKTeX\tex/latex/pgf/systemlayer\pgfsys.
sty
(C:\Users\msilv\AppData\Local\Programs\MiKTeX\tex/generic/pgf/systemlayer\pgfsy
s.code.tex
Package: pgfsys 2025-08-29 v3.1.11a (3.1.11a)

(C:\Users\msilv\AppData\Local\Programs\MiKTeX\tex/generic/pgf/utilities\pgfkeys
.code.tex
\pgfkeys@pathtoks=\toks41
\pgfkeys@temptoks=\toks42

(C:\Users\msilv\AppData\Local\Programs\MiKTeX\tex/generic/pgf/utilities\pgfkeys
libraryfiltered.code.tex
\pgfkeys@tmptoks=\toks43
))
\pgf@x=\dimen290
\pgf@y=\dimen291
\pgf@xa=\dimen292
\pgf@ya=\dimen293
\pgf@xb=\dimen294
\pgf@yb=\dimen295
\pgf@xc=\dimen296
\pgf@yc=\dimen297
\pgf@xd=\dimen298
\pgf@yd=\dimen299
\w@pgf@writea=\write6
\r@pgf@reada=\read2
\c@pgf@counta=\count352
\c@pgf@countb=\count353
\c@pgf@countc=\count354
\c@pgf@countd=\count355
\t@pgf@toka=\toks44
\t@pgf@tokb=\toks45
\t@pgf@tokc=\toks46
\pgf@sys@id@count=\count356

(C:\Users\msilv\AppData\Local\Programs\MiKTeX\tex/generic/pgf/systemlayer\pgf.c
fg
File: pgf.cfg 2025-08-29 v3.1.11a (3.1.11a)
)
Driver file for pgf: pgfsys-pdftex.def

(C:\Users\msilv\AppData\Local\Programs\MiKTeX\tex/generic/pgf/systemlayer\pgfsy
s-pdftex.def
File: pgfsys-pdftex.def 2025-08-29 v3.1.11a (3.1.11a)

(C:\Users\msilv\AppData\Local\Programs\MiKTeX\tex/generic/pgf/systemlayer\pgfsy
s-common-pdf.def
File: pgfsys-common-pdf.def 2025-08-29 v3.1.11a (3.1.11a)
)))
(C:\Users\msilv\AppData\Local\Programs\MiKTeX\tex/generic/pgf/systemlayer\pgfsy
ssoftpath.code.tex
File: pgfsyssoftpath.code.tex 2025-08-29 v3.1.11a (3.1.11a)
\pgfsyssoftpath@smallbuffer@items=\count357
\pgfsyssoftpath@bigbuffer@items=\count358
)
(C:\Users\msilv\AppData\Local\Programs\MiKTeX\tex/generic/pgf/systemlayer\pgfsy
sprotocol.code.tex
File: pgfsysprotocol.code.tex 2025-08-29 v3.1.11a (3.1.11a)
))
(C:\Users\msilv\AppData\Local\Programs\MiKTeX\tex/latex/xcolor\xcolor.sty
Package: xcolor 2024/09/29 v3.02 LaTeX color extensions (UK)

(C:\Users\msilv\AppData\Local\Programs\MiKTeX\tex/latex/graphics-cfg\color.cfg
File: color.cfg 2016/01/02 v1.6 sample color configuration
)
Package xcolor Info: Driver file: pdftex.def on input line 274.
(C:\Users\msilv\AppData\Local\Programs\MiKTeX\tex/latex/graphics\mathcolor.ltx)
Package xcolor Info: Model `cmy' substituted by `cmy0' on input line 1349.
Package xcolor Info: Model `hsb' substituted by `rgb' on input line 1353.
Package xcolor Info: Model `RGB' extended on input line 1365.
Package xcolor Info: Model `HTML' substituted by `rgb' on input line 1367.
Package xcolor Info: Model `Hsb' substituted by `hsb' on input line 1368.
Package xcolor Info: Model `tHsb' substituted by `hsb' on input line 1369.
Package xcolor Info: Model `HSB' substituted by `hsb' on input line 1370.
Package xcolor Info: Model `Gray' substituted by `gray' on input line 1371.
Package xcolor Info: Model `wave' substituted by `hsb' on input line 1372.
)
(C:\Users\msilv\AppData\Local\Programs\MiKTeX\tex/generic/pgf/basiclayer\pgfcor
e.code.tex
Package: pgfcore 2025-08-29 v3.1.11a (3.1.11a)

(C:\Users\msilv\AppData\Local\Programs\MiKTeX\tex/generic/pgf/math\pgfmath.code
.tex
(C:\Users\msilv\AppData\Local\Programs\MiKTeX\tex/generic/pgf/math\pgfmathutil.
code.tex)
(C:\Users\msilv\AppData\Local\Programs\MiKTeX\tex/generic/pgf/math\pgfmathparse
r.code.tex
\pgfmath@dimen=\dimen300
\pgfmath@count=\count359
\pgfmath@box=\box76
\pgfmath@toks=\toks47
\pgfmath@stack@operand=\toks48
\pgfmath@stack@operation=\toks49
)
(C:\Users\msilv\AppData\Local\Programs\MiKTeX\tex/generic/pgf/math\pgfmathfunct
ions.code.tex)
(C:\Users\msilv\AppData\Local\Programs\MiKTeX\tex/generic/pgf/math\pgfmathfunct
ions.basic.code.tex)
(C:\Users\msilv\AppData\Local\Programs\MiKTeX\tex/generic/pgf/math\pgfmathfunct
ions.trigonometric.code.tex)
(C:\Users\msilv\AppData\Local\Programs\MiKTeX\tex/generic/pgf/math\pgfmathfunct
ions.random.code.tex)
(C:\Users\msilv\AppData\Local\Programs\MiKTeX\tex/generic/pgf/math\pgfmathfunct
ions.comparison.code.tex)
(C:\Users\msilv\AppData\Local\Programs\MiKTeX\tex/generic/pgf/math\pgfmathfunct
ions.base.code.tex)
(C:\Users\msilv\AppData\Local\Programs\MiKTeX\tex/generic/pgf/math\pgfmathfunct
ions.round.code.tex)
(C:\Users\msilv\AppData\Local\Programs\MiKTeX\tex/generic/pgf/math\pgfmathfunct
ions.misc.code.tex)
(C:\Users\msilv\AppData\Local\Programs\MiKTeX\tex/generic/pgf/math\pgfmathfunct
ions.integerarithmetics.code.tex)
(C:\Users\msilv\AppData\Local\Programs\MiKTeX\tex/generic/pgf/math\pgfmathcalc.
code.tex)
(C:\Users\msilv\AppData\Local\Programs\MiKTeX\tex/generic/pgf/math\pgfmathfloat
.code.tex
\c@pgfmathroundto@lastzeros=\count360
))
(C:\Users\msilv\AppData\Local\Programs\MiKTeX\tex/generic/pgf/math\pgfint.code.
tex)
(C:\Users\msilv\AppData\Local\Programs\MiKTeX\tex/generic/pgf/basiclayer\pgfcor
epoints.code.tex
File: pgfcorepoints.code.tex 2025-08-29 v3.1.11a (3.1.11a)
\pgf@picminx=\dimen301
\pgf@picmaxx=\dimen302
\pgf@picminy=\dimen303
\pgf@picmaxy=\dimen304
\pgf@pathminx=\dimen305
\pgf@pathmaxx=\dimen306
\pgf@pathminy=\dimen307
\pgf@pathmaxy=\dimen308
\pgf@xx=\dimen309
\pgf@xy=\dimen310
\pgf@yx=\dimen311
\pgf@yy=\dimen312
\pgf@zx=\dimen313
\pgf@zy=\dimen314
)
(C:\Users\msilv\AppData\Local\Programs\MiKTeX\tex/generic/pgf/basiclayer\pgfcor
epathconstruct.code.tex
File: pgfcorepathconstruct.code.tex 2025-08-29 v3.1.11a (3.1.11a)
\pgf@path@lastx=\dimen315
\pgf@path@lasty=\dimen316
)
(C:\Users\msilv\AppData\Local\Programs\MiKTeX\tex/generic/pgf/basiclayer\pgfcor
epathusage.code.tex
File: pgfcorepathusage.code.tex 2025-08-29 v3.1.11a (3.1.11a)
\pgf@shorten@end@additional=\dimen317
\pgf@shorten@start@additional=\dimen318
)
(C:\Users\msilv\AppData\Local\Programs\MiKTeX\tex/generic/pgf/basiclayer\pgfcor
escopes.code.tex
File: pgfcorescopes.code.tex 2025-08-29 v3.1.11a (3.1.11a)
\pgfpic=\box77
\pgf@hbox=\box78
\pgf@layerbox@main=\box79
\pgf@picture@serial@count=\count361
)
(C:\Users\msilv\AppData\Local\Programs\MiKTeX\tex/generic/pgf/basiclayer\pgfcor
egraphicstate.code.tex
File: pgfcoregraphicstate.code.tex 2025-08-29 v3.1.11a (3.1.11a)
\pgflinewidth=\dimen319
)
(C:\Users\msilv\AppData\Local\Programs\MiKTeX\tex/generic/pgf/basiclayer\pgfcor
etransformations.code.tex
File: pgfcoretransformations.code.tex 2025-08-29 v3.1.11a (3.1.11a)
\pgf@pt@x=\dimen320
\pgf@pt@y=\dimen321
\pgf@pt@temp=\dimen322
)
(C:\Users\msilv\AppData\Local\Programs\MiKTeX\tex/generic/pgf/basiclayer\pgfcor
equick.code.tex
File: pgfcorequick.code.tex 2025-08-29 v3.1.11a (3.1.11a)
)
(C:\Users\msilv\AppData\Local\Programs\MiKTeX\tex/generic/pgf/basiclayer\pgfcor
eobjects.code.tex
File: pgfcoreobjects.code.tex 2025-08-29 v3.1.11a (3.1.11a)
)
(C:\Users\msilv\AppData\Local\Programs\MiKTeX\tex/generic/pgf/basiclayer\pgfcor
epathprocessing.code.tex
File: pgfcorepathprocessing.code.tex 2025-08-29 v3.1.11a (3.1.11a)
)
(C:\Users\msilv\AppData\Local\Programs\MiKTeX\tex/generic/pgf/basiclayer\pgfcor
earrows.code.tex
File: pgfcorearrows.code.tex 2025-08-29 v3.1.11a (3.1.11a)
\pgfarrowsep=\dimen323
)
(C:\Users\msilv\AppData\Local\Programs\MiKTeX\tex/generic/pgf/basiclayer\pgfcor
eshade.code.tex
File: pgfcoreshade.code.tex 2025-08-29 v3.1.11a (3.1.11a)
\pgf@max=\dimen324
\pgf@sys@shading@range@num=\count362
\pgf@shadingcount=\count363
)
(C:\Users\msilv\AppData\Local\Programs\MiKTeX\tex/generic/pgf/basiclayer\pgfcor
eimage.code.tex
File: pgfcoreimage.code.tex 2025-08-29 v3.1.11a (3.1.11a)
)
(C:\Users\msilv\AppData\Local\Programs\MiKTeX\tex/generic/pgf/basiclayer\pgfcor
eexternal.code.tex
File: pgfcoreexternal.code.tex 2025-08-29 v3.1.11a (3.1.11a)
\pgfexternal@startupbox=\box80
)
(C:\Users\msilv\AppData\Local\Programs\MiKTeX\tex/generic/pgf/basiclayer\pgfcor
elayers.code.tex
File: pgfcorelayers.code.tex 2025-08-29 v3.1.11a (3.1.11a)
)
(C:\Users\msilv\AppData\Local\Programs\MiKTeX\tex/generic/pgf/basiclayer\pgfcor
etransparency.code.tex
File: pgfcoretransparency.code.tex 2025-08-29 v3.1.11a (3.1.11a)
)
(C:\Users\msilv\AppData\Local\Programs\MiKTeX\tex/generic/pgf/basiclayer\pgfcor
epatterns.code.tex
File: pgfcorepatterns.code.tex 2025-08-29 v3.1.11a (3.1.11a)
)
(C:\Users\msilv\AppData\Local\Programs\MiKTeX\tex/generic/pgf/basiclayer\pgfcor
erdf.code.tex
File: pgfcorerdf.code.tex 2025-08-29 v3.1.11a (3.1.11a)
)))
(C:\Users\msilv\AppData\Local\Programs\MiKTeX\tex/generic/pgf/modules\pgfmodule
shapes.code.tex
File: pgfmoduleshapes.code.tex 2025-08-29 v3.1.11a (3.1.11a)
\pgfnodeparttextbox=\box81
)
(C:\Users\msilv\AppData\Local\Programs\MiKTeX\tex/generic/pgf/modules\pgfmodule
plot.code.tex
File: pgfmoduleplot.code.tex 2025-08-29 v3.1.11a (3.1.11a)
)
(C:\Users\msilv\AppData\Local\Programs\MiKTeX\tex/latex/pgf/compatibility\pgfco
mp-version-0-65.sty
Package: pgfcomp-version-0-65 2025-08-29 v3.1.11a (3.1.11a)
\pgf@nodesepstart=\dimen325
\pgf@nodesepend=\dimen326
)
(C:\Users\msilv\AppData\Local\Programs\MiKTeX\tex/latex/pgf/compatibility\pgfco
mp-version-1-18.sty
Package: pgfcomp-version-1-18 2025-08-29 v3.1.11a (3.1.11a)
))
(C:\Users\msilv\AppData\Local\Programs\MiKTeX\tex/latex/pgf/utilities\pgffor.st
y
(C:\Users\msilv\AppData\Local\Programs\MiKTeX\tex/latex/pgf/utilities\pgfkeys.s
ty
(C:\Users\msilv\AppData\Local\Programs\MiKTeX\tex/generic/pgf/utilities\pgfkeys
.code.tex))
(C:\Users\msilv\AppData\Local\Programs\MiKTeX\tex/latex/pgf/math\pgfmath.sty
(C:\Users\msilv\AppData\Local\Programs\MiKTeX\tex/generic/pgf/math\pgfmath.code
.tex))
(C:\Users\msilv\AppData\Local\Programs\MiKTeX\tex/generic/pgf/utilities\pgffor.
code.tex
Package: pgffor 2025-08-29 v3.1.11a (3.1.11a)
\pgffor@iter=\dimen327
\pgffor@skip=\dimen328
\pgffor@stack=\toks50
\pgffor@toks=\toks51
))
(C:\Users\msilv\AppData\Local\Programs\MiKTeX\tex/generic/pgf/frontendlayer/tik
z\tikz.code.tex
Package: tikz 2025-08-29 v3.1.11a (3.1.11a)

(C:\Users\msilv\AppData\Local\Programs\MiKTeX\tex/generic/pgf/libraries\pgflibr
aryplothandlers.code.tex
File: pgflibraryplothandlers.code.tex 2025-08-29 v3.1.11a (3.1.11a)
\pgf@plot@mark@count=\count364
\pgfplotmarksize=\dimen329
)
\tikz@lastx=\dimen330
\tikz@lasty=\dimen331
\tikz@lastxsaved=\dimen332
\tikz@lastysaved=\dimen333
\tikz@lastmovetox=\dimen334
\tikz@lastmovetoy=\dimen335
\tikzleveldistance=\dimen336
\tikzsiblingdistance=\dimen337
\tikz@figbox=\box82
\tikz@figbox@bg=\box83
\tikz@tempbox=\box84
\tikz@tempbox@bg=\box85
\tikztreelevel=\count365
\tikznumberofchildren=\count366
\tikznumberofcurrentchild=\count367
\tikz@fig@count=\count368

(C:\Users\msilv\AppData\Local\Programs\MiKTeX\tex/generic/pgf/modules\pgfmodule
matrix.code.tex
File: pgfmodulematrix.code.tex 2025-08-29 v3.1.11a (3.1.11a)
\pgfmatrixcurrentrow=\count369
\pgfmatrixcurrentcolumn=\count370
\pgf@matrix@numberofcolumns=\count371
)
\tikz@expandcount=\count372

(C:\Users\msilv\AppData\Local\Programs\MiKTeX\tex/generic/pgf/frontendlayer/tik
z/libraries\tikzlibrarytopaths.code.tex
File: tikzlibrarytopaths.code.tex 2025-08-29 v3.1.11a (3.1.11a)
)))
(C:\Users\msilv\AppData\Local\Programs\MiKTeX\tex/generic/pgf/frontendlayer/tik
z/libraries\tikzlibraryshapes.geometric.code.tex
File: tikzlibraryshapes.geometric.code.tex 2025-08-29 v3.1.11a (3.1.11a)

(C:\Users\msilv\AppData\Local\Programs\MiKTeX\tex/generic/pgf/libraries/shapes\
pgflibraryshapes.geometric.code.tex
File: pgflibraryshapes.geometric.code.tex 2025-08-29 v3.1.11a (3.1.11a)
))
(C:\Users\msilv\AppData\Local\Programs\MiKTeX\tex/generic/pgf/frontendlayer/tik
z/libraries\tikzlibraryarrows.code.tex
File: tikzlibraryarrows.code.tex 2025-08-29 v3.1.11a (3.1.11a)

(C:\Users\msilv\AppData\Local\Programs\MiKTeX\tex/generic/pgf/libraries\pgflibr
aryarrows.code.tex
File: pgflibraryarrows.code.tex 2025-08-29 v3.1.11a (3.1.11a)
\arrowsize=\dimen338
))
(C:\Users\msilv\AppData\Local\Programs\MiKTeX\tex/generic/pgf/frontendlayer/tik
z/libraries\tikzlibraryshapes.multipart.code.tex
File: tikzlibraryshapes.multipart.code.tex 2025-08-29 v3.1.11a (3.1.11a)

(C:\Users\msilv\AppData\Local\Programs\MiKTeX\tex/generic/pgf/libraries/shapes\
pgflibraryshapes.multipart.code.tex
File: pgflibraryshapes.multipart.code.tex 2025-08-29 v3.1.11a (3.1.11a)
\pgfnodepartlowerbox=\box86
\pgfnodeparttwobox=\box87
\pgfnodepartthreebox=\box88
\pgfnodepartfourbox=\box89
\pgfnodeparttwentybox=\box90
\pgfnodepartnineteenbox=\box91
\pgfnodeparteighteenbox=\box92
\pgfnodepartseventeenbox=\box93
\pgfnodepartsixteenbox=\box94
\pgfnodepartfifteenbox=\box95
\pgfnodepartfourteenbox=\box96
\pgfnodepartthirteenbox=\box97
\pgfnodeparttwelvebox=\box98
\pgfnodepartelevenbox=\box99
\pgfnodeparttenbox=\box100
\pgfnodepartninebox=\box101
\pgfnodeparteightbox=\box102
\pgfnodepartsevenbox=\box103
\pgfnodepartsixbox=\box104
\pgfnodepartfivebox=\box105
)) (Draft.aux

LaTeX Warning: Label `eq:profit_share' multiply defined.

)
\openout1 = `Draft.aux'.

LaTeX Font Info:    Checking defaults for OML/cmm/m/it on input line 93.
LaTeX Font Info:    ... okay on input line 93.
LaTeX Font Info:    Checking defaults for OMS/cmsy/m/n on input line 93.
LaTeX Font Info:    ... okay on input line 93.
LaTeX Font Info:    Checking defaults for OT1/cmr/m/n on input line 93.
LaTeX Font Info:    ... okay on input line 93.
LaTeX Font Info:    Checking defaults for T1/cmr/m/n on input line 93.
LaTeX Font Info:    ... okay on input line 93.
LaTeX Font Info:    Checking defaults for TS1/cmr/m/n on input line 93.
LaTeX Font Info:    ... okay on input line 93.
LaTeX Font Info:    Checking defaults for OMX/cmex/m/n on input line 93.
LaTeX Font Info:    ... okay on input line 93.
LaTeX Font Info:    Checking defaults for U/cmr/m/n on input line 93.
LaTeX Font Info:    ... okay on input line 93.
LaTeX Font Info:    Checking defaults for PD1/pdf/m/n on input line 93.
LaTeX Font Info:    ... okay on input line 93.
LaTeX Font Info:    Checking defaults for PU/pdf/m/n on input line 93.
LaTeX Font Info:    ... okay on input line 93.

(C:\Users\msilv\AppData\Local\Programs\MiKTeX\tex/context/base/mkii\supp-pdf.mk
ii
[Loading MPS to PDF converter (version 2006.09.02).]
\scratchcounter=\count373
\scratchdimen=\dimen339
\scratchbox=\box106
\nofMPsegments=\count374
\nofMParguments=\count375
\everyMPshowfont=\toks52
\MPscratchCnt=\count376
\MPscratchDim=\dimen340
\MPnumerator=\count377
\makeMPintoPDFobject=\count378
\everyMPtoPDFconversion=\toks53
)
Package hyperref Info: Link coloring ON on input line 93.
 (Draft.out) (Draft.out)
\@outlinefile=\write7
\openout7 = `Draft.out'.

Package caption Info: Begin \AtBeginDocument code.
Package caption Info: subfig package v1.3 is loaded.
Package caption Info: float package is loaded.
Package caption Info: End \AtBeginDocument code.

*geometry* driver: auto-detecting
*geometry* detected driver: pdftex
*geometry* verbose mode - [ preamble ] result:
* driver: pdftex
* paper: <default>
* layout: <same size as paper>
* layoutoffset:(h,v)=(0.0pt,0.0pt)
* modes: 
* h-part:(L,W,R)=(64.01869pt, 486.25761pt, 64.01869pt)
* v-part:(T,H,B)=(56.9055pt, 681.15898pt, 56.9055pt)
* \paperwidth=614.295pt
* \paperheight=794.96999pt
* \textwidth=486.25761pt
* \textheight=681.15898pt
* \oddsidemargin=-8.2513pt
* \evensidemargin=-8.2513pt
* \topmargin=-52.36449pt
* \headheight=12.0pt
* \headsep=25.0pt
* \topskip=12.0pt
* \footskip=30.0pt
* \marginparwidth=44.0pt
* \marginparsep=10.0pt
* \columnsep=10.0pt
* \skip\footins=24.0pt
* \hoffset=0.0pt
* \voffset=0.0pt
* \mag=1000
* \@twocolumnfalse
* \@twosidefalse
* \@mparswitchfalse
* \@reversemarginfalse
* (1in=72.27pt=25.4mm, 1cm=28.453pt)

LaTeX Font Info:    Trying to load font information for U+msa on input line 117
.
(C:\Users\msilv\AppData\Local\Programs\MiKTeX\tex/latex/amsfonts\umsa.fd
File: umsa.fd 2013/01/14 v3.01 AMS symbols A
)
LaTeX Font Info:    Trying to load font information for U+msb on input line 117
.

(C:\Users\msilv\AppData\Local\Programs\MiKTeX\tex/latex/amsfonts\umsb.fd
File: umsb.fd 2013/01/14 v3.01 AMS symbols B
)
[1
Non-PDF special ignored!
<special> header=psfrag.pro


{C:/Users/msilv/AppData/Local/MiKTeX/fonts/map/pdftex/pdftex.map}] [2] [3]
[4]
<C:/Users/msilv/Documents/GitHub/Sunk-entry-costs--endogenous-variety--and-unem
ployment/Data/Bartek analysis/data/results/recession_scatter_primary.png, id=27
3, 858.5676pt x 642.2394pt>
File: C:/Users/msilv/Documents/GitHub/Sunk-entry-costs--endogenous-variety--and
-unemployment/Data/Bartek analysis/data/results/recession_scatter_primary.png G
raphic file (type png)
<use C:/Users/msilv/Documents/GitHub/Sunk-entry-costs--endogenous-variety--and-
unemployment/Data/Bartek analysis/data/results/recession_scatter_primary.png>
Package pdftex.def Info: C:/Users/msilv/Documents/GitHub/Sunk-entry-costs--endo
genous-variety--and-unemployment/Data/Bartek analysis/data/results/recession_sc
atter_primary.png  used on input line 253.
(pdftex.def)             Requested size: 437.62888pt x 327.36136pt.
 [5]
<C:/Users/msilv/Documents/GitHub/Sunk-entry-costs--endogenous-variety--and-unem
ployment/Data/Bartek analysis/data/results/state_scatter_primary.png, id=287, 8
59.5312pt x 371.4678pt>
File: C:/Users/msilv/Documents/GitHub/Sunk-entry-costs--endogenous-variety--and
-unemployment/Data/Bartek analysis/data/results/state_scatter_primary.png Graph
ic file (type png)
<use C:/Users/msilv/Documents/GitHub/Sunk-entry-costs--endogenous-variety--and-
unemployment/Data/Bartek analysis/data/results/state_scatter_primary.png>
Package pdftex.def Info: C:/Users/msilv/Documents/GitHub/Sunk-entry-costs--endo
genous-variety--and-unemployment/Data/Bartek analysis/data/results/state_scatte
r_primary.png  used on input line 306.
(pdftex.def)             Requested size: 447.35611pt x 193.34007pt.
 [6 <C:/Users/msilv/Documents/GitHub/Sunk-entry-costs--endogenous-variety--and-
unemployment/Data/Bartek analysis/data/results/recession_scatter_primary.png>] 
[7] [8 <C:/Users/msilv/Documents/GitHub/Sunk-entry-costs--endogenous-variety--a
nd-unemployment/Data/Bartek analysis/data/results/state_scatter_primary.png>]

LaTeX Warning: Reference `sec:conclusion' on page 9 undefined on input line 415
.

[9] [10]
Overfull \hbox (10.3309pt too wide) in paragraph at lines 551--584
 [][] 
 []

[11] [12] [13] [14] [15] [16] [17] [18] [19] [20] [21] [22]
Overfull \hbox (27.57191pt too wide) in paragraph at lines 1309--1313
\OT1/cmr/m/n/12 1$\T1/cmr/m/it/12 , the busi-ness for-ma-tion block drops out a
nd equi-lib-rium la-bor mar-ket vari-ables $\OMS/cmsy/m/n/12 f\OML/cmm/m/it/12 
u[]; v[]; e[]; Q[]; K[]\OMS/cmsy/m/n/12 g[]$
 []

[23] [24] [25] [26]
Overfull \hbox (6.69814pt too wide) in paragraph at lines 1619--1623
[][]\T1/cmr/bx/n/12 Proposition 7 \T1/cmr/m/n/12 (Steady-s-tate equi-lib-ria un
-der DS-CES)\T1/cmr/bx/n/12 . []\T1/cmr/m/it/12 Re-strict to DS-CES pref-er-enc
es ($\OML/cmm/m/it/12 ^^Z\OT1/cmr/m/n/12 (\OML/cmm/m/it/12 N\OT1/cmr/m/n/12 ) =

 []

[27] [28] [29] [30]
<bed_closings_vs_deaths.png, id=679, 665.3658pt x 462.0462pt>
File: bed_closings_vs_deaths.png Graphic file (type png)
<use bed_closings_vs_deaths.png>
Package pdftex.def Info: bed_closings_vs_deaths.png  used on input line 1872.
(pdftex.def)             Requested size: 486.25761pt x 337.67868pt.


LaTeX Warning: `h' float specifier changed to `ht'.

[31] [32 <./bed_closings_vs_deaths.png>]
Overfull \hbox (30.11984pt too wide) in paragraph at lines 1945--1956
\T1/cmr/m/n/12 where $\OT1/cmr/m/n/12 ^^A  [] \OML/cmm/m/it/12 p[]$ \T1/cmr/m/n
/12 is ag-gre-gate non-farm busi-ness pro-duc-tiv-ity growth (FRED: OPH-NFB) an
d $\OT1/cmr/m/n/12 ^^A  [] \OML/cmm/m/it/12 VA[]$
 []

[33]

LaTeX Warning: Reference `app:robustness' on page 34 undefined on input line 19
84.

<instrument_delta_distribution.png, id=708, 1005.0348pt x 368.0952pt>
File: instrument_delta_distribution.png Graphic file (type png)
<use instrument_delta_distribution.png>
Package pdftex.def Info: instrument_delta_distribution.png  used on input line 
1994.
(pdftex.def)             Requested size: 486.25761pt x 178.08784pt.
[34 <./instrument_delta_distribution.png>] [35] [36]
<C:/Users/msilv/Documents/GitHub/Sunk-entry-costs--endogenous-variety--and-unem
ployment/Data/Bartek analysis/data/results/lp_irf_delta_uv_baseline.png, id=734
, 932.283pt x 388.8126pt>
File: C:/Users/msilv/Documents/GitHub/Sunk-entry-costs--endogenous-variety--and
-unemployment/Data/Bartek analysis/data/results/lp_irf_delta_uv_baseline.png Gr
aphic file (type png)
<use C:/Users/msilv/Documents/GitHub/Sunk-entry-costs--endogenous-variety--and-
unemployment/Data/Bartek analysis/data/results/lp_irf_delta_uv_baseline.png>
Package pdftex.def Info: C:/Users/msilv/Documents/GitHub/Sunk-entry-costs--endo
genous-variety--and-unemployment/Data/Bartek analysis/data/results/lp_irf_delta
_uv_baseline.png  used on input line 2133.
(pdftex.def)             Requested size: 447.35611pt x 186.57452pt.
 [37 <C:/Users/msilv/Documents/GitHub/Sunk-entry-costs--endogenous-variety--and
-unemployment/Data/Bartek analysis/data/results/lp_irf_delta_uv_baseline.png>] 
[38] [39] [40] [41]

LaTeX Warning: Reference `app:weighting_robustness' on page 42 undefined on inp
ut line 2375.

[42]

LaTeX Warning: `!h' float specifier changed to `!ht'.

[43] [44] [45] [46] [47]
<C:/Users/msilv/Documents/GitHub/Sunk-entry-costs--endogenous-variety--and-unem
ployment/Data/Programs baseline/mechanism_A_z_shock.pdf, id=860, 600.87082pt x 
642.22638pt>
File: C:/Users/msilv/Documents/GitHub/Sunk-entry-costs--endogenous-variety--and
-unemployment/Data/Programs baseline/mechanism_A_z_shock.pdf Graphic file (type
 pdf)
<use C:/Users/msilv/Documents/GitHub/Sunk-entry-costs--endogenous-variety--and-
unemployment/Data/Programs baseline/mechanism_A_z_shock.pdf>
Package pdftex.def Info: C:/Users/msilv/Documents/GitHub/Sunk-entry-costs--endo
genous-variety--and-unemployment/Data/Programs baseline/mechanism_A_z_shock.pdf
  used on input line 2685.
(pdftex.def)             Requested size: 398.7348pt x 426.19322pt.
 [48] [49 <C:/Users/msilv/Documents/GitHub/Sunk-entry-costs--endogenous-variety
--and-unemployment/Data/Programs baseline/mechanism_A_z_shock.pdf>]
<C:/Users/msilv/Documents/GitHub/Sunk-entry-costs--endogenous-variety--and-unem
ployment/Data/Programs baseline/mechanism_A_delta_shock.pdf, id=947, 598.244pt 
x 642.22833pt>
File: C:/Users/msilv/Documents/GitHub/Sunk-entry-costs--endogenous-variety--and
-unemployment/Data/Programs baseline/mechanism_A_delta_shock.pdf Graphic file (
type pdf)
<use C:/Users/msilv/Documents/GitHub/Sunk-entry-costs--endogenous-variety--and-
unemployment/Data/Programs baseline/mechanism_A_delta_shock.pdf>
Package pdftex.def Info: C:/Users/msilv/Documents/GitHub/Sunk-entry-costs--endo
genous-variety--and-unemployment/Data/Programs baseline/mechanism_A_delta_shock
.pdf  used on input line 2802.
(pdftex.def)             Requested size: 398.7348pt x 428.06624pt.
 [50] [51]
<C:/Users/msilv/Documents/GitHub/Sunk-entry-costs--endogenous-variety--and-unem
ployment/Data/Programs baseline/mechanism_B_z_shock.pdf, id=964, 598.244pt x 64
2.23134pt>
File: C:/Users/msilv/Documents/GitHub/Sunk-entry-costs--endogenous-variety--and
-unemployment/Data/Programs baseline/mechanism_B_z_shock.pdf Graphic file (type
 pdf)
<use C:/Users/msilv/Documents/GitHub/Sunk-entry-costs--endogenous-variety--and-
unemployment/Data/Programs baseline/mechanism_B_z_shock.pdf>
Package pdftex.def Info: C:/Users/msilv/Documents/GitHub/Sunk-entry-costs--endo
genous-variety--and-unemployment/Data/Programs baseline/mechanism_B_z_shock.pdf
  used on input line 2822.
(pdftex.def)             Requested size: 398.7348pt x 428.06824pt.
 [52 <C:/Users/msilv/Documents/GitHub/Sunk-entry-costs--endogenous-variety--and
-unemployment/Data/Programs baseline/mechanism_A_delta_shock.pdf>] [53 <C:/User
s/msilv/Documents/GitHub/Sunk-entry-costs--endogenous-variety--and-unemployment
/Data/Programs baseline/mechanism_B_z_shock.pdf>]
<C:/Users/msilv/Documents/GitHub/Sunk-entry-costs--endogenous-variety--and-unem
ployment/Data/Programs baseline/mechanism_B_delta_shock.pdf, id=1058, 602.4939p
t x 642.22939pt>
File: C:/Users/msilv/Documents/GitHub/Sunk-entry-costs--endogenous-variety--and
-unemployment/Data/Programs baseline/mechanism_B_delta_shock.pdf Graphic file (
type pdf)
<use C:/Users/msilv/Documents/GitHub/Sunk-entry-costs--endogenous-variety--and-
unemployment/Data/Programs baseline/mechanism_B_delta_shock.pdf>
Package pdftex.def Info: C:/Users/msilv/Documents/GitHub/Sunk-entry-costs--endo
genous-variety--and-unemployment/Data/Programs baseline/mechanism_B_delta_shock
.pdf  used on input line 2875.
(pdftex.def)             Requested size: 398.7348pt x 425.04866pt.

[54] [55 <C:/Users/msilv/Documents/GitHub/Sunk-entry-costs--endogenous-variety-
-and-unemployment/Data/Programs baseline/mechanism_B_delta_shock.pdf>]
<C:/Users/msilv/Documents/GitHub/Sunk-entry-costs--endogenous-variety--and-unem
ployment/Data/Programs baseline/mechanism_C_z_shock.pdf, id=1112, 598.244pt x 6
42.23538pt>
File: C:/Users/msilv/Documents/GitHub/Sunk-entry-costs--endogenous-variety--and
-unemployment/Data/Programs baseline/mechanism_C_z_shock.pdf Graphic file (type
 pdf)
<use C:/Users/msilv/Documents/GitHub/Sunk-entry-costs--endogenous-variety--and-
unemployment/Data/Programs baseline/mechanism_C_z_shock.pdf>
Package pdftex.def Info: C:/Users/msilv/Documents/GitHub/Sunk-entry-costs--endo
genous-variety--and-unemployment/Data/Programs baseline/mechanism_C_z_shock.pdf
  used on input line 2941.
(pdftex.def)             Requested size: 398.7348pt x 428.07094pt.
 [56]
[57 <C:/Users/msilv/Documents/GitHub/Sunk-entry-costs--endogenous-variety--and-
unemployment/Data/Programs baseline/mechanism_C_z_shock.pdf>]
<C:/Users/msilv/Documents/GitHub/Sunk-entry-costs--endogenous-variety--and-unem
ployment/Data/Programs baseline/mechanism_C_delta_shock.pdf, id=1183, 602.4939p
t x 642.22939pt>
File: C:/Users/msilv/Documents/GitHub/Sunk-entry-costs--endogenous-variety--and
-unemployment/Data/Programs baseline/mechanism_C_delta_shock.pdf Graphic file (
type pdf)
<use C:/Users/msilv/Documents/GitHub/Sunk-entry-costs--endogenous-variety--and-
unemployment/Data/Programs baseline/mechanism_C_delta_shock.pdf>
Package pdftex.def Info: C:/Users/msilv/Documents/GitHub/Sunk-entry-costs--endo
genous-variety--and-unemployment/Data/Programs baseline/mechanism_C_delta_shock
.pdf  used on input line 2983.
(pdftex.def)             Requested size: 398.7348pt x 425.04866pt.
 [58] [59 <C:/Users/msilv/Documents/GitHub/Sunk-entry-costs--endogenous-variety
--and-unemployment/Data/Programs baseline/mechanism_C_delta_shock.pdf>] [60]
Overfull \hbox (30.8985pt too wide) in paragraph at lines 3026--3065
 [][] 
 []


Underfull \hbox (badness 10000) in paragraph at lines 3078--3078
[]|\T1/cmr/m/n/10 BED es-tab-lish-ment
 []


Underfull \hbox (badness 10000) in paragraph at lines 3079--3079
[]|\T1/cmr/m/n/10 QCEW em-ploy-ment
 []


Underfull \hbox (badness 10000) in paragraph at lines 3080--3080
[]|\T1/cmr/m/n/10 Layoffs & dis-charges
 []


Underfull \hbox (badness 10000) in paragraph at lines 3083--3083
[]|\T1/cmr/m/n/10 Labor pro-duc-tiv-ity
 []


Underfull \hbox (badness 10000) in paragraph at lines 3092--3092
[]|\T1/cmr/m/n/10 Business for-ma-tions
 []

[61] [62]
<bed_deaths_by_supersector.png, id=1265, 931.8012pt x 369.5406pt>
File: bed_deaths_by_supersector.png Graphic file (type png)
<use bed_deaths_by_supersector.png>
Package pdftex.def Info: bed_deaths_by_supersector.png  used on input line 3127
.
(pdftex.def)             Requested size: 486.25761pt x 192.8445pt.
 [63] [64 <./bed_deaths_by_supersector.png>]
<C:/Users/msilv/Documents/GitHub/Sunk-entry-costs--endogenous-variety--and-unem
ployment/Data/Bartek analysis/data/results/lp_joint_delta_ld_vacancy.png, id=12
79, 1003.1076pt x 427.3566pt>
File: C:/Users/msilv/Documents/GitHub/Sunk-entry-costs--endogenous-variety--and
-unemployment/Data/Bartek analysis/data/results/lp_joint_delta_ld_vacancy.png G
raphic file (type png)
<use C:/Users/msilv/Documents/GitHub/Sunk-entry-costs--endogenous-variety--and-
unemployment/Data/Bartek analysis/data/results/lp_joint_delta_ld_vacancy.png>
Package pdftex.def Info: C:/Users/msilv/Documents/GitHub/Sunk-entry-costs--endo
genous-variety--and-unemployment/Data/Bartek analysis/data/results/lp_joint_del
ta_ld_vacancy.png  used on input line 3186.
(pdftex.def)             Requested size: 486.25761pt x 207.16336pt.
 [65 <C:/Users/msilv/Documents/GitHub/Sunk-entry-costs--endogenous-variety--and
-unemployment/Data/Bartek analysis/data/results/lp_joint_delta_ld_vacancy.png>]
 [66]
Overfull \hbox (3.7806pt too wide) in paragraph at lines 3273--3280
[]\T1/cmr/m/n/12 Table [][]C.7[][] re-ports dy-namic cross-correlations $[]\OT1
/cmr/m/n/12 (\OML/cmm/m/it/12 ^^N[]; x[]\OT1/cmr/m/n/12 )$ \T1/cmr/m/n/12 for $
\OML/cmm/m/it/12 x \OMS/cmsy/m/n/12 2 f\OML/cmm/m/it/12 u; v\OMS/cmsy/m/n/12 g$
 \T1/cmr/m/n/12 and $\OML/cmm/m/it/12 h \OMS/cmsy/m/n/12 2 f^^@\OT1/cmr/m/n/12 
4\OML/cmm/m/it/12 ; [] ; \OT1/cmr/m/n/12 +4\OMS/cmsy/m/n/12 g$
 []

[67] [68] [69]

Package hyperref Warning: Token not allowed in a PDF string (Unicode):
(hyperref)                removing `math shift' on input line 3378.


Package hyperref Warning: Token not allowed in a PDF string (Unicode):
(hyperref)                removing `\psi' on input line 3378.


Package hyperref Warning: Token not allowed in a PDF string (Unicode):
(hyperref)                removing `math shift' on input line 3378.


LaTeX Warning: Reference `eq:labor_C_N' on page 70 undefined on input line 3384
.

[70] [71] [72] [73] [74] [75] [76] [77]
Overfull \hbox (37.7426pt too wide) detected at line 3772
[] \OMS/cmsy/m/n/12 " []  [] " []  [] "\OML/cmm/m/it/12 ;  [] \OMS/cmsy/m/n/12 
#  []  []  [] " []  [] " []  [] " []  [] " []\OML/cmm/m/it/12 :
 []


Overfull \hbox (18.99457pt too wide) detected at line 3791
[] \OMS/cmsy/m/n/12 # []  [] # []  [] #\OML/cmm/m/it/12 ;  [] \OMS/cmsy/m/n/12 
# []  [] # []  [] # []  [] # []  [] # []  [] # []\OML/cmm/m/it/12 :
 []

[78]

Package hyperref Warning: Token not allowed in a PDF string (Unicode):
(hyperref)                removing `math shift' on input line 3805.


Package hyperref Warning: Token not allowed in a PDF string (Unicode):
(hyperref)                removing `\xi' on input line 3805.


Package hyperref Warning: Token not allowed in a PDF string (Unicode):
(hyperref)                removing `math shift' on input line 3805.

<C:/Users/msilv/Documents/GitHub/Sunk-entry-costs--endogenous-variety--and-unem
ployment/Data/Programs baseline/mechanism_D_z_shock.pdf, id=1547, 600.87082pt x
 642.23538pt>
File: C:/Users/msilv/Documents/GitHub/Sunk-entry-costs--endogenous-variety--and
-unemployment/Data/Programs baseline/mechanism_D_z_shock.pdf Graphic file (type
 pdf)
<use C:/Users/msilv/Documents/GitHub/Sunk-entry-costs--endogenous-variety--and-
unemployment/Data/Programs baseline/mechanism_D_z_shock.pdf>
Package pdftex.def Info: C:/Users/msilv/Documents/GitHub/Sunk-entry-costs--endo
genous-variety--and-unemployment/Data/Programs baseline/mechanism_D_z_shock.pdf
  used on input line 3841.
(pdftex.def)             Requested size: 398.7348pt x 426.19919pt.
[79] [80 <C:/Users/msilv/Documents/GitHub/Sunk-entry-costs--endogenous-variety-
-and-unemployment/Data/Programs baseline/mechanism_D_z_shock.pdf>]
<C:/Users/msilv/Documents/GitHub/Sunk-entry-costs--endogenous-variety--and-unem
ployment/Data/Programs baseline/mechanism_D_delta_shock.pdf, id=1605, 602.4939p
t x 642.22939pt>
File: C:/Users/msilv/Documents/GitHub/Sunk-entry-costs--endogenous-variety--and
-unemployment/Data/Programs baseline/mechanism_D_delta_shock.pdf Graphic file (
type pdf)
<use C:/Users/msilv/Documents/GitHub/Sunk-entry-costs--endogenous-variety--and-
unemployment/Data/Programs baseline/mechanism_D_delta_shock.pdf>
Package pdftex.def Info: C:/Users/msilv/Documents/GitHub/Sunk-entry-costs--endo
genous-variety--and-unemployment/Data/Programs baseline/mechanism_D_delta_shock
.pdf  used on input line 3869.
(pdftex.def)             Requested size: 398.7348pt x 425.04866pt.
 [81 <C:/Users/msilv/Documents/GitHub/Sunk-entry-costs--endogenous-variety--and
-unemployment/Data/Programs baseline/mechanism_D_delta_shock.pdf>] [82] [83] [8
4]
Overfull \hbox (0.669pt too wide) in paragraph at lines 4108--4114
\T1/cmr/m/n/12 This is a non-lin-ear pre-de-ter-mined vari-able equa-tion drive
n by the ex-oge-nous pro-cesses $\OMS/cmsy/m/n/12 f\OML/cmm/m/it/12 z[]; ^^N[];
 u[]\OMS/cmsy/m/n/12 g$\T1/cmr/m/n/12 ,
 []

[85] [86] [87] [88] [89] [90] [91] [92] (Draft.bbl [93] [94]) [95] (Draft.aux)
 ***********
LaTeX2e <2025-11-01>
L3 programming layer <2025-12-24>
 ***********


LaTeX Warning: There were undefined references.


LaTeX Warning: There were multiply-defined labels.

Package rerunfilecheck Info: File `Draft.out' has not changed.
(rerunfilecheck)             Checksum: 70293C0694318D7859268E1C80180DA6;9240.
 ) 
Here is how much of TeX's memory you used:
 27889 strings out of 467871
 540772 string characters out of 5418376
 946861 words of memory out of 5000000
 55939 multiletter control sequences out of 15000+600000
 654746 words of font info for 109 fonts, out of 8000000 for 9000
 1141 hyphenation exceptions out of 8191
 84i,19n,104p,2326b,851s stack positions out of 10000i,1000n,20000p,200000b,200000s
 <C:\Users\msilv\AppData\Local\MiKTeX\fonts/pk/ljfour/jknappen/ec/dpi600\eccc
1095.pk> <C:\Users\msilv\AppData\Local\MiKTeX\fonts/pk/ljfour/jknappen/ec/dpi60
0\eccc1200.pk> <C:\Users\msilv\AppData\Local\MiKTeX\fonts/pk/ljfour/jknappen/ec
/dpi600\ecbx1000.pk> <C:\Users\msilv\AppData\Local\MiKTeX\fonts/pk/ljfour/jknap
pen/ec/dpi600\ecti1095.pk> <C:\Users\msilv\AppData\Local\MiKTeX\fonts/pk/ljfour
/jknappen/ec/dpi600\ecbx1095.pk> <C:\Users\msilv\AppData\Local\MiKTeX\fonts/pk/
ljfour/jknappen/ec/dpi600\ecrm1095.pk> <C:\Users\msilv\AppData\Local\MiKTeX\fon
ts/pk/ljfour/jknappen/ec/dpi600\ecti1200.pk> <C:\Users\msilv\AppData\Local\MiKT
eX\fonts/pk/ljfour/jknappen/ec/dpi600\ecrm0700.pk> <C:\Users\msilv\AppData\Loca
l\MiKTeX\fonts/pk/ljfour/jknappen/ec/dpi600\ecrm1000.pk> <C:\Users\msilv\AppDat
a\Local\MiKTeX\fonts/pk/ljfour/jknappen/ec/dpi600\ectt1000.pk> <C:\Users\msilv\
AppData\Local\MiKTeX\fonts/pk/ljfour/jknappen/ec/dpi600\ecbx1200.pk> <C:\Users\
msilv\AppData\Local\MiKTeX\fonts/pk/ljfour/jknappen/ec/dpi600\ecti1000.pk> <C:\
Users\msilv\AppData\Local\MiKTeX\fonts/pk/ljfour/jknappen/ec/dpi600\ecti0700.pk
> <C:\Users\msilv\AppData\Local\MiKTeX\fonts/pk/ljfour/jknappen/ec/dpi600\ecrm0
800.pk> <C:\Users\msilv\AppData\Local\MiKTeX\fonts/pk/ljfour/jknappen/ec/dpi600
\ecrm1200.pk> <C:\Users\msilv\AppData\Local\MiKTeX\fonts/pk/ljfour/jknappen/ec/
dpi600\ecrm1728.pk><C:/Users/msilv/AppData/Local/Programs/MiKTeX/fonts/type1/pu
blic/amsfonts/cm/cmbx12.pfb><C:/Users/msilv/AppData/Local/Programs/MiKTeX/fonts
/type1/public/amsfonts/cm/cmex10.pfb><C:/Users/msilv/AppData/Local/Programs/MiK
TeX/fonts/type1/public/amsfonts/cm/cmmi10.pfb><C:/Users/msilv/AppData/Local/Pro
grams/MiKTeX/fonts/type1/public/amsfonts/cm/cmmi12.pfb><C:/Users/msilv/AppData/
Local/Programs/MiKTeX/fonts/type1/public/amsfonts/cm/cmmi5.pfb><C:/Users/msilv/
AppData/Local/Programs/MiKTeX/fonts/type1/public/amsfonts/cm/cmmi6.pfb><C:/User
s/msilv/AppData/Local/Programs/MiKTeX/fonts/type1/public/amsfonts/cm/cmmi7.pfb>
<C:/Users/msilv/AppData/Local/Programs/MiKTeX/fonts/type1/public/amsfonts/cm/cm
mi8.pfb><C:/Users/msilv/AppData/Local/Programs/MiKTeX/fonts/type1/public/amsfon
ts/cm/cmr10.pfb><C:/Users/msilv/AppData/Local/Programs/MiKTeX/fonts/type1/publi
c/amsfonts/cm/cmr12.pfb><C:/Users/msilv/AppData/Local/Programs/MiKTeX/fonts/typ
e1/public/amsfonts/cm/cmr5.pfb><C:/Users/msilv/AppData/Local/Programs/MiKTeX/fo
nts/type1/public/amsfonts/cm/cmr6.pfb><C:/Users/msilv/AppData/Local/Programs/Mi
KTeX/fonts/type1/public/amsfonts/cm/cmr7.pfb><C:/Users/msilv/AppData/Local/Prog
rams/MiKTeX/fonts/type1/public/amsfonts/cm/cmr8.pfb><C:/Users/msilv/AppData/Loc
al/Programs/MiKTeX/fonts/type1/public/amsfonts/cm/cmsy10.pfb><C:/Users/msilv/Ap
pData/Local/Programs/MiKTeX/fonts/type1/public/amsfonts/cm/cmsy5.pfb><C:/Users/
msilv/AppData/Local/Programs/MiKTeX/fonts/type1/public/amsfonts/cm/cmsy6.pfb><C
:/Users/msilv/AppData/Local/Programs/MiKTeX/fonts/type1/public/amsfonts/cm/cmsy
7.pfb><C:/Users/msilv/AppData/Local/Programs/MiKTeX/fonts/type1/public/amsfonts
/cm/cmsy8.pfb><C:/Users/msilv/AppData/Local/Programs/MiKTeX/fonts/type1/public/
amsfonts/cm/cmti12.pfb><C:/Users/msilv/AppData/Local/Programs/MiKTeX/fonts/type
1/public/amsfonts/symbols/msam10.pfb><C:/Users/msilv/AppData/Local/Programs/MiK
TeX/fonts/type1/public/amsfonts/symbols/msbm10.pfb>
Output written on Draft.pdf (95 pages, 2375259 bytes).
PDF statistics:
 2626 PDF objects out of 2984 (max. 8388607)
 342 named destinations out of 1000 (max. 500000)
 488 words of extra memory for PDF output out of 10000 (max. 10000000)

