\BOOKMARK [1][-]{section.1}{\376\377\000I\000n\000t\000r\000o\000d\000u\000c\000t\000i\000o\000n}{}% 1
\BOOKMARK [1][-]{section.2}{\376\377\000E\000n\000v\000i\000r\000o\000n\000m\000e\000n\000t}{}% 2
\BOOKMARK [2][-]{subsection.2.1}{\376\377\000P\000r\000e\000f\000e\000r\000e\000n\000c\000e\000s}{section.2}% 3
\BOOKMARK [2][-]{subsection.2.2}{\376\377\000L\000a\000w\000s\000\040\000o\000f\000\040\000m\000o\000t\000i\000o\000n\000\040\000f\000o\000r\000\040\000f\000i\000r\000m\000s\000,\000\040\000u\000n\000e\000m\000p\000l\000o\000y\000m\000e\000n\000t\000,\000\040\000a\000n\000d\000\040\000v\000a\000c\000a\000n\000c\000i\000e\000s}{section.2}% 4
\BOOKMARK [2][-]{subsection.2.3}{\376\377\000S\000t\000o\000c\000h\000a\000s\000t\000i\000c\000\040\000p\000r\000o\000c\000e\000s\000s\000e\000s}{section.2}% 5
\BOOKMARK [1][-]{section.3}{\376\377\000E\000q\000u\000i\000l\000i\000b\000r\000i\000u\000m}{}% 6
\BOOKMARK [2][-]{subsection.3.1}{\376\377\000H\000o\000u\000s\000e\000h\000o\000l\000d\000\040\000p\000r\000o\000b\000l\000e\000m}{section.3}% 7
\BOOKMARK [2][-]{subsection.3.2}{\376\377\000R\000e\000c\000r\000u\000i\000t\000e\000r\000s}{section.3}% 8
\BOOKMARK [2][-]{subsection.3.3}{\376\377\000W\000a\000g\000e\000\040\000d\000e\000t\000e\000r\000m\000i\000n\000a\000t\000i\000o\000n}{section.3}% 9
\BOOKMARK [2][-]{subsection.3.4}{\376\377\000R\000e\000t\000a\000i\000l\000e\000r\000s}{section.3}% 10
\BOOKMARK [2][-]{subsection.3.5}{\376\377\000F\000i\000r\000m\000\040\000e\000n\000t\000r\000y\000\040\000a\000n\000d\000\040\000e\000x\000i\000t}{section.3}% 11
\BOOKMARK [2][-]{subsection.3.6}{\376\377\000A\000g\000g\000r\000e\000g\000a\000t\000i\000o\000n}{section.3}% 12
\BOOKMARK [2][-]{subsection.3.7}{\376\377\000D\000e\000f\000i\000n\000i\000t\000i\000o\000n\000\040\000o\000f\000\040\000e\000q\000u\000i\000l\000i\000b\000r\000i\000u\000m}{section.3}% 13
\BOOKMARK [2][-]{subsection.3.8}{\376\377\000L\000i\000m\000i\000t\000i\000n\000g\000\040\000c\000a\000s\000e\000s}{section.3}% 14
\BOOKMARK [2][-]{subsection.3.9}{\376\377\000S\000t\000e\000a\000d\000y\000\040\000s\000t\000a\000t\000e}{section.3}% 15
\BOOKMARK [1][-]{section.4}{\376\377\000E\000m\000p\000i\000r\000i\000c\000a\000l\000\040\000E\000v\000i\000d\000e\000n\000c\000e\000\040\000a\000n\000d\000\040\000B\000a\000r\000t\000i\000k\000\040\000L\000o\000c\000a\000l\000\040\000P\000r\000o\000j\000e\000c\000t\000i\000o\000n\000s}{}% 16
\BOOKMARK [2][-]{subsection.4.1}{\376\377\000O\000v\000e\000r\000v\000i\000e\000w\000\040\000a\000n\000d\000\040\000i\000d\000e\000n\000t\000i\000f\000i\000c\000a\000t\000i\000o\000n\000\040\000s\000t\000r\000a\000t\000e\000g\000y}{section.4}% 17
\BOOKMARK [2][-]{subsection.4.2}{\376\377\000I\000n\000s\000t\000r\000u\000m\000e\000n\000t\000\040\000c\000o\000n\000s\000t\000r\000u\000c\000t\000i\000o\000n}{section.4}% 18
\BOOKMARK [2][-]{subsection.4.3}{\376\377\000L\000o\000c\000a\000l\000\040\000p\000r\000o\000j\000e\000c\000t\000i\000o\000n\000\040\000s\000p\000e\000c\000i\000f\000i\000c\000a\000t\000i\000o\000n}{section.4}% 19
\BOOKMARK [2][-]{subsection.4.4}{\376\377\000R\000e\000s\000u\000l\000t\000s}{section.4}% 20
\BOOKMARK [1][-]{section.5}{\376\377\000Q\000u\000a\000n\000t\000i\000t\000a\000t\000i\000v\000e\000\040\000a\000n\000a\000l\000y\000s\000i\000s}{}% 21
\BOOKMARK [2][-]{subsection.5.1}{\376\377\000C\000o\000m\000p\000a\000r\000i\000s\000o\000n\000\040\000t\000o\000\040\000C\000o\000l\000e\000s\000\040\000a\000n\000d\000\040\000K\000e\000l\000i\000s\000h\000o\000m\000i}{section.5}% 22
\BOOKMARK [2][-]{subsection.5.2}{\376\377\000C\000a\000l\000i\000b\000r\000a\000t\000i\000o\000n\000\040\000a\000n\000d\000\040\000e\000s\000t\000i\000m\000a\000t\000i\000o\000n\000\040\000v\000i\000a\000\040\000B\000a\000y\000e\000s\000i\000a\000n\000\040\000s\000i\000m\000u\000l\000a\000t\000e\000d\000\040\000m\000e\000t\000h\000o\000d\000\040\000o\000f\000\040\000m\000o\000m\000e\000n\000t\000s}{section.5}% 23
\BOOKMARK [2][-]{subsection.5.3}{\376\377\000P\000o\000s\000t\000e\000r\000i\000o\000r\000\040\000e\000s\000t\000i\000m\000a\000t\000e\000s}{section.5}% 24
\BOOKMARK [2][-]{subsection.5.4}{\376\377\000I\000m\000p\000u\000l\000s\000e\000\040\000r\000e\000s\000p\000o\000n\000s\000e\000s}{section.5}% 25
\BOOKMARK [2][-]{subsection.5.5}{\376\377\000I\000n\000s\000p\000e\000c\000t\000i\000n\000g\000\040\000t\000h\000e\000\040\000m\000e\000c\000h\000a\000n\000i\000s\000m}{section.5}% 26
\BOOKMARK [1][-]{section.6}{\376\377\000C\000o\000n\000c\000l\000u\000s\000i\000o\000n}{}% 27
\BOOKMARK [1][-]{appendix.A}{\376\377\000S\000t\000e\000a\000d\000y\000\040\000s\000t\000a\000t\000e}{}% 28
\BOOKMARK [1][-]{appendix.B}{\376\377\000D\000e\000r\000i\000v\000a\000t\000i\000o\000n\000s}{}% 29
\BOOKMARK [2][-]{subsection.B.1}{\376\377\000R\000e\000l\000a\000t\000i\000o\000n\000s\000h\000i\000p\000\040\000b\000e\000t\000w\000e\000e\000n\000\040\000p\000r\000o\000f\000i\000t\000\040\000s\000h\000a\000r\000e\000\040\000a\000n\000d\000\040\000P\000o\000w\000e\000r\000\040\000l\000a\000w\000\040\000s\000h\000a\000p\000e\000\040\000p\000a\000r\000a\000m\000e\000t\000e\000r\000\040}{appendix.B}% 30
\BOOKMARK [2][-]{subsection.B.2}{\376\377\000R\000e\000s\000o\000u\000r\000c\000e\000\040\000c\000o\000n\000s\000t\000r\000a\000i\000n\000t\000\040\000c\000u\000r\000v\000e}{appendix.B}% 31
\BOOKMARK [2][-]{subsection.B.3}{\376\377\000L\000a\000b\000o\000r\000\040\000s\000h\000a\000r\000e\000\040\000o\000f\000\040\000G\000D\000P}{appendix.B}% 32
\BOOKMARK [2][-]{subsection.B.4}{\376\377\000W\000a\000g\000e\000\040\000d\000e\000t\000e\000r\000m\000i\000n\000a\000t\000i\000o\000n}{appendix.B}% 33
\BOOKMARK [1][-]{appendix.C}{\376\377\000L\000i\000m\000i\000t\000i\000n\000g\000\040\000c\000a\000s\000e\000s}{}% 34
\BOOKMARK [2][-]{subsection.C.1}{\376\377\000D\000e\000t\000a\000i\000l\000s\000\040\000o\000f\000\040\000c\000o\000m\000p\000a\000r\000a\000t\000i\000v\000e\000\040\000s\000t\000a\000t\000i\000c\000s}{appendix.C}% 35
