Starting Dynare (version 4.4.3).
Starting preprocessing of the model file ...
Substitution of endo lags >= 2: added 21 auxiliary variables and equations.
Found 65 equation(s).
Evaluating expressions...done
Computing static model derivatives:
 - order 1
Computing dynamic model derivatives:
 - order 1
Processing outputs ...done
Preprocessing completed.
Starting MATLAB/Octave computing.




Residuals of the static equations:

Equation number 1 : 0 : Market tightness
Equation number 2 : 0 : Job finding probability
Equation number 3 : 0 : Vacancy filling probability
Equation number 4 : 0 : Relative price
Equation number 5 : 0 : Lagrangian multiplier
Equation number 6 : 0 : Firm value
Equation number 7 : 0 : Free entry
Equation number 8 : 0 : Entry technology
Equation number 9 : 0 : Job creation condition
Equation number 10 : 0 : Expected discounted difference in vacancy value
Equation number 11 : 0 : Value of a vacancy
Equation number 12 : 0 : Marginal cost of production
Equation number 13 : 0 : Wage equation
Equation number 14 : 0 : LOM of firms
Equation number 15 : 0 : LOM of unemployment
Equation number 16 : 0 : LOM of vacancies
Equation number 17 : 0 : Aggregate separation rate
Equation number 18 : 0 : Aggregate labor
Equation number 19 : 0 : Composition of labor
Equation number 20 : 0 : Retail output: resources
Equation number 21 : 0 : Sunk vacancy posting costs
Equation number 22 : 0 : Retail output: expenditure
Equation number 23 : 0 : Gross output: expenditure
Equation number 24 : 0 : Gross output: income
Equation number 25 : 0 : GDP
Equation number 26 : 0 : Labor share
Equation number 27 : 0 : Labor productivity (data consistent)
Equation number 28 : 0 : Labor productivity process
Equation number 29 : 0 : Separation rate process
Equation number 30 : 0 : Product line destruction process
Equation number 31 : 0 : Unemployment observation
Equation number 32 : 0 : Vacancy observation
Equation number 33 : 0 : Job separation observation
Equation number 34 : 0 : Job finding rate
Equation number 35 : 0 : Business destruction observation
Equation number 36 : 0 : Business formation observation
Equation number 37 : 0 : Labor productivity observation
Equation number 38 : 0 : Lag unemployment observation
Equation number 39 : 0 : Lag vacancy observation
Equation number 40 : 0 : Job separation observation
Equation number 41 : 0 : Job finding rate
Equation number 42 : 0 : Lag business destruction observation
Equation number 43 : 0 : Lag business formation observation
Equation number 44 : 0 : Lag labor productivity observation



STEADY-STATE RESULTS:

theta             		 0.5125
f                 		 0.412687
q                 		 0.805243
p                 		 1
lam               		 0.872412
nu                		 25.7179
d                 		 0.253306
Ne                		 0.00655422
K                 		 0.0740728
Q                 		 7.5946
e                 		 0.0062884
wint              		 1.08042
w                 		 1
N                 		 1
u                 		 0.0702948
v                 		 0.0360261
tau               		 0.031
L                 		 0.929705
Le                		 0.156014
Lc                		 0.773691
X                 		 0.0185879
C                 		 1.07063
Yc                		 1.08922
Ygross            		 1.25778
Y                 		 1.23919
ls                		 0.750252
lp                		 1.33289
z                 		 1.40782
s                 		 0.024649
delta             		 0.00651155
u_obs             		 -2.65506
v_obs             		 -3.32351
tau_obs           		 -3.47377
f_obs             		 -0.891598
delta_obs         		 -3.93557
bf_obs            		 -5.02765
lp_obs            		 0.287346
u_obs_lag         		 -2.65506
v_obs_lag         		 -3.32351
tau_obs_lag       		 -3.47377
f_obs_lag         		 -0.891598
delta_obs_lag     		 -3.93557
bf_obs_lag        		 -5.02765
lp_obs_lag        		 0.287346

EIGENVALUES:
         Modulus             Real        Imaginary

               0               -0                0
               0               -0                0
               0               -0                0
               0               -0                0
               0               -0                0
               0               -0                0
               0               -0                0
               0               -0                0
               0               -0                0
               0               -0                0
               0               -0                0
               0               -0                0
               0               -0                0
               0               -0                0
               0               -0                0
               0               -0                0
               0               -0                0
               0               -0                0
               0               -0                0
               0               -0                0
               0               -0                0
               0               -0                0
               0               -0                0
               0               -0                0
               0                0                0
               0                0                0
               0               -0                0
               0               -0                0
               0               -0                0
               0               -0                0
       3.828e-17        3.828e-17                0
       4.369e-17        4.369e-17                0
       5.565e-16       -5.565e-16                0
          0.4108           0.4108                0
            0.78             0.78                0
           0.935            0.935                0
           0.963            0.963                0
           0.976            0.976                0
          0.9865           0.9865                0
           1.013            1.013                0
           1.027            1.027                0
           2.121            2.121                0
       1.238e+17       -1.238e+17                0
       7.369e+17        7.369e+17                0
       1.137e+18       -1.137e+18                0
       6.357e+18       -6.357e+18                0
       3.586e+19        3.586e+19                0
       1.075e+20        1.075e+20                0


There are 9 eigenvalue(s) larger than 1 in modulus 
for 9 forward-looking variable(s)

The rank condition is verified.


MODEL SUMMARY

  Number of variables:         65
  Number of stochastic shocks: 3
  Number of state variables:   39
  Number of jumpers:           9
  Number of static variables:  19


MATRIX OF COVARIANCE OF EXOGENOUS SHOCKS

Variables      e_z       e_s     e_delta 
e_z          1.000000  0.000000  0.000000
e_s          0.000000  1.000000  0.000000
e_delta      0.000000  0.000000  1.000000

POLICY AND TRANSITION FUNCTIONS
                        u_obs            v_obs            tau_obs          f_obs            delta_obs        bf_obs           lp_obs           
Constant                   -2.655058       -3.323512       -3.473768       -0.891598       -3.935566       -5.027645        0.287346
f(-1)                              0               0               0        0.807714               0               0               0
Ne(-1)                             0               0               0               0               0       50.857784               0
N(-1)                      -0.000847        0.005165               0        0.002066               0       -0.417142        0.016050
u(-1)                       8.183043       -0.077365               0       -1.927720               0       -2.004577        0.023465
v(-1)                      -0.288727       11.013086               0        0.704212               0       -0.033748        0.006440
tau(-1)                            0               0       10.752688               0               0               0               0
lp(-1)                             0               0               0               0               0               0        0.250084
z(-1)                      -0.002457        0.014980               0        0.005992               0        1.111878        0.191679
delta(-1)                   3.960596        1.149172        9.805949       -0.189558       99.054812       -2.855715       -0.198156
u(-2)                       4.741935               0               0               0               0               0               0
v(-2)                              0        9.252557               0               0               0               0               0
tau(-2)                            0               0       10.752688               0               0               0               0
delta(-2)                          0               0               0       -0.335518       51.191117               0               0
f(-2)                              0               0               0        0.807714               0               0               0
Ne(-2)                             0               0               0               0               0       50.857784               0
lp(-2)                             0               0               0               0               0               0        0.250084
q(-1)                       0.053409       -0.325663               0       -0.130265               0        0.006243       -0.001191
s(-1)                       2.041020        8.385963        8.332484        3.354385               0       -0.041517        0.029853
e_z                         0.000020       -0.000120               0       -0.000048               0       -0.008940       -0.001541
e_s                         0.005511       -0.000029        0.013429       -0.000012               0        0.000193       -0.000001
e_delta                     0.000537        0.000195        0.001345        0.000035        0.006567       -0.000393       -0.000027


THEORETICAL MOMENTS

VARIABLE       MEAN    STD. DEV.   VARIANCE 
u_obs          -2.6551     0.0683     0.0047
v_obs          -3.3235     0.1085     0.0118
tau_obs        -3.4738     0.0592     0.0035
f_obs          -0.8916     0.0565     0.0032
delta_obs      -3.9356     0.0539     0.0029
bf_obs         -5.0276     0.0898     0.0081
lp_obs          0.2873     0.0176     0.0003



VARIANCE DECOMPOSITION (in percent)

              e_z      e_s    e_delta 
u_obs           3.84    31.90    64.25
v_obs           4.36    44.44    51.20
tau_obs         0.00    96.51     3.49
f_obs           6.49     5.74    87.77
delta_obs       0.00     0.00   100.00
bf_obs         95.09     3.37     1.54
lp_obs         99.65     0.06     0.29

CONDITIONAL VARIANCE DECOMPOSITION (in percent)
Period 12:
              e_z      e_s    e_delta 
u_obs           0.17    85.00    14.83
v_obs           0.28    96.74     2.98
tau_obs         0.00    97.32     2.68
f_obs           1.48    59.22    39.30
delta_obs       0.00     0.00   100.00
bf_obs         94.22     5.12     0.66
lp_obs         99.84     0.12     0.04
Period 24:
              e_z      e_s    e_delta 
u_obs           0.73    61.71    37.56
v_obs           0.99    80.47    18.54
tau_obs         0.00    96.67     3.33
f_obs           2.68    21.25    76.07
delta_obs       0.00     0.00   100.00
bf_obs         95.39     3.74     0.87
lp_obs         99.85     0.08     0.07
Period 36:
              e_z      e_s    e_delta 
u_obs           1.33    48.12    50.55
v_obs           1.70    65.85    32.45
tau_obs         0.00    96.54     3.46
f_obs           3.35    12.01    84.64
delta_obs       0.00     0.00   100.00
bf_obs         95.58     3.48     0.94
lp_obs         99.83     0.07     0.10
Period 48:
              e_z      e_s    e_delta 
u_obs           1.86    41.07    57.07
v_obs           2.29    57.00    40.72
tau_obs         0.00    96.52     3.48
f_obs           3.92     8.84    87.24
delta_obs       0.00     0.00   100.00
bf_obs         95.62     3.43     0.95
lp_obs         99.80     0.06     0.14
Period 60:
              e_z      e_s    e_delta 
u_obs           2.30    37.28    60.42
v_obs           2.76    51.93    45.31
tau_obs         0.00    96.51     3.49
f_obs           4.43     7.44    88.13
delta_obs       0.00     0.00   100.00
bf_obs         95.62     3.43     0.95
lp_obs         99.77     0.06     0.17



MATRIX OF CORRELATIONS

Variables     u_obs      v_obs     tau_obs     f_obs    delta_obs    bf_obs     lp_obs  
u_obs           1.0000    -0.2461     0.6281    -0.6670     0.4567    -0.1890    -0.1422
v_obs          -0.2461     1.0000     0.5147     0.8816    -0.2950    -0.0298     0.1843
tau_obs         0.6281     0.5147     1.0000     0.1226     0.1868    -0.1711     0.0161
f_obs          -0.6670     0.8816     0.1226     1.0000    -0.4406     0.0683     0.2083
delta_obs       0.4567    -0.2950     0.1868    -0.4406     1.0000    -0.0886    -0.0267
bf_obs         -0.1890    -0.0298    -0.1711     0.0683    -0.0886     1.0000     0.9206
lp_obs         -0.1422     0.1843     0.0161     0.2083    -0.0267     0.9206     1.0000



COEFFICIENTS OF AUTOCORRELATION

Order          1       2       3       4       5   
u_obs        0.9842  0.9454  0.8969  0.8509  0.8107
v_obs        0.9780  0.9238  0.8566  0.7933  0.7389
tau_obs      0.9301  0.7828  0.6156  0.4849  0.3826
f_obs        0.9966  0.9878  0.9764  0.9645  0.9530
delta_obs    0.9785  0.9297  0.8693  0.8128  0.7599
bf_obs       0.9835  0.9455  0.8979  0.8523  0.8091
lp_obs       0.9886  0.9625  0.9295  0.8978  0.8672
Total computing time : 0h00m07s
