Starting Dynare (version 5.4).
Calling Dynare with arguments: none
Starting preprocessing of the model file ...
Substitution of endo lags >= 2: added 1 auxiliary variables and equations.
Found 37 equation(s).
Evaluating expressions...done
Computing static model derivatives (order 1).
Computing dynamic model derivatives (order 1).
Processing outputs ...
done
Preprocessing completed.





Residuals of the static equations:

Equation number 1 : 0 : Job creation condition
Equation number 2 : 0 : Marginal revenue product
Equation number 3 : 0 : Wage equation
Equation number 4 : 0 : Value of a vacancy
Equation number 5 : 0 : Expected discounted difference in vacancy value
Equation number 6 : 0 : Market tightness
Equation number 7 : 0 : Job finding probability
Equation number 8 : 0 : Vacancy filling probability
Equation number 9 : 0 : Aggregate labor
Equation number 10 : 0 : Composition of labor
Equation number 11 : 0 : Relative price
Equation number 12 : 0 : Lagrangian multiplier
Equation number 13 : 0 : Firm value
Equation number 14 : 0 : Retail output: resources
Equation number 15 : 0 : Retail output: expenditure
Equation number 16 : 0 : Sunk vacancy posting costs
Equation number 17 : 0 : Business entrants
Equation number 18 : 0 : nu_f
Equation number 19 : 0 : Output: expenditure
Equation number 20 : 0 : Output: income
Equation number 21 : 0 : LOM of vacancies
Equation number 22 : 0 : LOM of unemployment
Equation number 23 : 0 : LOM of firms
Equation number 24 : 0 : labor share
Equation number 25 : 0 : Aggregate separation rate
Equation number 26 : 0 : z_obs
Equation number 27 : 0 : u_obs
Equation number 28 : 0 : v_obs
Equation number 29 : 0 : u_imp
Equation number 30 : 0 : v_imp
Equation number 31 : 0 : theta_imp
Equation number 32 : 0 : e_imp
Equation number 33 : 0 : N_imp
Equation number 34 : 0 : N_e_imp
Equation number 35 : 0 : C_imp
Equation number 36 : 0 : Labor productivity process



STEADY-STATE RESULTS:

Q                 		 41.2806
K                 		 0.346476
w                 		 1
e                 		 0.00496386
v                 		 0.0360261
u                 		 0.0702948
theta             		 0.5125
f                 		 0.412118
q                 		 0.804133
N                 		 1
N_e               		 0.00516656
p                 		 1
w_R               		 1.36132
nu_f              		 1.50112
d_f               		 0.0127058
Y_c               		 1.27058
C                 		 1.13397
Omega             		 0.136607
lam               		 0.881856
Y                 		 1.27833
L                 		 0.929705
L_e               		 0.0056971
L_c               		 0.924008
labor_share_obs   		 0.727278
theta_z           		 0
z_obs_m           		 0
z_obs             		 0
u_obs             		 0
v_obs             		 0
u_imp             		 -265.506
v_imp             		 -332.351
theta_imp         		 -66.8455
e_imp             		 -530.557
N_imp             		 0
N_e_imp           		 -526.555
C_imp             		 12.5726

EIGENVALUES:
         Modulus             Real        Imaginary

               0                0                0
               0                0                0
               0                0                0
       1.083e-18       -1.083e-18                0
       2.003e-17        2.003e-17                0
       1.416e-16        1.416e-16                0
          0.4228           0.4228                0
          0.9165           0.9165                0
          0.9998           0.9998                0
           1.081            1.081                0
           1.209            1.209                0
           2.496            2.496                0
       9.775e+18        9.775e+18                0
       3.607e+19       -3.607e+19                0
       9.817e+19       -9.817e+19                0
        4.31e+20         4.31e+20                0
       9.582e+20        9.582e+20                0


There are 8 eigenvalue(s) larger than 1 in modulus 
for 8 forward-looking variable(s)

The rank condition is verified.


MODEL SUMMARY

  Number of variables:         37
  Number of stochastic shocks: 1
  Number of state variables:   9
  Number of jumpers:           8
  Number of static variables:  21


MATRIX OF COVARIANCE OF EXOGENOUS SHOCKS
Variables         e_z
e_z          0.000049



THEORETICAL MOMENTS
VARIABLE                  MEAN    STD. DEV.     VARIANCE
u_obs                   0.0000       0.0006       0.0000
v_obs                   0.0000       0.0005       0.0000
z_obs                   0.0000       0.0099       0.0001
theta_z                 0.0000       0.0070       0.0000
u_imp                -265.5058       0.8864       0.7857
v_imp                -332.3512       1.4973       2.2418
theta_imp             -66.8455       2.3836       5.6815
e_imp                -530.5572       0.1603       0.0257
N_imp                   0.0000       1.3615       1.8536
N_e_imp              -526.5549     107.4944   11555.0543
C_imp                  12.5726       0.3598       0.1294
labor_share_obs         0.7273       0.0044       0.0000
L_c                     0.9240       0.0061       0.0000
L_e                     0.0057       0.0061       0.0000



MATRIX OF CORRELATIONS
Variables                    u_obs            v_obs            z_obs          theta_z            u_imp            v_imp        theta_imp            e_imp            N_imp          N_e_imp            C_imp  labor_share_obs              L_c              L_e
u_obs                       1.0000          -0.9999           0.0025           0.0000           1.0000          -0.9999          -1.0000          -0.7477          -0.1055           0.0091           0.9144          -0.9798          -0.1109           0.0092
v_obs                      -0.9999           1.0000          -0.0043           0.0028          -0.9999           1.0000           1.0000           0.7580           0.1209          -0.0093          -0.9081           0.9790           0.1111          -0.0094
z_obs                       0.0025          -0.0043           1.0000           0.7071           0.0025          -0.0043          -0.0037          -0.0193          -0.2368           0.7396           0.0194          -0.1433          -0.7354           0.7397
theta_z                     0.0000           0.0028           0.7071           1.0000           0.0000           0.0028           0.0018           0.1897           0.0000           0.9815           0.1504          -0.2001          -0.9752           0.9812
u_imp                       1.0000          -0.9999           0.0025           0.0000           1.0000          -0.9999          -1.0000          -0.7477          -0.1055           0.0091           0.9144          -0.9798          -0.1109           0.0092
v_imp                      -0.9999           1.0000          -0.0043           0.0028          -0.9999           1.0000           1.0000           0.7580           0.1209          -0.0093          -0.9081           0.9790           0.1111          -0.0094
theta_imp                  -1.0000           1.0000          -0.0037           0.0018          -1.0000           1.0000           1.0000           0.7542           0.1152          -0.0092          -0.9105           0.9793           0.1110          -0.0093
e_imp                      -0.7477           0.7580          -0.0193           0.1897          -0.7477           0.7580           0.7542           1.0000           0.7117           0.0576          -0.4161           0.6926           0.0197           0.0568
N_imp                      -0.1055           0.1209          -0.2368           0.0000          -0.1055           0.1209           0.1152           0.7117           1.0000          -0.1913           0.2772           0.1002           0.2020          -0.1925
N_e_imp                     0.0091          -0.0093           0.7396           0.9815           0.0091          -0.0093          -0.0092           0.0576          -0.1913           1.0000           0.0841          -0.2047          -0.9948           1.0000
C_imp                       0.9144          -0.9081           0.0194           0.1504           0.9144          -0.9081          -0.9105          -0.4161           0.2772           0.0841           1.0000          -0.9272          -0.1762           0.0836
labor_share_obs            -0.9798           0.9790          -0.1433          -0.2001          -0.9798           0.9790           0.9793           0.6926           0.1002          -0.2047          -0.9272           1.0000           0.3032          -0.2047
L_c                        -0.1109           0.1111          -0.7354          -0.9752          -0.1109           0.1111           0.1110           0.0197           0.2020          -0.9948          -0.1762           0.3032           1.0000          -0.9948
L_e                         0.0092          -0.0094           0.7397           0.9812           0.0092          -0.0094          -0.0093           0.0568          -0.1925           1.0000           0.0836          -0.2047          -0.9948           1.0000



COEFFICIENTS OF AUTOCORRELATION
Order                    1        2        3        4        5
u_obs               1.0000   1.0000   0.9999   0.9999   0.9998
v_obs               1.0000   0.9999   0.9999   0.9998   0.9997
z_obs               0.0000   0.0000  -0.5000   0.0000   0.0000
theta_z             0.0000   0.0000   0.0000   0.0000   0.0000
u_imp               1.0000   1.0000   0.9999   0.9999   0.9998
v_imp               1.0000   0.9999   0.9999   0.9998   0.9997
theta_imp           1.0000   1.0000   0.9999   0.9998   0.9998
e_imp               0.9790   0.9453   0.9138   0.8846   0.8577
N_imp               0.9172   0.8414   0.7718   0.7081   0.6496
N_e_imp            -0.0414  -0.0381  -0.0349  -0.0320  -0.0294
C_imp               0.9880   0.9749   0.9628   0.9517   0.9416
labor_share_obs     0.9602   0.9598   0.9594   0.9590   0.9586
L_c                -0.0288  -0.0256  -0.0227  -0.0200  -0.0175
L_e                -0.0414  -0.0381  -0.0350  -0.0321  -0.0294
Total computing time : 0h00m02s
