Starting Dynare (version 5.4).
Calling Dynare with arguments: none
Starting preprocessing of the model file ...
WARNING: in the 'steady_state_model' block, variable 'v' is declared twice
WARNING: in the 'steady_state_model' block, variable 'u_imp' is not assigned a value
Found 10 equation(s).
Evaluating expressions...done
Computing static model derivatives (order 1).
Computing dynamic model derivatives (order 2).
Processing outputs ...
done
Preprocessing completed.





Residuals of the static equations:

Equation number 1 : 0 : Job creation condition
Equation number 2 : 0 : Wage equation
Equation number 3 : 0 : LOM of unemployment
Equation number 4 : 0 : Market tightness
Equation number 5 : 0 : Job finding probability
Equation number 6 : 0 : Vacancy filling probability
Equation number 7 : 0 : u_imp
Equation number 8 : 0 : v_imp
Equation number 9 : 0 : theta_imp
Equation number 10 : 0 : Labor productivity process


[Warning: Some of the parameters have no value (delta, rho_b, rho_alphaL) when using steady. If these parameters are
not initialized in a steadystate file or a steady_state_model-block, Dynare may not be able to solve the model. Note
that simul, perfect_foresight_setup, and perfect_foresight_solver do not automatically call the steady state file.] 

STEADY-STATE RESULTS:

w         		 0.994226
v         		 0.0404971
u         		 0.0714949
theta     		 0.566434
f         		 0.454545
q         		 0.802469
theta_x   		 0
u_imp     		 0
v_imp     		 0
theta_imp 		 0

EIGENVALUES:
         Modulus             Real        Imaginary

       5.471e-18        5.471e-18                0
          0.5105           0.5105                0
           0.979            0.979                0
           1.966            1.966                0
       2.315e+18       -2.315e+18                0
       8.592e+31       -8.592e+31                0


There are 3 eigenvalue(s) larger than 1 in modulus 
for 3 forward-looking variable(s)

The rank condition is verified.

[Warning: Some of the parameters have no value (delta, rho_b, rho_alphaL) when using stoch_simul. If these parameters
are not initialized in a steadystate file or a steady_state_model-block, Dynare may not be able to solve the model.
Note that simul, perfect_foresight_setup, and perfect_foresight_solver do not automatically call the steady state
file.] 

MODEL SUMMARY

  Number of variables:         10
  Number of stochastic shocks: 1
  Number of state variables:   3
  Number of jumpers:           3
  Number of static variables:  5


MATRIX OF COVARIANCE OF EXOGENOUS SHOCKS
Variables         e_x
e_x          0.000049



THEORETICAL MOMENTS BASED ON PRUNED STATE SPACE
VARIABLE           MEAN   STD. DEV.    VARIANCE
theta_x         -0.0000      0.0343      0.0012
u_imp            3.7337     20.8948    436.5944
v_imp           -4.9134     26.1630    684.5019
theta_imp       -8.6471     45.8686   2103.9324



MATRIX OF CORRELATIONS BASED ON PRUNED STATE SPACE
Variables      theta_x      u_imp      v_imp  theta_imp
theta_x         1.0000    -0.9435     0.9407     0.9663
u_imp          -0.9435     1.0000    -0.8989    -0.9683
v_imp           0.9407    -0.8989     1.0000     0.9799
theta_imp       0.9663    -0.9683     0.9799     1.0000



COEFFICIENTS OF AUTOCORRELATION BASED ON PRUNED STATE SPACE
Order             1       2       3       4       5
theta_x      0.9790  0.9584  0.9383  0.9186  0.8993
u_imp        0.9931  0.9792  0.9618  0.9427  0.9230
v_imp        0.9262  0.8773  0.8424  0.8152  0.7926
theta_imp    0.9776  0.9558  0.9345  0.9137  0.8933
Total computing time : 0h00m01s
Note: 2 warning(s) encountered in the preprocessor
Note: warning(s) encountered in MATLAB/Octave code
