Starting Dynare (version 5.4).
Calling Dynare with arguments: none
Starting preprocessing of the model file ...
Substitution of endo lags >= 2: added 1 auxiliary variables and equations.
Found 32 equation(s).
Evaluating expressions...done
Computing static model derivatives (order 1).
Computing dynamic model derivatives (order 1).
Processing outputs ...
done
Preprocessing completed.





Residuals of the static equations:

Equation number 1 : 0 : Job creation condition
Equation number 2 : 0 : Marginal revenue product
Equation number 3 : 0 : Wage equation
Equation number 4 : 0 : Market tightness
Equation number 5 : 0 : Job finding probability
Equation number 6 : 0 : Vacancy filling probability
Equation number 7 : 0 : Aggregate labor
Equation number 8 : 0 : Composition of labor
Equation number 9 : 0 : Relative price
Equation number 10 : 0 : Lagrangian multiplier
Equation number 11 : 0 : Firm value
Equation number 12 : 0 : Retail output: resources
Equation number 13 : 0 : Retail output: expenditure
Equation number 14 : 0 : N_e
Equation number 15 : 0 : nu_f
Equation number 16 : 0 : Y
Equation number 17 : 0 : 17
Equation number 18 : 0 : LOM of unemployment
Equation number 19 : 0 : LOM of firms
Equation number 20 : 0 : labor share
Equation number 21 : 0 : Aggregate separation rate
Equation number 22 : 0 : z_obs
Equation number 23 : 0 : u_obs
Equation number 24 : 0 : v_obs
Equation number 25 : 0 : u_imp
Equation number 26 : 0 : v_imp
Equation number 27 : 0 : theta_imp
Equation number 28 : 0 : N_imp
Equation number 29 : 0 : N_e_imp
Equation number 30 : 0 : C_imp
Equation number 31 : 0 : Labor productivity process



STEADY-STATE RESULTS:

w                 		 1
v                 		 0.0360261
u                 		 0.0702948
theta             		 0.5125
f                 		 0.412118
q                 		 0.804133
N                 		 1
N_e               		 0.00516656
p                 		 1
w_R               		 1.44504
nu_f              		 7.70107
d_f               		 0.0651836
Y_c               		 1.36886
C                 		 0.994698
lam               		 1.00801
Y                 		 1.40864
L                 		 0.929705
L_e               		 0.0275342
L_c               		 0.902171
labor_share_obs   		 0.66
theta_z           		 0
z_obs_m           		 0
z_obs             		 0
u_obs             		 0
v_obs             		 0
u_imp             		 -265.506
v_imp             		 -332.351
theta_imp         		 -66.8455
N_imp             		 0
N_e_imp           		 -526.555
C_imp             		 -0.531611

EIGENVALUES:
         Modulus             Real        Imaginary

               0                0                0
               0                0                0
       5.954e-18        5.954e-18                0
       8.322e-16        8.322e-16                0
          0.5574           0.5574                0
          0.9727           0.9727                0
           0.979            0.979                0
           1.022            1.022                0
           1.083            1.083                0
       8.083e+15        8.083e+15                0
       1.543e+16        1.543e+16                0
       1.994e+16       -1.994e+16                0
       2.992e+16       -2.992e+16                0


There are 6 eigenvalue(s) larger than 1 in modulus 
for 6 forward-looking variable(s)

The rank condition is verified.


MODEL SUMMARY

  Number of variables:         32
  Number of stochastic shocks: 1
  Number of state variables:   7
  Number of jumpers:           6
  Number of static variables:  19


MATRIX OF COVARIANCE OF EXOGENOUS SHOCKS
Variables         e_z
e_z          0.000049



THEORETICAL MOMENTS
VARIABLE                MEAN  STD. DEV.   VARIANCE
u_obs                 0.0000     0.0021     0.0000
v_obs                 0.0000     0.0019     0.0000
z_obs                 0.0000     0.0121     0.0001
theta_z               0.0000     0.0343     0.0012
u_imp              -265.5058     3.0216     9.1299
v_imp              -332.3512     5.3026    28.1174
theta_imp           -66.8455     8.2231    67.6188
N_imp                 0.0000     6.6647    44.4189
N_e_imp            -526.5549    30.8947   954.4822
C_imp                -0.5316     2.6587     7.0685
labor_share_obs       0.6600     0.0087     0.0001
L_c                   0.9022     0.0066     0.0000
L_e                   0.0275     0.0078     0.0001



MATRIX OF CORRELATIONS
Variables                    u_obs            v_obs            z_obs          theta_z            u_imp            v_imp        theta_imp            N_imp          N_e_imp            C_imp  labor_share_obs              L_c              L_e
u_obs                       1.0000          -0.9478           0.0626          -0.9560           1.0000          -0.9478          -0.9786          -0.8507          -0.6819          -0.9757           0.9451           0.4182          -0.6309
v_obs                      -0.9478           1.0000           0.2244           0.9914          -0.9478           1.0000           0.9931           0.7754           0.7368           0.9552          -0.9884          -0.5003           0.6868
z_obs                       0.0626           0.2244           1.0000           0.1756           0.0626           0.2244           0.1217          -0.1291           0.1962           0.0277          -0.1965          -0.2467           0.1936
theta_z                    -0.9560           0.9914           0.1756           1.0000          -0.9560           0.9914           0.9906           0.7250           0.8091           0.9345          -0.9993          -0.5893           0.7650
u_imp                       1.0000          -0.9478           0.0626          -0.9560           1.0000          -0.9478          -0.9786          -0.8507          -0.6819          -0.9757           0.9451           0.4182          -0.6309
v_imp                      -0.9478           1.0000           0.2244           0.9914          -0.9478           1.0000           0.9931           0.7754           0.7368           0.9552          -0.9884          -0.5003           0.6868
theta_imp                  -0.9786           0.9931           0.1217           0.9906          -0.9786           0.9931           1.0000           0.8126           0.7257           0.9745          -0.9846          -0.4763           0.6747
N_imp                      -0.8507           0.7754          -0.1291           0.7250          -0.8507           0.7754           0.8126           1.0000           0.2043           0.9227          -0.6986           0.1138           0.1356
N_e_imp                    -0.6819           0.7368           0.1962           0.8091          -0.6819           0.7368           0.7257           0.2043           1.0000           0.5595          -0.8277          -0.9493           0.9974
C_imp                      -0.9757           0.9552           0.0277           0.9345          -0.9757           0.9552           0.9745           0.9227           0.5595           1.0000          -0.9204          -0.2720           0.4994
labor_share_obs             0.9451          -0.9884          -0.1965          -0.9993           0.9451          -0.9884          -0.9846          -0.6986          -0.8277          -0.9204           1.0000           0.6167          -0.7854
L_c                         0.4182          -0.5003          -0.2467          -0.5893           0.4182          -0.5003          -0.4763           0.1138          -0.9493          -0.2720           0.6167           1.0000          -0.9686
L_e                        -0.6309           0.6868           0.1936           0.7650          -0.6309           0.6868           0.6747           0.1356           0.9974           0.4994          -0.7854          -0.9686           1.0000



COEFFICIENTS OF AUTOCORRELATION
Order                    1        2        3        4        5
u_obs               0.9958   0.9869   0.9755   0.9628   0.9494
v_obs               0.9629   0.9362   0.9154   0.8978   0.8822
z_obs               0.6561   0.3126  -0.0308  -0.0302  -0.0296
theta_z             0.9790   0.9584   0.9383   0.9186   0.8993
u_imp               0.9958   0.9869   0.9755   0.9628   0.9494
v_imp               0.9629   0.9362   0.9154   0.8978   0.8822
theta_imp           0.9852   0.9706   0.9562   0.9419   0.9278
N_imp               0.9997   0.9989   0.9976   0.9958   0.9934
N_e_imp             0.9871   0.9597   0.9249   0.8868   0.8474
C_imp               0.9939   0.9875   0.9809   0.9740   0.9670
labor_share_obs     0.9758   0.9528   0.9308   0.9095   0.8888
L_c                 0.9861   0.9574   0.9212   0.8816   0.8409
L_e                 0.9878   0.9602   0.9248   0.8857   0.8454
Total computing time : 0h00m02s
