Starting Dynare (version 5.4).
Calling Dynare with arguments: none
Starting preprocessing of the model file ...
WARNING: in the 'steady_state_model' block, variable 'u_imp' is not assigned a value
WARNING: in the 'steady_state_model' block, variable 'e_imp' is not assigned a value
Substitution of endo lags >= 2: added 2 auxiliary variables and equations.
Found 23 equation(s).
Evaluating expressions...done
Computing static model derivatives (order 1).
Computing dynamic model derivatives (order 2).
Processing outputs ...
done
Preprocessing completed.





Residuals of the static equations:

Equation number 1 : 0 : Job creation condition
Equation number 2 : 0 : Expected discounted difference in vacancy value
Equation number 3 : 0 : Wage equation
Equation number 4 : 0 : LOM of vacancies
Equation number 5 : 0 : LOM of unemployment
Equation number 6 : 0 : Market tightness
Equation number 7 : 0 : Job finding probability
Equation number 8 : 0 : Vacancy filling probability
Equation number 9 : 0 : x_obs_m
Equation number 10 : 0 : x_obs
Equation number 11 : 0 : w_obs_m
Equation number 12 : 0 : w_obs
Equation number 13 : 0 : u_obs
Equation number 14 : 0 : v_obs
Equation number 15 : 0 : u_imp
Equation number 16 : 0 : v_imp
Equation number 17 : 0 : theta_imp
Equation number 18 : 0 : e_imp
Equation number 19 : 0 : Labor productivity process
Equation number 20 : 0 : Discount factor process
Equation number 21 : 0 : Bargaining power process



STEADY-STATE RESULTS:

K                 		 0.0540665
w                 		 0.943422
e                 		 0.00498491
v                 		 0.0394206
u                 		 0.0695943
theta             		 0.566434
f                 		 0.456894
q                 		 0.806615
theta_x           		 0
theta_b           		 0
theta_alphaL      		 0
x_obs_m           		 0
x_obs             		 0
w_obs_m           		 0
w_obs             		 0
u_obs             		 0
v_obs             		 0
u_imp             		 0
v_imp             		 0
theta_imp         		 0
e_imp             		 0

EIGENVALUES:
         Modulus             Real        Imaginary

               0                0                0
               0                0                0
               0                0                0
               0                0                0
               0                0                0
        2.92e-17         2.92e-17                0
       3.148e-17       -3.148e-17                0
          0.3722           0.3722                0
           0.979            0.979                0
           0.979            0.979                0
           0.979            0.979                0
          0.9816           0.9816                0
           1.022            1.022                0
           2.794            2.794                0
       5.566e+16       -5.566e+16                0
       2.858e+17        2.858e+17                0
       1.816e+20       -1.816e+20                0


There are 5 eigenvalue(s) larger than 1 in modulus 
for 5 forward-looking variable(s)

The rank condition is verified.


MODEL SUMMARY

  Number of variables:         23
  Number of stochastic shocks: 3
  Number of state variables:   12
  Number of jumpers:           5
  Number of static variables:  9


MATRIX OF COVARIANCE OF EXOGENOUS SHOCKS
Variables         e_x       e_b  e_alphaL
e_x          0.000049  0.000000  0.000000
e_b          0.000000  0.000000  0.000000
e_alphaL     0.000000  0.000000  0.000000



THEORETICAL MOMENTS BASED ON PRUNED STATE SPACE
VARIABLE          MEAN  STD. DEV.   VARIANCE
u_obs           0.0013     0.0063     0.0000
v_obs          -0.0006     0.0059     0.0000
x_obs           0.0000     0.0121     0.0001
w_obs           0.0000     0.0057     0.0000
theta_x        -0.0000     0.0343     0.0012
u_imp           1.4591     8.9299    79.7425
v_imp          -2.5422    15.0995   227.9951
theta_imp      -4.0013    24.0174   576.8357
e_imp          -0.3134     4.9998    24.9978



MATRIX OF CORRELATIONS BASED ON PRUNED STATE SPACE
Variables        u_obs      v_obs      x_obs      w_obs    theta_x      u_imp      v_imp  theta_imp      e_imp
u_obs           1.0000    -0.9855     0.1162     0.1102    -0.6570     0.9981    -0.9965    -0.9976    -0.2309
v_obs          -0.9855     1.0000    -0.1012    -0.0955     0.7133    -0.9933     0.9945     0.9945     0.2893
x_obs           0.1162    -0.1012     1.0000     0.9898     0.1756     0.1173    -0.1004    -0.1067     0.3045
w_obs           0.1102    -0.0955     0.9898     1.0000     0.2151     0.1126    -0.0928    -0.1002     0.3487
theta_x        -0.6570     0.7133     0.1756     0.2151     1.0000    -0.6631     0.7078     0.6915     0.8705
u_imp           0.9981    -0.9933     0.1173     0.1126    -0.6631     1.0000    -0.9979    -0.9992    -0.2305
v_imp          -0.9965     0.9945    -0.1004    -0.0928     0.7078    -0.9979     1.0000     0.9997     0.2924
theta_imp      -0.9976     0.9945    -0.1067    -0.1002     0.6915    -0.9992     0.9997     1.0000     0.2695
e_imp          -0.2309     0.2893     0.3045     0.3487     0.8705    -0.2305     0.2924     0.2695     1.0000



COEFFICIENTS OF AUTOCORRELATION BASED ON PRUNED STATE SPACE
Order              1        2        3        4        5
u_obs         0.9998   0.9992   0.9983   0.9970   0.9953
v_obs         0.9998   0.9991   0.9981   0.9967   0.9950
x_obs         0.6561   0.3126  -0.0308  -0.0302  -0.0296
w_obs         0.6625   0.3244  -0.0136  -0.0142  -0.0144
theta_x       0.9790   0.9584   0.9383   0.9186   0.8993
u_imp         0.9998   0.9992   0.9983   0.9970   0.9954
v_imp         0.9998   0.9991   0.9981   0.9967   0.9950
theta_imp     0.9998   0.9992   0.9982   0.9969   0.9953
e_imp         0.9632   0.9275   0.8928   0.8591   0.8264
Total computing time : 0h00m02s
Note: 2 warning(s) encountered in the preprocessor
