Starting Dynare (version 6.2).
Calling Dynare with arguments: none
Starting preprocessing of the model file ... 
Substitution of endo lags >= 2: added 1 auxiliary variables and equations. 
Found 40 equation(s). 
Evaluating expressions... 
Computing static model derivatives (order 1). 
Normalizing the static model... 
Finding the optimal block decomposition of the static model... 
8 block(s) found: 
  7 recursive block(s) and 1 simultaneous block(s). 
  the largest simultaneous block has 20 equation(s) 
                                 and 20 feedback variable(s). 
Computing dynamic model derivatives (order 1). 
Normalizing the dynamic model... 
Finding the optimal block decomposition of the dynamic model... 
3 block(s) found: 
  2 recursive block(s) and 1 simultaneous block(s). 
  the largest simultaneous block has 23 equation(s) 
                                 and 18 feedback variable(s). 
Preprocessing completed. 
Preprocessing time: 0h00m00s.


Residuals of the static equations:
Equation number  1: Job creation condition                          :       0.000000
Equation number  2: Marginal revenue product                        :       0.000000
Equation number  3: Wage equation                                   :       0.000000
Equation number  4: Value of a vacancy                              :       0.000000
Equation number  5: Expected discounted difference in vacancy value :       0.000000
Equation number  6: Market tightness                                :       0.000000
Equation number  7: Job finding probability                         :       0.000000
Equation number  8: Vacancy filling probability                     :       0.000000
Equation number  9: Aggregate labor                                 :       0.000000
Equation number 10: Composition of labor                            :       0.000000
Equation number 11: Relative price                                  :       0.000000
Equation number 12: Lagrangian multiplier                           :       0.000000
Equation number 13: Firm value                                      :       0.000000
Equation number 14: Retail output: resources                        :       0.000000
Equation number 15: Retail output: expenditure                      :       0.000000
Equation number 16: Sunk vacancy posting costs                      :       0.000000
Equation number 17: Business entrants                               :       0.000000
Equation number 18: Firm value relative to price                    :       0.000000
Equation number 19: Output: expenditure                             :       0.000000
Equation number 20: Output: income                                  :       0.000000
Equation number 21: LOM of vacancies                                :       0.000000
Equation number 22: LOM of unemployment                             :       0.000000
Equation number 23: LOM of firms                                    :       0.000000
Equation number 24: labor share                                     :       0.000000
Equation number 25: Aggregate separation rate                       :       0.000000
Equation number 26: z_obs_m                                         :       0.000000
Equation number 27: z_obs                                           :       0.000000
Equation number 28: u_obs                                           :       0.000000
Equation number 29: v_obs                                           :       0.000000
Equation number 30: u_imp                                           :       0.000000
Equation number 31: v_imp                                           :       0.000000
Equation number 32: theta_imp                                       :       0.000000
Equation number 33: e_imp                                           :       0.000000
Equation number 34: N_imp                                           :       0.000000
Equation number 35: N_e_imp                                         :       0.000000
Equation number 36: C_imp                                           :       0.000000
Equation number 37: Y_imp                                           :       0.000000
Equation number 38: Labor productivity process                      :       0.000000
Equation number 39: theta_delta                                     :       0.000000



STEADY-STATE RESULTS:

Q                 		 20.4752
K                 		 0.171852
w                 		 1
e                 		 0.00496386
v                 		 0.0360261
u                 		 0.0702948
theta             		 0.5125
f                 		 0.412118
q                 		 0.804133
N                 		 1
N_e               		 0.00516656
p                 		 1
w_R               		 1.20867
nu_f              		 33.6635
d_f               		 0.284935
Y_c               		 1.23472
C                 		 1.15914
Omega             		 0.0508179
lam               		 0.801304
Y                 		 1.40864
L                 		 0.929705
L_e               		 0.143897
L_c               		 0.785808
labor_share_obs   		 0.66
s_agg             		 0.031
theta_z           		 0
theta_delta       		 0
z_obs_m           		 0
z_obs             		 0
u_obs             		 0
v_obs             		 0
u_imp             		 -265.506
v_imp             		 -332.351
theta_imp         		 -66.8455
e_imp             		 -530.557
N_imp             		 0
N_e_imp           		 -526.555
C_imp             		 14.7676
Y_imp             		 34.2628

EIGENVALUES:
         Modulus             Real        Imaginary
               0                0                0
               0                0                0
       2.851e-19        2.851e-19                0
       7.514e-18       -7.514e-18                0
        3.77e-17        -3.77e-17                0
          0.4029           0.4029                0
          0.9742           0.9742                0
           0.975            0.975                0
           0.975            0.975                0
          0.9912           0.9912                0
           1.015            1.015                0
           1.027            1.027                0
           3.183            3.183                0
       7.477e+14        7.477e+14                0
        2.12e+15        -2.12e+15                0
       8.935e+16       -8.935e+16                0
       1.351e+17       -1.351e+17                0
       8.145e+17       -8.145e+17                0

There are 8 eigenvalue(s) larger than 1 in modulus for 8 forward-looking variable(s)
The rank condition is verified.


MODEL SUMMARY

  Number of variables:         40
  Number of stochastic shocks: 2
  Number of state variables:   10
  Number of jumpers:           8
  Number of static variables:  23


MATRIX OF COVARIANCE OF EXOGENOUS SHOCKS
Variables         e_z   e_delta
e_z          0.000049  0.000000
e_delta      0.000000  0.000019



THEORETICAL MOMENTS
VARIABLE            MEAN  STD. DEV.   VARIANCE
theta_z           0.0000     0.0315     0.0010
theta_delta       0.0000     0.0198     0.0004
Y_imp            34.2628     4.0358    16.2874
u_imp          -265.5058     7.1361    50.9233
v_imp          -332.3512    11.9049   141.7259
theta_imp       -66.8455    19.0299   362.1386
e_imp          -530.5572     2.8554     8.1534
N_imp             0.0000     4.1174    16.9527
N_e_imp        -526.5549    12.5605   157.7671
C_imp            14.7676     3.2465    10.5398



VARIANCE DECOMPOSITION (in percent)
                   e_z  e_delta
theta_z         100.00    -0.00
theta_delta       0.00   100.00
Y_imp            98.78     1.22
u_imp            88.11    11.89
v_imp            90.49     9.51
theta_imp        89.64    10.36
e_imp            88.22    11.78
N_imp            95.76     4.24
N_e_imp          99.85     0.15
C_imp            96.81     3.19



MATRIX OF CORRELATIONS
Variables          theta_z  theta_delta        Y_imp        u_imp        v_imp    theta_imp        e_imp        N_imp      N_e_imp        C_imp
theta_z             1.0000       0.0000       0.9113      -0.4479       0.4955       0.4780       0.9258       0.4974       0.9764       0.7071
theta_delta         0.0000       1.0000      -0.0562       0.2143      -0.1660      -0.1842       0.3150      -0.0972      -0.0282      -0.0881
Y_imp               0.9113      -0.0562       1.0000      -0.7728       0.8074       0.7949       0.7519       0.8103       0.8052       0.9355
u_imp              -0.4479       0.2143      -0.7728       1.0000      -0.9975      -0.9990      -0.1820      -0.9865      -0.2634      -0.9411
v_imp               0.4955      -0.1660       0.8074      -0.9975       1.0000       0.9997       0.2448       0.9930       0.3113       0.9603
theta_imp           0.4780      -0.1842       0.7949      -0.9990       0.9997       1.0000       0.2214       0.9911       0.2935       0.9536
e_imp               0.9258       0.3150       0.7519      -0.1820       0.2448       0.2214       1.0000       0.2759       0.9299       0.5006
N_imp               0.4974      -0.0972       0.8103      -0.9865       0.9930       0.9911       0.2759       1.0000       0.3055       0.9650
N_e_imp             0.9764      -0.0282       0.8052      -0.2634       0.3113       0.2935       0.9299       0.3055       1.0000       0.5443
C_imp               0.7071      -0.0881       0.9355      -0.9411       0.9603       0.9536       0.5006       0.9650       0.5443       1.0000



COEFFICIENTS OF AUTOCORRELATION
Order               1       2       3       4       5
theta_z        0.9750  0.9506  0.9269  0.9037  0.8811
theta_delta    0.9750  0.9506  0.9269  0.9037  0.8811
Y_imp          0.9885  0.9771  0.9660  0.9550  0.9441
u_imp          0.9999  0.9996  0.9990  0.9983  0.9974
v_imp          0.9999  0.9995  0.9990  0.9982  0.9973
theta_imp      0.9999  0.9996  0.9990  0.9983  0.9974
e_imp          0.9746  0.9499  0.9256  0.9020  0.8788
N_imp          0.9999  0.9995  0.9990  0.9982  0.9973
N_e_imp        0.9689  0.9388  0.9096  0.8811  0.8535
C_imp          0.9977  0.9952  0.9926  0.9898  0.9869
Total computing time : 0h00m02s
