This is pdfTeX, Version 3.141592653-2.6-1.40.27 (MiKTeX 25.4) (preloaded format=latex 2025.6.13)  13 JUN 2025 15:32
entering extended mode
 restricted \write18 enabled.
 %&-line parsing enabled.
**jfptr_float_8281\a0fc5fdf811c78ec0c0e3f3a76a807af.tex
! Emergency stop.
<to be read again> 
                   \def 
<*> jfptr_float_8281\a0
                       fc5fdf811c78ec0c0e3f3a76a807af.tex
*** (job aborted, file error in nonstop mode)

 
Here is how much of TeX's memory you used:
 5 strings out of 468226
 277 string characters out of 5432999
 425004 words of memory out of 5000000
 28634 multiletter control sequences out of 15000+600000
 626825 words of font info for 40 fonts, out of 8000000 for 9000
 1141 hyphenation exceptions out of 8191
 3i,0n,3p,59b,6s stack positions out of 10000i,1000n,20000p,200000b,200000s
No pages of output.
