Starting Dynare (version 4.4.3).
Starting preprocessing of the model file ...
Substitution of endo lags >= 2: added 20 auxiliary variables and equations.
Found 63 equation(s).
Evaluating expressions...done
Computing static model derivatives:
 - order 1
Computing dynamic model derivatives:
 - order 1
Processing outputs ...done
Preprocessing completed.
Starting MATLAB/Octave computing.




Residuals of the static equations:

Equation number 1 : 0 : Market tightness
Equation number 2 : 0 : Job finding probability
Equation number 3 : 0 : Vacancy filling probability
Equation number 4 : 0 : Relative price
Equation number 5 : 0 : Lagrangian multiplier
Equation number 6 : 0 : Firm value relative to price
Equation number 7 : 0 : Firm value
Equation number 8 : 0 : Business entrants
Equation number 9 : 0 : Job creation condition
Equation number 10 : 0 : Expected discounted difference in vacancy value
Equation number 11 : 0 : Value of a vacancy
Equation number 12 : 0 : Marginal revenue product
Equation number 13 : 0 : Wage equation
Equation number 14 : 0 : LOM of firms
Equation number 15 : 0 : LOM of unemployment
Equation number 16 : 0 : LOM of vacancies
Equation number 17 : 0 : Aggregate labor
Equation number 18 : 0 : Composition of labor
Equation number 19 : 0 : Retail output: resources
Equation number 20 : 0 : Sunk vacancy posting costs
Equation number 21 : 0 : Retail output: expenditure
Equation number 22 : 0 : Output: expenditure
Equation number 23 : 0 : Output: income
Equation number 24 : 0 : Labor share
Equation number 25 : 0 : Labor productivity (data consistent)
Equation number 26 : 0 : Aggregate separation rate
Equation number 27 : 0 : Labor productivity process
Equation number 28 : 0 : Separation rate process
Equation number 29 : 0 : Product line destruction process
Equation number 30 : 0 : Unemployment observation
Equation number 31 : 0 : Vacancy observation
Equation number 32 : 0 : Tightness observation
Equation number 33 : 0 : Labor productivity observation
Equation number 34 : 0 : Job separation observation
Equation number 35 : 0 : Business destruction observation
Equation number 36 : 0 : Business formation observation
Equation number 37 : 0 : Lag unemployment observation
Equation number 38 : 0 : Lag vacancy observation
Equation number 39 : 0 : Lag tightness observation
Equation number 40 : 0 : Lag labor productivity observation
Equation number 41 : 0 : Lag job separation observation
Equation number 42 : 0 : Lag business destruction observation
Equation number 43 : 0 : Lag business formation observation



STEADY-STATE RESULTS:

theta             		 0.5125
f                 		 0.413615
q                 		 0.807054
p                 		 1
lam               		 0.850542
nu_f              		 22.9547
d_f               		 0.278366
N_e               		 0.00881706
K                 		 0.206874
Q                 		 17.2662
e                 		 0.00844049
w_R               		 1.21574
w                 		 1
N                 		 1
u                 		 0.0702948
v                 		 0.0360261
L                 		 0.929705
L_e               		 0.166478
L_c               		 0.763228
Omega             		 0.0305296
C                 		 1.17572
Y_c               		 1.20625
Y                 		 1.40864
ls                		 0.66
lp                		 1.51515
s_agg             		 0.031
log_z             		 0.457716
log_s             		 -3.79619
log_delta         		 -4.73985
u_obs             		 -2.65506
v_obs             		 -3.32351
theta_obs         		 -0.668455
lp_obs            		 0.415515
tau_obs           		 -2.37516
delta_obs         		 -3.64123
bf_obs            		 -3.63245
u_obs_lag         		 -2.65506
v_obs_lag         		 -3.32351
theta_obs_lag     		 -0.668455
lp_obs_lag        		 0.415515
tau_obs_lag       		 -2.37516
delta_obs_lag     		 -3.64123
bf_obs_lag        		 -3.63245

EIGENVALUES:
         Modulus             Real        Imaginary

               0               -0                0
               0               -0                0
               0               -0                0
               0               -0                0
               0               -0                0
               0               -0                0
               0               -0                0
               0               -0                0
               0               -0                0
               0               -0                0
               0               -0                0
               0               -0                0
               0               -0                0
               0               -0                0
               0               -0                0
               0               -0                0
               0               -0                0
               0               -0                0
               0               -0                0
               0                0                0
               0                0                0
               0                0                0
               0                0                0
               0                0                0
               0                0                0
               0                0                0
               0                0                0
               0                0                0
       1.342e-18        1.342e-18                0
       8.395e-18       -8.395e-18                0
       2.455e-16       -2.455e-16                0
       4.144e-16        4.144e-16                0
          0.4029           0.4029                0
            0.78             0.78                0
           0.935            0.935                0
           0.963            0.963                0
          0.9739           0.9739                0
          0.9848           0.9848                0
           1.022            1.022                0
           1.027            1.027                0
           2.254            2.254                0
        7.94e+15        -7.94e+15                0
       3.051e+16        3.051e+16                0
       3.663e+16        3.663e+16                0
       5.431e+16        5.431e+16                0
       1.508e+17       -1.508e+17                0


There are 8 eigenvalue(s) larger than 1 in modulus 
for 8 forward-looking variable(s)

The rank condition is verified.


You did not declare endogenous variables after the estimation/calib_smoother command.


Loading 10 observations from dummy_data.mat

Initial value of the log posterior (or likelihood): -1439.8496

========================================================== 
   Change in the covariance matrix = 9.9995e-05.
   Mode improvement = 854.0895
   New value of jscale = 0.0073829
========================================================== 

========================================================== 
   Change in the covariance matrix = 0.00098419.
   Mode improvement = 280.3936
   New value of jscale = 0.40596
========================================================== 

========================================================== 
   Change in the covariance matrix = 0.043006.
   Mode improvement = 177.7669
   New value of jscale = 0.002603
========================================================== 

Optimal value of the scale parameter = 0.002603

Final value of the log posterior (or likelihood): 127.5996


RESULTS FROM POSTERIOR ESTIMATION
parameters
          prior mean     mode    s.d. prior pstdev

sigma         1.500   2.2085  0.1336 gamm  0.5000 
b_ratio       0.710   0.9979  0.0014 beta  0.2000 
xi_inv        1.000   3.4018  0.1511 gamm  2.0000 
delta         0.008   0.0090  0.0021 beta  0.0050 
epsi          4.200   2.8545  0.2083 gamm  1.5000 
rho_z         0.800   0.6864  0.0807 beta  0.1000 
rho_s         0.800   0.9995  0.0583 beta  0.1000 
rho_delta     0.930   0.8220  0.0197 beta  0.0500 
sigma_z       0.010   0.0010  0.0001 invg  1.0000 
sigma_s       0.010   0.0030  0.0072 invg  1.0000 
sigma_delta   0.020   0.0108  0.0271 invg  0.0100 


Log data density [Laplace approximation] is -174.018064.

Etimation::mcmc: One Chain mode.
Estimation::mcmc: Old mh-files successfully erased!
Estimation::mcmc: Old metropolis.log file successfully erased!
Estimation::mcmc: Creation of a new metropolis.log file.
Estimation::mcmc: Initialization at the posterior mode.

Estimation::mcmc: Write details about the MCMC... Ok!
Estimation::mcmc: Details about the MCMC are available in model/metropolis\model_mh_history_0.mat


Estimation::mcmc: Number of mh files: 11 per block.
Estimation::mcmc: Total number of generated files: 11.
Estimation::mcmc: Total number of iterations: 100000.
Estimation::mcmc: Current acceptance ratio per chain: 
                                                       Chain  1: 36.6776%

Geweke (1992) Convergence Tests, based on means of draws 50000 to 60000 vs 75000 to 100000.
p-values are for Chi2-test for equality of means.
     Parameter 	   Post. Mean 	    Post. Std 	 p-val No Taper	 p-val 4% Taper	 p-val 8% Taper	 p-val 15% Taper
   sigma       	        2.209 	        0.008 	        0.000	        0.000	        0.000	        0.000
   b_ratio     	        0.998 	        0.000 	        0.000	        0.000	        0.000	        0.001
   xi_inv      	        3.391 	        0.015 	        0.000	        0.000	        0.000	        0.000
   delta       	        0.009 	        0.000 	        0.000	        0.000	        0.000	        0.000
   epsi        	        2.871 	        0.017 	        0.000	        0.000	        0.000	        0.000
   rho_z       	        0.695 	        0.009 	        0.000	        0.000	        0.001	        0.008
   rho_s       	        1.000 	        0.000 	        0.000	        0.000	        0.006	        0.028
   rho_delta   	        0.825 	        0.002 	        0.000	        0.000	        0.000	        0.000
   sigma_z     	        0.001 	        0.000 	        0.000	        0.000	        0.000	        0.003
   sigma_s     	        0.003 	        0.000 	        0.000	        0.000	        0.000	        0.000
   sigma_delta 	        0.010 	        0.002 	        0.000	        0.002	        0.024	        0.070


Estimation::mcmc: Total number of MH draws: 100000.
Estimation::mcmc: Total number of generated MH files: 11.
Estimation::mcmc: I'll use mh-files 6 to 11.
Estimation::mcmc: In MH-file number 6 I'll start at line 1920.
Estimation::mcmc: Finally I keep 50000 draws.

Estimation::marginal density: I'm computing the posterior mean and covariance...  Done!
Estimation::marginal density: I'm computing the posterior log marginal density (modified harmonic mean)... Done!


ESTIMATION RESULTS

Log data density is -205.489696.
posterior_moments: There are not enough draws computes to compute HPD Intervals. Skipping their computation.
posterior_moments: There are not enough draws computes to compute deciles. Skipping their computation.

parameters
              prior mean   post. mean        95% HPD interval    prior       pstdev

sigma              1.500       2.2079      2.1957      2.2239   gamma       0.5000
b_ratio            0.710       0.9978      0.9975      0.9980   beta        0.2000
xi_inv             1.000       3.3870      3.3684      3.4030   gamma       2.0000
delta              0.008       0.0090      0.0088      0.0092   beta        0.0050
epsi               4.200       2.8724      2.8388      2.8947   gamma       1.5000
rho_z              0.800       0.6981      0.6873      0.7077   beta        0.1000
rho_s              0.800       0.9995      0.9994      0.9996   beta        0.1000
rho_delta          0.930       0.8256      0.8214      0.8297   beta        0.0500
sigma_z            0.010       0.0010      0.0010      0.0011   invg        1.0000
sigma_s            0.010       0.0035      0.0030      0.0039   invg        1.0000
sigma_delta        0.020       0.0098      0.0079      0.0124   invg        0.0100
 
Correlations of Parameters (at Posterior Mode) > 0.7
    {'xi_inv'     }    {'sigma'  }    {[-0.9202]}
    {'delta'      }    {'sigma'  }    {[ 0.9505]}
    {'epsi'       }    {'sigma'  }    {[-0.8602]}
    {'rho_z'      }    {'sigma'  }    {[ 0.9127]}
    {'rho_s'      }    {'sigma'  }    {[ 0.9267]}
    {'sigma_z'    }    {'sigma'  }    {[-0.7033]}
    {'sigma_s'    }    {'sigma'  }    {[-0.9630]}
    {'sigma_delta'}    {'sigma'  }    {[-0.9321]}
    {'delta'      }    {'xi_inv' }    {[-0.8610]}
    {'epsi'       }    {'xi_inv' }    {[ 0.9405]}
    {'rho_z'      }    {'xi_inv' }    {[-0.8578]}
    {'rho_s'      }    {'xi_inv' }    {[-0.7729]}
    {'sigma_s'    }    {'xi_inv' }    {[ 0.8816]}
    {'sigma_delta'}    {'xi_inv' }    {[ 0.9348]}
    {'epsi'       }    {'delta'  }    {[-0.7616]}
    {'rho_z'      }    {'delta'  }    {[ 0.9128]}
    {'rho_s'      }    {'delta'  }    {[ 0.8884]}
    {'sigma_z'    }    {'delta'  }    {[-0.7786]}
    {'sigma_s'    }    {'delta'  }    {[-0.9328]}
    {'sigma_delta'}    {'delta'  }    {[-0.9239]}
    {'sigma_s'    }    {'epsi'   }    {[ 0.8233]}
    {'sigma_delta'}    {'epsi'   }    {[ 0.9056]}
    {'rho_s'      }    {'rho_z'  }    {[ 0.8525]}
    {'sigma_z'    }    {'rho_z'  }    {[-0.7600]}
    {'sigma_s'    }    {'rho_z'  }    {[-0.8579]}
    {'sigma_delta'}    {'rho_z'  }    {[-0.8439]}
    {'sigma_s'    }    {'rho_s'  }    {[-0.9203]}
    {'sigma_delta'}    {'rho_s'  }    {[-0.8195]}
    {'sigma_s'    }    {'sigma_z'}    {[ 0.7841]}
    {'sigma_delta'}    {'sigma_s'}    {[ 0.9232]}

Total computing time : 1h30m03s
