% MH log file (Dynare).
% 31-May-2025 10:23:03.
 

% Session 1.
 
  Number of blocks...............: 1
  Number of simulations per block: 100000
 
  Initial values of the parameters:
    Blck 1params:
      1:0.85575
      2:2.6986e-05
      3:3.7868
      4:0.0090769
      5:4.6276
      6:0.98483
      7:0.97168
      8:0.82599
      9:0.0021736
      10:0.013712
      11:0.33616
    Blck 1logpo2:-250.1484
 
 
  CREATION OF THE MH HISTORY FILE!

    Expected number of files per block.......: 11.
    Expected number of lines in the last file: 3840.

    Initial state of the Gaussian random number generator for chain number 1:
      1
      1812433254
      3713160357
      3109174145
      64984499
      3392658084
      446538473
      2629760756
      2453345558
      1394803949
      1021787430
      2063496713
      1304877364
      1713639158
      889001601
      1651239412
      1450863289
      745575081
      361057727
      2288771950
      1463387568
      2249488362
      26637982
      204036717
      1655702041
      1329048465
      2092351466
      1681619666
      3220660315
      1301783610
      626286181
      294669048
      3537128440
      3259518248
      2550101273
      1160881866
      308703547
      295714668
      35508674
      1599247281
      376272024
      3166459937
      1852735737
      3680868867
      612352556
      2760189833
      3816750341
      699140493
      1087846865
      394927937
      2063539671
      645417889
      2337669049
      3773167612
      678121169
      3006984620
      1163491294
      2559287860
      543155592
      3194181347
      2463543297
      3875146860
      475483913
      3707568076
      3881808875
      1264657097
      208126250
      1802809301
      367907560
      2433375693
      2851326449
      2380707878
      2911758972
      4243386879
      2229228726
      828161871
      2871116151
      990638198
      178193628
      1012573979
      1223581943
      3333023583
      1901888414
      3913876750
      3168662389
      656194888
      1553610174
      466840498
      686407570
      280737523
      2476489017
      1272981410
      3189431979
      3294710282
      1564477163
      4133221553
      823708826
      880616227
      1730254897
      335723347
      2123911971
      344194767
      119099153
      2915257116
      3339825470
      2524942970
      1191117250
      3403812186
      3988972937
      2575395295
      4072737183
      663832315
      808080503
      724042340
      2966189542
      2499643239
      3309205581
      1915303227
      72616536
      387525935
      2791701251
      2190905566
      3740328774
      831297460
      3750964864
      2190112044
      899144100
      2346558003
      3851695829
      2896963823
      1548614403
      3676707405
      2050891594
      4165893148
      1883017153
      2668787527
      50330561
      2063572142
      1853585557
      1716111087
      2937248370
      1650859709
      2682305722
      565243175
      3922227187
      3482032705
      2809081500
      2099376873
      230358556
      1065827745
      196966939
      3268845630
      3625508265
      1477799595
      4149453740
      2757835686
      3032697936
      2200108791
      3421680711
      4145382259
      3605253072
      1186485728
      3520482151
      3080733463
      3887314157
      4030447755
      1699987022
      1393253586
      1710066407
      710337383
      3754612557
      2741088369
      337455371
      1304761604
      3592681639
      3099385187
      4003676405
      317081535
      997754381
      480565460
      3806265432
      1068029852
      776179010
      470617537
      3653875421
      2273571919
      1055365147
      1317172834
      3414733003
      2835400613
      28845217
      631741764
      2334552212
      3565466095
      1225096926
      1277781438
      2416008223
      1268768054
      2750789241
      267768398
      2175383438
      268654341
      2550530755
      2971623408
      1666669894
      1934871760
      509782083
      2798468670
      2834016892
      2494149255
      1965005899
      2653045765
      2317194903
      1297426078
      916214929
      2967861004
      2236807006
      2476725285
      128488253
      4277714156
      3016192551
      1690883702
      1329810641
      593010415
      2341313579
      1754238478
      1242698701
      2152594527
      2103269013
      926178633
      647225267
      4243787142
      1489208161
      3188798921
      1327553793
      3644600811
      684513652
      2606555057
      2705329549
      2557469018
      1294205096
      70104222
      3020083528
      2015571237
      2768573480
      401698695
      2812362809
      328919870
      984940142
      1653817439
      471643152
      538942283
      2040555667
      1211982999
      1663497772
      2941793728
      3001026698
      313271977
      3644502703
      2423950047
      2629046069
      3450826936
      44600781
      2633869288
      4267014746
      4204914470
      1955987363
      2590608885
      2120168063
      1460034243
      258056600
      3693550087
      779446436
      902696389
      4228701387
      3165791227
      3478614865
      1500865135
      905884796
      3682046467
      2437847832
      2595888219
      4144484663
      1299603103
      648536946
      1762836247
      4265749196
      950840266
      2928992722
      2051369009
      2071186450
      1164619682
      210405235
      1296628868
      2425474719
      4083386904
      1978331343
      3190898799
      602128683
      2003319330
      1043377147
      756690484
      24776626
      1835824233
      1156421176
      2125448878
      1333136189
      607751135
      4255614767
      4238533009
      2583175632
      230472465
      3037259757
      1546348932
      2537279411
      110471952
      520621708
      63613561
      2843673595
      775036
      1899744556
      1168115970
      2685086321
      3410250658
      3151102153
      634647644
      3639125394
      3344624764
      1525171811
      1878800371
      3356530116
      3676542926
      602053165
      2686708238
      3703555082
      3754961372
      3970030923
      1749014201
      3391107050
      2478152000
      2121779806
      2636689360
      769835312
      4230539591
      1909812524
      417081626
      3096519324
      387659697
      3764499249
      3452925463
      3818277698
      3008920324
      15253694
      1479260759
      2421328720
      2220743357
      38831551
      1032912064
      3400956198
      2362808832
      3988706866
      1950464958
      3248573125
      1225815945
      1211036180
      346407094
      3867176764
      1257086026
      2725236231
      2843735658
      4147241082
      1729974832
      1256499145
      3765975901
      784776076
      4288277427
      3903532520
      3431522864
      2792589977
      2935989154
      3536596892
      3512984120
      605476293
      1774961976
      981422589
      822525778
      3343539932
      422954622
      1323482938
      2523465420
      2746609356
      1664448205
      272567300
      711582493
      3625722107
      3615865699
      950619756
      2864168489
      108006277
      3976313352
      680217319
      173747636
      291134870
      198587329
      595310009
      941470866
      2438488368
      1681923153
      1654783272
      3531789254
      4149541715
      2922706987
      684907209
      3116688362
      3288142886
      3953377592
      3332428007
      1400401813
      3745921798
      1701705628
      3744511893
      1838265811
      3314032512
      3894840150
      3810031409
      181324387
      983160249
      1444959400
      3836664153
      3032673327
      310789231
      3701565562
      1407580781
      2511575629
      3113822685
      1777261998
      2208898751
      106383174
      2961020500
      995776421
      3306087121
      2181030035
      2300064751
      1909543740
      4023156173
      1671619075
      2151956104
      237668401
      3204511253
      1303668692
      3868259787
      2737897899
      4091026033
      2877780671
      134376279
      398912026
      863520778
      3712468923
      3443213666
      2183809552
      2597379302
      349776833
      274697715
      4266593710
      4282186769
      3530757867
      520237914
      3369037397
      2285670338
      387086485
      618942879
      219892882
      2008897906
      2293749560
      2907436476
      3853296593
      327550390
      1558751403
      2125694704
      1822570484
      2409968265
      436622776
      2691124090
      1080819771
      2958107334
      2667158841
      2117901613
      440045635
      3861104471
      3574962701
      3210299248
      1368601573
      2434039520
      86704919
      3628108033
      1909858745
      227461000
      2530509465
      838433817
      730224848
      1060658180
      1318482825
      233266846
      2352800845
      2086493219
      3826355555
      3174377690
      1455208243
      1356597942
      663563056
      2501819374
      4213535259
      1585241464
      873997246
      2597898744
      427064229
      1587746589
      259660817
      1688808891
      4165834345
      1359025114
      2013923952
      2963511711
      2903220732
      356112706
      501549847
      1609412897
      1685128111
      2639303606
      700554261
      914150235
      2010650618
      2029243163
      3046509911
      715702687
      2206956754
      3045298216
      2922667179
      2497577415
      3001819604
      706666890
      2275923855
      3094184383
      2781697712
      3292952666
      4238614078
      278500659
      1440033346
      1552714131
      336554687
      2842580609
      2255044310
      2180071372
      99970159
      2078552309
      1172694639
      1359399314
      546452524
      349053834
      3072254369
      3043246719
      3314426498
      1594992663
      3582269665
      2114045278
      585873328
      840739494
      3475778485
      1506518790
      4008486652
      229989333
      3582278212
      363921215
      3592842520
      1833533669
      708173875
      564248927
      853943228
      2282731374
      2874158047
      3978663285
      2332696531
      1354524859
      58121641
      1445193461
      1936635021
      3374328198
      3465253060
      385589199
      1819596280
      912895627
      1877426726
      733280947
      2004202992
      3311780711
      3732053191
      309903272
      97290141
      2945419335
      3916477072
      1326195031
      3740938055
      3604745262
      3633308956
      3392929431
      1257547457
      251825182
      3318700085
      847033774
      137350663
      1716455973
      546850455
      4227574519
      3044214953
      2259874013
      2442748258
      2956971336
      2198772379
      1269686727
      2648116105
      1339159363
      1473334647
      2386671612
      2069268389
      624
    Initial state of the Uniform random number generator for chain number 1:
      1
      1812433254
      3713160357
      3109174145
      64984499
      3392658084
      446538473
      2629760756
      2453345558
      1394803949
      1021787430
      2063496713
      1304877364
      1713639158
      889001601
      1651239412
      1450863289
      745575081
      361057727
      2288771950
      1463387568
      2249488362
      26637982
      204036717
      1655702041
      1329048465
      2092351466
      1681619666
      3220660315
      1301783610
      626286181
      294669048
      3537128440
      3259518248
      2550101273
      1160881866
      308703547
      295714668
      35508674
      1599247281
      376272024
      3166459937
      1852735737
      3680868867
      612352556
      2760189833
      3816750341
      699140493
      1087846865
      394927937
      2063539671
      645417889
      2337669049
      3773167612
      678121169
      3006984620
      1163491294
      2559287860
      543155592
      3194181347
      2463543297
      3875146860
      475483913
      3707568076
      3881808875
      1264657097
      208126250
      1802809301
      367907560
      2433375693
      2851326449
      2380707878
      2911758972
      4243386879
      2229228726
      828161871
      2871116151
      990638198
      178193628
      1012573979
      1223581943
      3333023583
      1901888414
      3913876750
      3168662389
      656194888
      1553610174
      466840498
      686407570
      280737523
      2476489017
      1272981410
      3189431979
      3294710282
      1564477163
      4133221553
      823708826
      880616227
      1730254897
      335723347
      2123911971
      344194767
      119099153
      2915257116
      3339825470
      2524942970
      1191117250
      3403812186
      3988972937
      2575395295
      4072737183
      663832315
      808080503
      724042340
      2966189542
      2499643239
      3309205581
      1915303227
      72616536
      387525935
      2791701251
      2190905566
      3740328774
      831297460
      3750964864
      2190112044
      899144100
      2346558003
      3851695829
      2896963823
      1548614403
      3676707405
      2050891594
      4165893148
      1883017153
      2668787527
      50330561
      2063572142
      1853585557
      1716111087
      2937248370
      1650859709
      2682305722
      565243175
      3922227187
      3482032705
      2809081500
      2099376873
      230358556
      1065827745
      196966939
      3268845630
      3625508265
      1477799595
      4149453740
      2757835686
      3032697936
      2200108791
      3421680711
      4145382259
      3605253072
      1186485728
      3520482151
      3080733463
      3887314157
      4030447755
      1699987022
      1393253586
      1710066407
      710337383
      3754612557
      2741088369
      337455371
      1304761604
      3592681639
      3099385187
      4003676405
      317081535
      997754381
      480565460
      3806265432
      1068029852
      776179010
      470617537
      3653875421
      2273571919
      1055365147
      1317172834
      3414733003
      2835400613
      28845217
      631741764
      2334552212
      3565466095
      1225096926
      1277781438
      2416008223
      1268768054
      2750789241
      267768398
      2175383438
      268654341
      2550530755
      2971623408
      1666669894
      1934871760
      509782083
      2798468670
      2834016892
      2494149255
      1965005899
      2653045765
      2317194903
      1297426078
      916214929
      2967861004
      2236807006
      2476725285
      128488253
      4277714156
      3016192551
      1690883702
      1329810641
      593010415
      2341313579
      1754238478
      1242698701
      2152594527
      2103269013
      926178633
      647225267
      4243787142
      1489208161
      3188798921
      1327553793
      3644600811
      684513652
      2606555057
      2705329549
      2557469018
      1294205096
      70104222
      3020083528
      2015571237
      2768573480
      401698695
      2812362809
      328919870
      984940142
      1653817439
      471643152
      538942283
      2040555667
      1211982999
      1663497772
      2941793728
      3001026698
      313271977
      3644502703
      2423950047
      2629046069
      3450826936
      44600781
      2633869288
      4267014746
      4204914470
      1955987363
      2590608885
      2120168063
      1460034243
      258056600
      3693550087
      779446436
      902696389
      4228701387
      3165791227
      3478614865
      1500865135
      905884796
      3682046467
      2437847832
      2595888219
      4144484663
      1299603103
      648536946
      1762836247
      4265749196
      950840266
      2928992722
      2051369009
      2071186450
      1164619682
      210405235
      1296628868
      2425474719
      4083386904
      1978331343
      3190898799
      602128683
      2003319330
      1043377147
      756690484
      24776626
      1835824233
      1156421176
      2125448878
      1333136189
      607751135
      4255614767
      4238533009
      2583175632
      230472465
      3037259757
      1546348932
      2537279411
      110471952
      520621708
      63613561
      2843673595
      775036
      1899744556
      1168115970
      2685086321
      3410250658
      3151102153
      634647644
      3639125394
      3344624764
      1525171811
      1878800371
      3356530116
      3676542926
      602053165
      2686708238
      3703555082
      3754961372
      3970030923
      1749014201
      3391107050
      2478152000
      2121779806
      2636689360
      769835312
      4230539591
      1909812524
      417081626
      3096519324
      387659697
      3764499249
      3452925463
      3818277698
      3008920324
      15253694
      1479260759
      2421328720
      2220743357
      38831551
      1032912064
      3400956198
      2362808832
      3988706866
      1950464958
      3248573125
      1225815945
      1211036180
      346407094
      3867176764
      1257086026
      2725236231
      2843735658
      4147241082
      1729974832
      1256499145
      3765975901
      784776076
      4288277427
      3903532520
      3431522864
      2792589977
      2935989154
      3536596892
      3512984120
      605476293
      1774961976
      981422589
      822525778
      3343539932
      422954622
      1323482938
      2523465420
      2746609356
      1664448205
      272567300
      711582493
      3625722107
      3615865699
      950619756
      2864168489
      108006277
      3976313352
      680217319
      173747636
      291134870
      198587329
      595310009
      941470866
      2438488368
      1681923153
      1654783272
      3531789254
      4149541715
      2922706987
      684907209
      3116688362
      3288142886
      3953377592
      3332428007
      1400401813
      3745921798
      1701705628
      3744511893
      1838265811
      3314032512
      3894840150
      3810031409
      181324387
      983160249
      1444959400
      3836664153
      3032673327
      310789231
      3701565562
      1407580781
      2511575629
      3113822685
      1777261998
      2208898751
      106383174
      2961020500
      995776421
      3306087121
      2181030035
      2300064751
      1909543740
      4023156173
      1671619075
      2151956104
      237668401
      3204511253
      1303668692
      3868259787
      2737897899
      4091026033
      2877780671
      134376279
      398912026
      863520778
      3712468923
      3443213666
      2183809552
      2597379302
      349776833
      274697715
      4266593710
      4282186769
      3530757867
      520237914
      3369037397
      2285670338
      387086485
      618942879
      219892882
      2008897906
      2293749560
      2907436476
      3853296593
      327550390
      1558751403
      2125694704
      1822570484
      2409968265
      436622776
      2691124090
      1080819771
      2958107334
      2667158841
      2117901613
      440045635
      3861104471
      3574962701
      3210299248
      1368601573
      2434039520
      86704919
      3628108033
      1909858745
      227461000
      2530509465
      838433817
      730224848
      1060658180
      1318482825
      233266846
      2352800845
      2086493219
      3826355555
      3174377690
      1455208243
      1356597942
      663563056
      2501819374
      4213535259
      1585241464
      873997246
      2597898744
      427064229
      1587746589
      259660817
      1688808891
      4165834345
      1359025114
      2013923952
      2963511711
      2903220732
      356112706
      501549847
      1609412897
      1685128111
      2639303606
      700554261
      914150235
      2010650618
      2029243163
      3046509911
      715702687
      2206956754
      3045298216
      2922667179
      2497577415
      3001819604
      706666890
      2275923855
      3094184383
      2781697712
      3292952666
      4238614078
      278500659
      1440033346
      1552714131
      336554687
      2842580609
      2255044310
      2180071372
      99970159
      2078552309
      1172694639
      1359399314
      546452524
      349053834
      3072254369
      3043246719
      3314426498
      1594992663
      3582269665
      2114045278
      585873328
      840739494
      3475778485
      1506518790
      4008486652
      229989333
      3582278212
      363921215
      3592842520
      1833533669
      708173875
      564248927
      853943228
      2282731374
      2874158047
      3978663285
      2332696531
      1354524859
      58121641
      1445193461
      1936635021
      3374328198
      3465253060
      385589199
      1819596280
      912895627
      1877426726
      733280947
      2004202992
      3311780711
      3732053191
      309903272
      97290141
      2945419335
      3916477072
      1326195031
      3740938055
      3604745262
      3633308956
      3392929431
      1257547457
      251825182
      3318700085
      847033774
      137350663
      1716455973
      546850455
      4227574519
      3044214953
      2259874013
      2442748258
      2956971336
      2198772379
      1269686727
      2648116105
      1339159363
      1473334647
      2386671612
      2069268389
      624
 

% Mh1Blck1 (31-May-2025 10:24:41)
 
  Number of simulations.: 9616
  Acceptance ratio......: 0.37729
  Posterior mean........:
    params:1: 0.83417
    params:2: 3.7988e-05
    params:3: 3.7598
    params:4: 0.010592
    params:5: 4.6527
    params:6: 0.97794
    params:7: 0.96733
    params:8: 0.84111
    params:9: 0.0027703
    params:10: 0.015035
    params:11: 0.37309
    log2po:-253.9551
  Minimum value.........:
    params:1: 0.74868
    params:2: 4.1875e-06
    params:3: 3.701
    params:4: 0.0025337
    params:5: 4.6081
    params:6: 0.94056
    params:7: 0.94539
    params:8: 0.78251
    params:9: 0.0019447
    params:10: 0.0065331
    params:11: 0.24207
    log2po:-261.3464
  Maximum value.........:
    params:1: 0.89995
    params:2: 0.00010016
    params:3: 3.8113
    params:4: 0.021163
    params:5: 4.7104
    params:6: 0.99286
    params:7: 0.98456
    params:8: 0.90484
    params:9: 0.0036319
    params:10: 0.031227
    params:11: 0.53658
    log2po:-250.1484
 

% Mh2Blck1 (31-May-2025 10:26:12)
 
  Number of simulations.: 9616
  Acceptance ratio......: 0.34463
  Posterior mean........:
    params:1: 0.85434
    params:2: 5.1089e-05
    params:3: 3.8
    params:4: 0.012066
    params:5: 4.7007
    params:6: 0.98266
    params:7: 0.96024
    params:8: 0.83349
    params:9: 0.0021559
    params:10: 0.015606
    params:11: 0.36418
    log2po:-253.5729
  Minimum value.........:
    params:1: 0.76233
    params:2: 6.5516e-06
    params:3: 3.7397
    params:4: 0.0038265
    params:5: 4.6258
    params:6: 0.95009
    params:7: 0.92953
    params:8: 0.75963
    params:9: 0.0015737
    params:10: 0.0069681
    params:11: 0.25853
    log2po:-261.7968
  Maximum value.........:
    params:1: 0.90356
    params:2: 0.00011777
    params:3: 3.8416
    params:4: 0.021363
    params:5: 4.8092
    params:6: 0.99423
    params:7: 0.98574
    params:8: 0.91702
    params:9: 0.0029215
    params:10: 0.033638
    params:11: 0.50519
    log2po:-250.3392
 

% Mh3Blck1 (31-May-2025 10:27:52)
 
  Number of simulations.: 9616
  Acceptance ratio......: 0.3777
  Posterior mean........:
    params:1: 0.84061
    params:2: 4.1915e-05
    params:3: 3.7891
    params:4: 0.011021
    params:5: 4.8255
    params:6: 0.97915
    params:7: 0.94596
    params:8: 0.82553
    params:9: 0.0025892
    params:10: 0.017487
    params:11: 0.38176
    log2po:-253.64
  Minimum value.........:
    params:1: 0.76399
    params:2: 6.0855e-06
    params:3: 3.7361
    params:4: 0.0041449
    params:5: 4.7451
    params:6: 0.93682
    params:7: 0.92873
    params:8: 0.74945
    params:9: 0.0017617
    params:10: 0.0065866
    params:11: 0.23792
    log2po:-262.9274
  Maximum value.........:
    params:1: 0.90646
    params:2: 8.9321e-05
    params:3: 3.8761
    params:4: 0.018355
    params:5: 4.9274
    params:6: 0.99366
    params:7: 0.96126
    params:8: 0.90693
    params:9: 0.0038084
    params:10: 0.03906
    params:11: 0.52878
    log2po:-250.0119
 

% Mh4Blck1 (31-May-2025 10:29:42)
 
  Number of simulations.: 9616
  Acceptance ratio......: 0.3775
  Posterior mean........:
    params:1: 0.82879
    params:2: 5.4829e-05
    params:3: 3.7887
    params:4: 0.012574
    params:5: 4.9383
    params:6: 0.9787
    params:7: 0.95304
    params:8: 0.84429
    params:9: 0.0027349
    params:10: 0.015527
    params:11: 0.38415
    log2po:-253.4947
  Minimum value.........:
    params:1: 0.73823
    params:2: 1.0614e-05
    params:3: 3.7184
    params:4: 0.0051065
    params:5: 4.8529
    params:6: 0.92454
    params:7: 0.93502
    params:8: 0.74263
    params:9: 0.0018786
    params:10: 0.006553
    params:11: 0.25398
    log2po:-263.6448
  Maximum value.........:
    params:1: 0.90492
    params:2: 0.00010277
    params:3: 3.8389
    params:4: 0.020479
    params:5: 5.0178
    params:6: 0.99411
    params:7: 0.97198
    params:8: 0.91936
    params:9: 0.0034978
    params:10: 0.034913
    params:11: 0.52006
    log2po:-249.6152
 

% Mh5Blck1 (31-May-2025 10:31:15)
 
  Number of simulations.: 9616
  Acceptance ratio......: 0.32581
  Posterior mean........:
    params:1: 0.84763
    params:2: 3.4489e-05
    params:3: 3.7557
    params:4: 0.010335
    params:5: 4.7946
    params:6: 0.98379
    params:7: 0.95711
    params:8: 0.83434
    params:9: 0.0021617
    params:10: 0.020131
    params:11: 0.3375
    log2po:-253.0662
  Minimum value.........:
    params:1: 0.77398
    params:2: 8.5936e-06
    params:3: 3.678
    params:4: 0.0052915
    params:5: 4.7054
    params:6: 0.95938
    params:7: 0.94005
    params:8: 0.77841
    params:9: 0.0015882
    params:10: 0.0076916
    params:11: 0.25357
    log2po:-261.104
  Maximum value.........:
    params:1: 0.91105
    params:2: 6.7295e-05
    params:3: 3.8072
    params:4: 0.019155
    params:5: 4.9335
    params:6: 0.99606
    params:7: 0.97773
    params:8: 0.90232
    params:9: 0.0028394
    params:10: 0.044043
    params:11: 0.43136
    log2po:-249.8892
 

% Mh6Blck1 (31-May-2025 10:32:57)
 
  Number of simulations.: 9616
  Acceptance ratio......: 0.33288
  Posterior mean........:
    params:1: 0.83169
    params:2: 3.5275e-05
    params:3: 3.7211
    params:4: 0.0095951
    params:5: 4.7849
    params:6: 0.97992
    params:7: 0.95326
    params:8: 0.87875
    params:9: 0.0026418
    params:10: 0.015248
    params:11: 0.27877
    log2po:-254.131
  Minimum value.........:
    params:1: 0.70527
    params:2: 3.716e-06
    params:3: 3.6507
    params:4: 0.0051781
    params:5: 4.7182
    params:6: 0.94762
    params:7: 0.93657
    params:8: 0.79325
    params:9: 0.001781
    params:10: 0.0067026
    params:11: 0.1733
    log2po:-264.1294
  Maximum value.........:
    params:1: 0.90116
    params:2: 6.161e-05
    params:3: 3.7717
    params:4: 0.014853
    params:5: 4.8381
    params:6: 0.99383
    params:7: 0.96755
    params:8: 0.92942
    params:9: 0.0038976
    params:10: 0.030744
    params:11: 0.38384
    log2po:-249.7322
 

% Mh7Blck1 (31-May-2025 10:34:34)
 
  Number of simulations.: 9616
  Acceptance ratio......: 0.33995
  Posterior mean........:
    params:1: 0.84113
    params:2: 4.7683e-05
    params:3: 3.7682
    params:4: 0.010516
    params:5: 4.8421
    params:6: 0.98119
    params:7: 0.95152
    params:8: 0.86758
    params:9: 0.0024015
    params:10: 0.021549
    params:11: 0.29493
    log2po:-254.2876
  Minimum value.........:
    params:1: 0.77619
    params:2: 6.4888e-06
    params:3: 3.72
    params:4: 0.0044377
    params:5: 4.767
    params:6: 0.93842
    params:7: 0.91849
    params:8: 0.7765
    params:9: 0.0013935
    params:10: 0.0071644
    params:11: 0.17604
    log2po:-263.7937
  Maximum value.........:
    params:1: 0.92059
    params:2: 0.00010772
    params:3: 3.8243
    params:4: 0.019388
    params:5: 4.9636
    params:6: 0.99434
    params:7: 0.97152
    params:8: 0.91783
    params:9: 0.0038797
    params:10: 0.053701
    params:11: 0.44694
    log2po:-250.0599
 

% Mh8Blck1 (31-May-2025 10:36:23)
 
  Number of simulations.: 9616
  Acceptance ratio......: 0.34536
  Posterior mean........:
    params:1: 0.83142
    params:2: 6.3716e-05
    params:3: 3.7616
    params:4: 0.012657
    params:5: 4.7632
    params:6: 0.98059
    params:7: 0.96057
    params:8: 0.86959
    params:9: 0.0025662
    params:10: 0.01539
    params:11: 0.33847
    log2po:-254.2135
  Minimum value.........:
    params:1: 0.74789
    params:2: 1.683e-05
    params:3: 3.678
    params:4: 0.0066652
    params:5: 4.7081
    params:6: 0.93354
    params:7: 0.9428
    params:8: 0.75103
    params:9: 0.001734
    params:10: 0.0069022
    params:11: 0.22227
    log2po:-263.5388
  Maximum value.........:
    params:1: 0.90091
    params:2: 0.00011193
    params:3: 3.8154
    params:4: 0.019841
    params:5: 4.827
    params:6: 0.99466
    params:7: 0.97439
    params:8: 0.93318
    params:9: 0.0032531
    params:10: 0.038694
    params:11: 0.4599
    log2po:-250.2718
 

% Mh9Blck1 (31-May-2025 10:38:16)
 
  Number of simulations.: 9616
  Acceptance ratio......: 0.39528
  Posterior mean........:
    params:1: 0.84409
    params:2: 5.0077e-05
    params:3: 3.7403
    params:4: 0.013284
    params:5: 4.7565
    params:6: 0.97838
    params:7: 0.9571
    params:8: 0.81857
    params:9: 0.0025787
    params:10: 0.015935
    params:11: 0.41609
    log2po:-253.622
  Minimum value.........:
    params:1: 0.76828
    params:2: 1.1491e-05
    params:3: 3.6793
    params:4: 0.0069826
    params:5: 4.6911
    params:6: 0.94778
    params:7: 0.92912
    params:8: 0.70566
    params:9: 0.0019217
    params:10: 0.0067411
    params:11: 0.27883
    log2po:-260.9053
  Maximum value.........:
    params:1: 0.91284
    params:2: 8.9148e-05
    params:3: 3.8088
    params:4: 0.020793
    params:5: 4.8201
    params:6: 0.99401
    params:7: 0.98102
    params:8: 0.90672
    params:9: 0.0033852
    params:10: 0.033869
    params:11: 0.53698
    log2po:-250.3851
 

% Mh10Blck1 (31-May-2025 10:39:49)
 
  Number of simulations.: 9616
  Acceptance ratio......: 0.37105
  Posterior mean........:
    params:1: 0.84967
    params:2: 3.4727e-05
    params:3: 3.6851
    params:4: 0.010778
    params:5: 4.8085
    params:6: 0.98071
    params:7: 0.94588
    params:8: 0.80798
    params:9: 0.0023637
    params:10: 0.018622
    params:11: 0.38532
    log2po:-252.8879
  Minimum value.........:
    params:1: 0.79079
    params:2: 4.7278e-06
    params:3: 3.5975
    params:4: 0.0025013
    params:5: 4.7235
    params:6: 0.95191
    params:7: 0.90655
    params:8: 0.73245
    params:9: 0.0016578
    params:10: 0.0074593
    params:11: 0.24784
    log2po:-263.2599
  Maximum value.........:
    params:1: 0.92397
    params:2: 6.5553e-05
    params:3: 3.7483
    params:4: 0.018103
    params:5: 4.8774
    params:6: 0.99361
    params:7: 0.9685
    params:8: 0.87849
    params:9: 0.0032325
    params:10: 0.042524
    params:11: 0.52147
    log2po:-249.8733
 

% Mh11Blck1 (31-May-2025 10:40:27)
 
  Number of simulations.: 3840
  Acceptance ratio......: 0.38177
  Posterior mean........:
    params:1: 0.82597
    params:2: 3.5379e-05
    params:3: 3.6436
    params:4: 0.010515
    params:5: 4.8277
    params:6: 0.97965
    params:7: 0.95569
    params:8: 0.83788
    params:9: 0.0026916
    params:10: 0.016982
    params:11: 0.3786
    log2po:-253.226
  Minimum value.........:
    params:1: 0.75384
    params:2: 8.9984e-06
    params:3: 3.5653
    params:4: 0.0046118
    params:5: 4.7813
    params:6: 0.95089
    params:7: 0.94204
    params:8: 0.76754
    params:9: 0.0021776
    params:10: 0.0082748
    params:11: 0.24622
    log2po:-263.0227
  Maximum value.........:
    params:1: 0.89978
    params:2: 6.4474e-05
    params:3: 3.6862
    params:4: 0.021848
    params:5: 4.8923
    params:6: 0.99327
    params:7: 0.97433
    params:8: 0.92262
    params:9: 0.0034629
    params:10: 0.031046
    params:11: 0.49408
    log2po:-249.944
 
