% MH log file (Dynare).
% 06-Jun-2025 16:36:20.
 

% Session 1.
 
  Number of blocks...............: 1
  Number of simulations per block: 100000
 
  Initial values of the parameters:
    Blck 1params:
      1:2.2085
      2:0.9979
      3:3.4018
      4:0.0090207
      5:2.8545
      6:0.68642
      7:0.99952
      8:0.82204
      9:0.0010458
      10:0.0029862
      11:0.010755
    Blck 1logpo2:-127.5996
 
 
  CREATION OF THE MH HISTORY FILE!

    Expected number of files per block.......: 11.
    Expected number of lines in the last file: 3840.

    Initial state of the Gaussian random number generator for chain number 1:
      1
      1812433254
      3713160357
      3109174145
      64984499
      3392658084
      446538473
      2629760756
      2453345558
      1394803949
      1021787430
      2063496713
      1304877364
      1713639158
      889001601
      1651239412
      1450863289
      745575081
      361057727
      2288771950
      1463387568
      2249488362
      26637982
      204036717
      1655702041
      1329048465
      2092351466
      1681619666
      3220660315
      1301783610
      626286181
      294669048
      3537128440
      3259518248
      2550101273
      1160881866
      308703547
      295714668
      35508674
      1599247281
      376272024
      3166459937
      1852735737
      3680868867
      612352556
      2760189833
      3816750341
      699140493
      1087846865
      394927937
      2063539671
      645417889
      2337669049
      3773167612
      678121169
      3006984620
      1163491294
      2559287860
      543155592
      3194181347
      2463543297
      3875146860
      475483913
      3707568076
      3881808875
      1264657097
      208126250
      1802809301
      367907560
      2433375693
      2851326449
      2380707878
      2911758972
      4243386879
      2229228726
      828161871
      2871116151
      990638198
      178193628
      1012573979
      1223581943
      3333023583
      1901888414
      3913876750
      3168662389
      656194888
      1553610174
      466840498
      686407570
      280737523
      2476489017
      1272981410
      3189431979
      3294710282
      1564477163
      4133221553
      823708826
      880616227
      1730254897
      335723347
      2123911971
      344194767
      119099153
      2915257116
      3339825470
      2524942970
      1191117250
      3403812186
      3988972937
      2575395295
      4072737183
      663832315
      808080503
      724042340
      2966189542
      2499643239
      3309205581
      1915303227
      72616536
      387525935
      2791701251
      2190905566
      3740328774
      831297460
      3750964864
      2190112044
      899144100
      2346558003
      3851695829
      2896963823
      1548614403
      3676707405
      2050891594
      4165893148
      1883017153
      2668787527
      50330561
      2063572142
      1853585557
      1716111087
      2937248370
      1650859709
      2682305722
      565243175
      3922227187
      3482032705
      2809081500
      2099376873
      230358556
      1065827745
      196966939
      3268845630
      3625508265
      1477799595
      4149453740
      2757835686
      3032697936
      2200108791
      3421680711
      4145382259
      3605253072
      1186485728
      3520482151
      3080733463
      3887314157
      4030447755
      1699987022
      1393253586
      1710066407
      710337383
      3754612557
      2741088369
      337455371
      1304761604
      3592681639
      3099385187
      4003676405
      317081535
      997754381
      480565460
      3806265432
      1068029852
      776179010
      470617537
      3653875421
      2273571919
      1055365147
      1317172834
      3414733003
      2835400613
      28845217
      631741764
      2334552212
      3565466095
      1225096926
      1277781438
      2416008223
      1268768054
      2750789241
      267768398
      2175383438
      268654341
      2550530755
      2971623408
      1666669894
      1934871760
      509782083
      2798468670
      2834016892
      2494149255
      1965005899
      2653045765
      2317194903
      1297426078
      916214929
      2967861004
      2236807006
      2476725285
      128488253
      4277714156
      3016192551
      1690883702
      1329810641
      593010415
      2341313579
      1754238478
      1242698701
      2152594527
      2103269013
      926178633
      647225267
      4243787142
      1489208161
      3188798921
      1327553793
      3644600811
      684513652
      2606555057
      2705329549
      2557469018
      1294205096
      70104222
      3020083528
      2015571237
      2768573480
      401698695
      2812362809
      328919870
      984940142
      1653817439
      471643152
      538942283
      2040555667
      1211982999
      1663497772
      2941793728
      3001026698
      313271977
      3644502703
      2423950047
      2629046069
      3450826936
      44600781
      2633869288
      4267014746
      4204914470
      1955987363
      2590608885
      2120168063
      1460034243
      258056600
      3693550087
      779446436
      902696389
      4228701387
      3165791227
      3478614865
      1500865135
      905884796
      3682046467
      2437847832
      2595888219
      4144484663
      1299603103
      648536946
      1762836247
      4265749196
      950840266
      2928992722
      2051369009
      2071186450
      1164619682
      210405235
      1296628868
      2425474719
      4083386904
      1978331343
      3190898799
      602128683
      2003319330
      1043377147
      756690484
      24776626
      1835824233
      1156421176
      2125448878
      1333136189
      607751135
      4255614767
      4238533009
      2583175632
      230472465
      3037259757
      1546348932
      2537279411
      110471952
      520621708
      63613561
      2843673595
      775036
      1899744556
      1168115970
      2685086321
      3410250658
      3151102153
      634647644
      3639125394
      3344624764
      1525171811
      1878800371
      3356530116
      3676542926
      602053165
      2686708238
      3703555082
      3754961372
      3970030923
      1749014201
      3391107050
      2478152000
      2121779806
      2636689360
      769835312
      4230539591
      1909812524
      417081626
      3096519324
      387659697
      3764499249
      3452925463
      3818277698
      3008920324
      15253694
      1479260759
      2421328720
      2220743357
      38831551
      1032912064
      3400956198
      2362808832
      3988706866
      1950464958
      3248573125
      1225815945
      1211036180
      346407094
      3867176764
      1257086026
      2725236231
      2843735658
      4147241082
      1729974832
      1256499145
      3765975901
      784776076
      4288277427
      3903532520
      3431522864
      2792589977
      2935989154
      3536596892
      3512984120
      605476293
      1774961976
      981422589
      822525778
      3343539932
      422954622
      1323482938
      2523465420
      2746609356
      1664448205
      272567300
      711582493
      3625722107
      3615865699
      950619756
      2864168489
      108006277
      3976313352
      680217319
      173747636
      291134870
      198587329
      595310009
      941470866
      2438488368
      1681923153
      1654783272
      3531789254
      4149541715
      2922706987
      684907209
      3116688362
      3288142886
      3953377592
      3332428007
      1400401813
      3745921798
      1701705628
      3744511893
      1838265811
      3314032512
      3894840150
      3810031409
      181324387
      983160249
      1444959400
      3836664153
      3032673327
      310789231
      3701565562
      1407580781
      2511575629
      3113822685
      1777261998
      2208898751
      106383174
      2961020500
      995776421
      3306087121
      2181030035
      2300064751
      1909543740
      4023156173
      1671619075
      2151956104
      237668401
      3204511253
      1303668692
      3868259787
      2737897899
      4091026033
      2877780671
      134376279
      398912026
      863520778
      3712468923
      3443213666
      2183809552
      2597379302
      349776833
      274697715
      4266593710
      4282186769
      3530757867
      520237914
      3369037397
      2285670338
      387086485
      618942879
      219892882
      2008897906
      2293749560
      2907436476
      3853296593
      327550390
      1558751403
      2125694704
      1822570484
      2409968265
      436622776
      2691124090
      1080819771
      2958107334
      2667158841
      2117901613
      440045635
      3861104471
      3574962701
      3210299248
      1368601573
      2434039520
      86704919
      3628108033
      1909858745
      227461000
      2530509465
      838433817
      730224848
      1060658180
      1318482825
      233266846
      2352800845
      2086493219
      3826355555
      3174377690
      1455208243
      1356597942
      663563056
      2501819374
      4213535259
      1585241464
      873997246
      2597898744
      427064229
      1587746589
      259660817
      1688808891
      4165834345
      1359025114
      2013923952
      2963511711
      2903220732
      356112706
      501549847
      1609412897
      1685128111
      2639303606
      700554261
      914150235
      2010650618
      2029243163
      3046509911
      715702687
      2206956754
      3045298216
      2922667179
      2497577415
      3001819604
      706666890
      2275923855
      3094184383
      2781697712
      3292952666
      4238614078
      278500659
      1440033346
      1552714131
      336554687
      2842580609
      2255044310
      2180071372
      99970159
      2078552309
      1172694639
      1359399314
      546452524
      349053834
      3072254369
      3043246719
      3314426498
      1594992663
      3582269665
      2114045278
      585873328
      840739494
      3475778485
      1506518790
      4008486652
      229989333
      3582278212
      363921215
      3592842520
      1833533669
      708173875
      564248927
      853943228
      2282731374
      2874158047
      3978663285
      2332696531
      1354524859
      58121641
      1445193461
      1936635021
      3374328198
      3465253060
      385589199
      1819596280
      912895627
      1877426726
      733280947
      2004202992
      3311780711
      3732053191
      309903272
      97290141
      2945419335
      3916477072
      1326195031
      3740938055
      3604745262
      3633308956
      3392929431
      1257547457
      251825182
      3318700085
      847033774
      137350663
      1716455973
      546850455
      4227574519
      3044214953
      2259874013
      2442748258
      2956971336
      2198772379
      1269686727
      2648116105
      1339159363
      1473334647
      2386671612
      2069268389
      624
    Initial state of the Uniform random number generator for chain number 1:
      1
      1812433254
      3713160357
      3109174145
      64984499
      3392658084
      446538473
      2629760756
      2453345558
      1394803949
      1021787430
      2063496713
      1304877364
      1713639158
      889001601
      1651239412
      1450863289
      745575081
      361057727
      2288771950
      1463387568
      2249488362
      26637982
      204036717
      1655702041
      1329048465
      2092351466
      1681619666
      3220660315
      1301783610
      626286181
      294669048
      3537128440
      3259518248
      2550101273
      1160881866
      308703547
      295714668
      35508674
      1599247281
      376272024
      3166459937
      1852735737
      3680868867
      612352556
      2760189833
      3816750341
      699140493
      1087846865
      394927937
      2063539671
      645417889
      2337669049
      3773167612
      678121169
      3006984620
      1163491294
      2559287860
      543155592
      3194181347
      2463543297
      3875146860
      475483913
      3707568076
      3881808875
      1264657097
      208126250
      1802809301
      367907560
      2433375693
      2851326449
      2380707878
      2911758972
      4243386879
      2229228726
      828161871
      2871116151
      990638198
      178193628
      1012573979
      1223581943
      3333023583
      1901888414
      3913876750
      3168662389
      656194888
      1553610174
      466840498
      686407570
      280737523
      2476489017
      1272981410
      3189431979
      3294710282
      1564477163
      4133221553
      823708826
      880616227
      1730254897
      335723347
      2123911971
      344194767
      119099153
      2915257116
      3339825470
      2524942970
      1191117250
      3403812186
      3988972937
      2575395295
      4072737183
      663832315
      808080503
      724042340
      2966189542
      2499643239
      3309205581
      1915303227
      72616536
      387525935
      2791701251
      2190905566
      3740328774
      831297460
      3750964864
      2190112044
      899144100
      2346558003
      3851695829
      2896963823
      1548614403
      3676707405
      2050891594
      4165893148
      1883017153
      2668787527
      50330561
      2063572142
      1853585557
      1716111087
      2937248370
      1650859709
      2682305722
      565243175
      3922227187
      3482032705
      2809081500
      2099376873
      230358556
      1065827745
      196966939
      3268845630
      3625508265
      1477799595
      4149453740
      2757835686
      3032697936
      2200108791
      3421680711
      4145382259
      3605253072
      1186485728
      3520482151
      3080733463
      3887314157
      4030447755
      1699987022
      1393253586
      1710066407
      710337383
      3754612557
      2741088369
      337455371
      1304761604
      3592681639
      3099385187
      4003676405
      317081535
      997754381
      480565460
      3806265432
      1068029852
      776179010
      470617537
      3653875421
      2273571919
      1055365147
      1317172834
      3414733003
      2835400613
      28845217
      631741764
      2334552212
      3565466095
      1225096926
      1277781438
      2416008223
      1268768054
      2750789241
      267768398
      2175383438
      268654341
      2550530755
      2971623408
      1666669894
      1934871760
      509782083
      2798468670
      2834016892
      2494149255
      1965005899
      2653045765
      2317194903
      1297426078
      916214929
      2967861004
      2236807006
      2476725285
      128488253
      4277714156
      3016192551
      1690883702
      1329810641
      593010415
      2341313579
      1754238478
      1242698701
      2152594527
      2103269013
      926178633
      647225267
      4243787142
      1489208161
      3188798921
      1327553793
      3644600811
      684513652
      2606555057
      2705329549
      2557469018
      1294205096
      70104222
      3020083528
      2015571237
      2768573480
      401698695
      2812362809
      328919870
      984940142
      1653817439
      471643152
      538942283
      2040555667
      1211982999
      1663497772
      2941793728
      3001026698
      313271977
      3644502703
      2423950047
      2629046069
      3450826936
      44600781
      2633869288
      4267014746
      4204914470
      1955987363
      2590608885
      2120168063
      1460034243
      258056600
      3693550087
      779446436
      902696389
      4228701387
      3165791227
      3478614865
      1500865135
      905884796
      3682046467
      2437847832
      2595888219
      4144484663
      1299603103
      648536946
      1762836247
      4265749196
      950840266
      2928992722
      2051369009
      2071186450
      1164619682
      210405235
      1296628868
      2425474719
      4083386904
      1978331343
      3190898799
      602128683
      2003319330
      1043377147
      756690484
      24776626
      1835824233
      1156421176
      2125448878
      1333136189
      607751135
      4255614767
      4238533009
      2583175632
      230472465
      3037259757
      1546348932
      2537279411
      110471952
      520621708
      63613561
      2843673595
      775036
      1899744556
      1168115970
      2685086321
      3410250658
      3151102153
      634647644
      3639125394
      3344624764
      1525171811
      1878800371
      3356530116
      3676542926
      602053165
      2686708238
      3703555082
      3754961372
      3970030923
      1749014201
      3391107050
      2478152000
      2121779806
      2636689360
      769835312
      4230539591
      1909812524
      417081626
      3096519324
      387659697
      3764499249
      3452925463
      3818277698
      3008920324
      15253694
      1479260759
      2421328720
      2220743357
      38831551
      1032912064
      3400956198
      2362808832
      3988706866
      1950464958
      3248573125
      1225815945
      1211036180
      346407094
      3867176764
      1257086026
      2725236231
      2843735658
      4147241082
      1729974832
      1256499145
      3765975901
      784776076
      4288277427
      3903532520
      3431522864
      2792589977
      2935989154
      3536596892
      3512984120
      605476293
      1774961976
      981422589
      822525778
      3343539932
      422954622
      1323482938
      2523465420
      2746609356
      1664448205
      272567300
      711582493
      3625722107
      3615865699
      950619756
      2864168489
      108006277
      3976313352
      680217319
      173747636
      291134870
      198587329
      595310009
      941470866
      2438488368
      1681923153
      1654783272
      3531789254
      4149541715
      2922706987
      684907209
      3116688362
      3288142886
      3953377592
      3332428007
      1400401813
      3745921798
      1701705628
      3744511893
      1838265811
      3314032512
      3894840150
      3810031409
      181324387
      983160249
      1444959400
      3836664153
      3032673327
      310789231
      3701565562
      1407580781
      2511575629
      3113822685
      1777261998
      2208898751
      106383174
      2961020500
      995776421
      3306087121
      2181030035
      2300064751
      1909543740
      4023156173
      1671619075
      2151956104
      237668401
      3204511253
      1303668692
      3868259787
      2737897899
      4091026033
      2877780671
      134376279
      398912026
      863520778
      3712468923
      3443213666
      2183809552
      2597379302
      349776833
      274697715
      4266593710
      4282186769
      3530757867
      520237914
      3369037397
      2285670338
      387086485
      618942879
      219892882
      2008897906
      2293749560
      2907436476
      3853296593
      327550390
      1558751403
      2125694704
      1822570484
      2409968265
      436622776
      2691124090
      1080819771
      2958107334
      2667158841
      2117901613
      440045635
      3861104471
      3574962701
      3210299248
      1368601573
      2434039520
      86704919
      3628108033
      1909858745
      227461000
      2530509465
      838433817
      730224848
      1060658180
      1318482825
      233266846
      2352800845
      2086493219
      3826355555
      3174377690
      1455208243
      1356597942
      663563056
      2501819374
      4213535259
      1585241464
      873997246
      2597898744
      427064229
      1587746589
      259660817
      1688808891
      4165834345
      1359025114
      2013923952
      2963511711
      2903220732
      356112706
      501549847
      1609412897
      1685128111
      2639303606
      700554261
      914150235
      2010650618
      2029243163
      3046509911
      715702687
      2206956754
      3045298216
      2922667179
      2497577415
      3001819604
      706666890
      2275923855
      3094184383
      2781697712
      3292952666
      4238614078
      278500659
      1440033346
      1552714131
      336554687
      2842580609
      2255044310
      2180071372
      99970159
      2078552309
      1172694639
      1359399314
      546452524
      349053834
      3072254369
      3043246719
      3314426498
      1594992663
      3582269665
      2114045278
      585873328
      840739494
      3475778485
      1506518790
      4008486652
      229989333
      3582278212
      363921215
      3592842520
      1833533669
      708173875
      564248927
      853943228
      2282731374
      2874158047
      3978663285
      2332696531
      1354524859
      58121641
      1445193461
      1936635021
      3374328198
      3465253060
      385589199
      1819596280
      912895627
      1877426726
      733280947
      2004202992
      3311780711
      3732053191
      309903272
      97290141
      2945419335
      3916477072
      1326195031
      3740938055
      3604745262
      3633308956
      3392929431
      1257547457
      251825182
      3318700085
      847033774
      137350663
      1716455973
      546850455
      4227574519
      3044214953
      2259874013
      2442748258
      2956971336
      2198772379
      1269686727
      2648116105
      1339159363
      1473334647
      2386671612
      2069268389
      624
 

% Mh1Blck1 (06-Jun-2025 16:38:40)
 
  Number of simulations.: 9616
  Acceptance ratio......: 0.3697
  Posterior mean........:
    params:1: 2.2039
    params:2: 0.99803
    params:3: 3.4165
    params:4: 0.0089279
    params:5: 2.872
    params:6: 0.67761
    params:7: 0.99951
    params:8: 0.82304
    params:9: 0.001056
    params:10: 0.0032622
    params:11: 0.012167
    log2po:-128.9801
  Minimum value.........:
    params:1: 2.196
    params:2: 0.99786
    params:3: 3.3988
    params:4: 0.008815
    params:5: 2.8472
    params:6: 0.66969
    params:7: 0.99927
    params:8: 0.82148
    params:9: 0.0010427
    params:10: 0.0027511
    params:11: 0.0098494
    log2po:-135.3581
  Maximum value.........:
    params:1: 2.2111
    params:2: 0.99819
    params:3: 3.434
    params:4: 0.0090458
    params:5: 2.896
    params:6: 0.68749
    params:7: 0.99966
    params:8: 0.82441
    params:9: 0.0010687
    params:10: 0.0037957
    params:11: 0.014588
    log2po:-127.5602
 

% Mh2Blck1 (06-Jun-2025 16:41:10)
 
  Number of simulations.: 9616
  Acceptance ratio......: 0.37552
  Posterior mean........:
    params:1: 2.2048
    params:2: 0.99796
    params:3: 3.4098
    params:4: 0.0090618
    params:5: 2.8789
    params:6: 0.68273
    params:7: 0.99949
    params:8: 0.82438
    params:9: 0.0010575
    params:10: 0.0035583
    params:11: 0.011196
    log2po:-128.7443
  Minimum value.........:
    params:1: 2.1979
    params:2: 0.9977
    params:3: 3.3867
    params:4: 0.0088764
    params:5: 2.8532
    params:6: 0.6708
    params:7: 0.99927
    params:8: 0.823
    params:9: 0.0010508
    params:10: 0.0031916
    params:11: 0.0091594
    log2po:-135.7786
  Maximum value.........:
    params:1: 2.2141
    params:2: 0.99822
    params:3: 3.4296
    params:4: 0.0092435
    params:5: 2.8982
    params:6: 0.69506
    params:7: 0.99964
    params:8: 0.82589
    params:9: 0.0010657
    params:10: 0.0038743
    params:11: 0.013566
    log2po:-127.5439
 

% Mh3Blck1 (06-Jun-2025 16:43:38)
 
  Number of simulations.: 9616
  Acceptance ratio......: 0.37916
  Posterior mean........:
    params:1: 2.2038
    params:2: 0.99777
    params:3: 3.3992
    params:4: 0.0090376
    params:5: 2.8865
    params:6: 0.69417
    params:7: 0.9995
    params:8: 0.82275
    params:9: 0.0010538
    params:10: 0.0037497
    params:11: 0.011997
    log2po:-129.2567
  Minimum value.........:
    params:1: 2.1954
    params:2: 0.99766
    params:3: 3.3851
    params:4: 0.0089001
    params:5: 2.8563
    params:6: 0.68928
    params:7: 0.99929
    params:8: 0.8209
    params:9: 0.00104
    params:10: 0.0033332
    params:11: 0.0096441
    log2po:-135.6198
  Maximum value.........:
    params:1: 2.2124
    params:2: 0.99788
    params:3: 3.4123
    params:4: 0.0091783
    params:5: 2.913
    params:6: 0.69731
    params:7: 0.99967
    params:8: 0.82474
    params:9: 0.0010664
    params:10: 0.0041532
    params:11: 0.014351
    log2po:-127.6086
 

% Mh4Blck1 (06-Jun-2025 16:45:56)
 
  Number of simulations.: 9616
  Acceptance ratio......: 0.36866
  Posterior mean........:
    params:1: 2.2119
    params:2: 0.99761
    params:3: 3.3827
    params:4: 0.0090246
    params:5: 2.8735
    params:6: 0.70145
    params:7: 0.99952
    params:8: 0.82328
    params:9: 0.0010537
    params:10: 0.0035132
    params:11: 0.011297
    log2po:-128.9646
  Minimum value.........:
    params:1: 2.1988
    params:2: 0.99744
    params:3: 3.3659
    params:4: 0.0088321
    params:5: 2.8529
    params:6: 0.69339
    params:7: 0.99926
    params:8: 0.82088
    params:9: 0.0010386
    params:10: 0.0031109
    params:11: 0.0091159
    log2po:-135.5373
  Maximum value.........:
    params:1: 2.2203
    params:2: 0.99776
    params:3: 3.404
    params:4: 0.0091626
    params:5: 2.9002
    params:6: 0.70851
    params:7: 0.9997
    params:8: 0.8253
    params:9: 0.0010698
    params:10: 0.0042905
    params:11: 0.014852
    log2po:-127.674
 

% Mh5Blck1 (06-Jun-2025 16:48:15)
 
  Number of simulations.: 9616
  Acceptance ratio......: 0.33746
  Posterior mean........:
    params:1: 2.2211
    params:2: 0.99752
    params:3: 3.371
    params:4: 0.0090096
    params:5: 2.8458
    params:6: 0.70343
    params:7: 0.99955
    params:8: 0.82421
    params:9: 0.0010407
    params:10: 0.0028977
    params:11: 0.0093896
    log2po:-129.2712
  Minimum value.........:
    params:1: 2.215
    params:2: 0.99742
    params:3: 3.3617
    params:4: 0.0089275
    params:5: 2.8265
    params:6: 0.70071
    params:7: 0.99932
    params:8: 0.82182
    params:9: 0.0010351
    params:10: 0.0026177
    params:11: 0.0071848
    log2po:-136.514
  Maximum value.........:
    params:1: 2.2277
    params:2: 0.99763
    params:3: 3.3782
    params:4: 0.009115
    params:5: 2.8656
    params:6: 0.70724
    params:7: 0.99968
    params:8: 0.82613
    params:9: 0.0010483
    params:10: 0.0032734
    params:11: 0.01143
    log2po:-127.6916
 

% Mh6Blck1 (06-Jun-2025 16:50:33)
 
  Number of simulations.: 9616
  Acceptance ratio......: 0.34391
  Posterior mean........:
    params:1: 2.2203
    params:2: 0.99761
    params:3: 3.3764
    params:4: 0.0090486
    params:5: 2.8472
    params:6: 0.70078
    params:7: 0.9995
    params:8: 0.82419
    params:9: 0.0010424
    params:10: 0.0031194
    params:11: 0.0089916
    log2po:-129.2193
  Minimum value.........:
    params:1: 2.2132
    params:2: 0.99747
    params:3: 3.3647
    params:4: 0.008969
    params:5: 2.8268
    params:6: 0.69416
    params:7: 0.99929
    params:8: 0.82149
    params:9: 0.0010365
    params:10: 0.0028054
    params:11: 0.0072951
    log2po:-134.5768
  Maximum value.........:
    params:1: 2.2272
    params:2: 0.99775
    params:3: 3.3896
    params:4: 0.009153
    params:5: 2.8688
    params:6: 0.70706
    params:7: 0.99965
    params:8: 0.82626
    params:9: 0.0010498
    params:10: 0.0035345
    params:11: 0.011064
    log2po:-127.8677
 

% Mh7Blck1 (06-Jun-2025 16:52:49)
 
  Number of simulations.: 9616
  Acceptance ratio......: 0.36897
  Posterior mean........:
    params:1: 2.2131
    params:2: 0.9978
    params:3: 3.3841
    params:4: 0.0091412
    params:5: 2.8758
    params:6: 0.70314
    params:7: 0.99951
    params:8: 0.82248
    params:9: 0.0010355
    params:10: 0.0035533
    params:11: 0.0095917
    log2po:-129.4221
  Minimum value.........:
    params:1: 2.2081
    params:2: 0.99766
    params:3: 3.3751
    params:4: 0.0089747
    params:5: 2.86
    params:6: 0.69399
    params:7: 0.99929
    params:8: 0.82096
    params:9: 0.0010294
    params:10: 0.0032297
    params:11: 0.0077751
    log2po:-135.6096
  Maximum value.........:
    params:1: 2.22
    params:2: 0.99797
    params:3: 3.3929
    params:4: 0.0092425
    params:5: 2.8926
    params:6: 0.70768
    params:7: 0.99967
    params:8: 0.82525
    params:9: 0.0010422
    params:10: 0.0039692
    params:11: 0.011347
    log2po:-127.9812
 

% Mh8Blck1 (06-Jun-2025 16:55:18)
 
  Number of simulations.: 9616
  Acceptance ratio......: 0.36762
  Posterior mean........:
    params:1: 2.2078
    params:2: 0.99792
    params:3: 3.3847
    params:4: 0.0091049
    params:5: 2.8793
    params:6: 0.70225
    params:7: 0.99949
    params:8: 0.82406
    params:9: 0.0010436
    params:10: 0.0036466
    params:11: 0.0092796
    log2po:-129.5536
  Minimum value.........:
    params:1: 2.2026
    params:2: 0.99779
    params:3: 3.3728
    params:4: 0.0089865
    params:5: 2.8669
    params:6: 0.69918
    params:7: 0.99924
    params:8: 0.82208
    params:9: 0.0010328
    params:10: 0.003415
    params:11: 0.0076163
    log2po:-136.6
  Maximum value.........:
    params:1: 2.2134
    params:2: 0.99802
    params:3: 3.3928
    params:4: 0.0092269
    params:5: 2.8953
    params:6: 0.7081
    params:7: 0.99965
    params:8: 0.82604
    params:9: 0.001052
    params:10: 0.0039336
    params:11: 0.010482
    log2po:-128.4009
 

% Mh9Blck1 (06-Jun-2025 16:57:38)
 
  Number of simulations.: 9616
  Acceptance ratio......: 0.37916
  Posterior mean........:
    params:1: 2.2028
    params:2: 0.9978
    params:3: 3.3932
    params:4: 0.0089329
    params:5: 2.8792
    params:6: 0.69626
    params:7: 0.99947
    params:8: 0.82829
    params:9: 0.0010433
    params:10: 0.0037532
    params:11: 0.009925
    log2po:-129.3858
  Minimum value.........:
    params:1: 2.1979
    params:2: 0.99771
    params:3: 3.3818
    params:4: 0.0088583
    params:5: 2.8599
    params:6: 0.69261
    params:7: 0.99918
    params:8: 0.82569
    params:9: 0.0010324
    params:10: 0.0035659
    params:11: 0.0079851
    log2po:-137.1913
  Maximum value.........:
    params:1: 2.2097
    params:2: 0.99787
    params:3: 3.4035
    params:4: 0.0090219
    params:5: 2.897
    params:6: 0.70137
    params:7: 0.99964
    params:8: 0.82998
    params:9: 0.0010583
    params:10: 0.0039325
    params:11: 0.011398
    log2po:-128.5436
 

% Mh10Blck1 (06-Jun-2025 16:59:51)
 
  Number of simulations.: 9616
  Acceptance ratio......: 0.37708
  Posterior mean........:
    params:1: 2.2038
    params:2: 0.99768
    params:3: 3.3866
    params:4: 0.0089261
    params:5: 2.8669
    params:6: 0.69438
    params:7: 0.99948
    params:8: 0.82861
    params:9: 0.0010466
    params:10: 0.0035246
    params:11: 0.0098225
    log2po:-128.8044
  Minimum value.........:
    params:1: 2.1988
    params:2: 0.99749
    params:3: 3.3791
    params:4: 0.0088505
    params:5: 2.8554
    params:6: 0.69011
    params:7: 0.99927
    params:8: 0.82615
    params:9: 0.001038
    params:10: 0.0032091
    params:11: 0.0085222
    log2po:-134.3459
  Maximum value.........:
    params:1: 2.2077
    params:2: 0.99783
    params:3: 3.3981
    params:4: 0.0089898
    params:5: 2.8856
    params:6: 0.69721
    params:7: 0.99964
    params:8: 0.83068
    params:9: 0.0010525
    params:10: 0.0038891
    params:11: 0.011399
    log2po:-127.9628
 

% Mh11Blck1 (06-Jun-2025 17:00:48)
 
  Number of simulations.: 3840
  Acceptance ratio......: 0.36823
  Posterior mean........:
    params:1: 2.1947
    params:2: 0.99782
    params:3: 3.4051
    params:4: 0.0088597
    params:5: 2.8908
    params:6: 0.6856
    params:7: 0.99953
    params:8: 0.82582
    params:9: 0.0010509
    params:10: 0.003589
    params:11: 0.012459
    log2po:-129.2706
  Minimum value.........:
    params:1: 2.1899
    params:2: 0.99775
    params:3: 3.395
    params:4: 0.0087997
    params:5: 2.8778
    params:6: 0.68088
    params:7: 0.99931
    params:8: 0.82355
    params:9: 0.0010414
    params:10: 0.0032632
    params:11: 0.011106
    log2po:-135.5749
  Maximum value.........:
    params:1: 2.2002
    params:2: 0.99793
    params:3: 3.4148
    params:4: 0.0089532
    params:5: 2.905
    params:6: 0.69087
    params:7: 0.99968
    params:8: 0.82745
    params:9: 0.0010583
    params:10: 0.0038611
    params:11: 0.013829
    log2po:-128.0298
 
